<?xml version="1.0" encoding="utf-8"?>
<testsuites>
	<testcase name="map_ui_test: coverage and exclusions are the first visible section" time="0.052343" classname="test" file="C:\dev\insight\Epistemic-Foundry\web\src\features\map\map-ui.test.mjs"/>
	<testcase name="map_ui_test: unresolved edges remain visible and excluded in every dimension" time="0.038541" classname="test" file="C:\dev\insight\Epistemic-Foundry\web\src\features\map\map-ui.test.mjs"/>
	<testcase name="map_ui_test: four ranking dimensions remain separate per node" time="0.037462" classname="test" file="C:\dev\insight\Epistemic-Foundry\web\src\features\map\map-ui.test.mjs"/>
	<testcase name="map_ui_test: no aggregate importance, confidence, verdict, or semantic rank is invented" time="0.031501" classname="test" file="C:\dev\insight\Epistemic-Foundry\web\src\features\map\map-ui.test.mjs"/>
	<testcase name="map_ui_test: query and semantic status retain explicit null semantics" time="0.033604" classname="test" file="C:\dev\insight\Epistemic-Foundry\web\src\features\map\map-ui.test.mjs"/>
	<testcase name="map_ui_test: algorithm name, version, artifact hash, and labels are visible" time="0.034868" classname="test" file="C:\dev\insight\Epistemic-Foundry\web\src\features\map\map-ui.test.mjs"/>
	<testcase name="map_ui_test: intrinsic risk is not inferred from blast radius" time="0.033545" classname="test" file="C:\dev\insight\Epistemic-Foundry\web\src\features\map\map-ui.test.mjs"/>
	<testcase name="map_ui_test: untrusted label, query, and unresolved hint are HTML escaped" time="0.032212" classname="test" file="C:\dev\insight\Epistemic-Foundry\web\src\features\map\map-ui.test.mjs"/>
	<testcase name="map_ui_test: rendered coverage precedes algorithm and entity sections" time="0.035339" classname="test" file="C:\dev\insight\Epistemic-Foundry\web\src\features\map\map-ui.test.mjs"/>
	<testcase name="map_ui_test: view building is deterministic, deeply frozen, and input preserving" time="0.060017" classname="test" file="C:\dev\insight\Epistemic-Foundry\web\src\features\map\map-ui.test.mjs"/>
	<testcase name="map_ui_test: tampered upstream artifacts fail closed" time="0.016037" classname="test" file="C:\dev\insight\Epistemic-Foundry\web\src\features\map\map-ui.test.mjs"/>
	<testcase name="map_ui_test: top-level proxies, accessors, and unknown fields fail without execution" time="0.006716" classname="test" file="C:\dev\insight\Epistemic-Foundry\web\src\features\map\map-ui.test.mjs"/>
	<testcase name="ranking_claim_audit: exact closed claim set passes" time="0.045119" classname="test" file="C:\dev\insight\Epistemic-Foundry\web\src\features\map\ranking-claim-audit.test.mjs"/>
	<testcase name="ranking_claim_audit: generic RANKED or importance claims have no authority" time="0.031074" classname="test" file="C:\dev\insight\Epistemic-Foundry\web\src\features\map\ranking-claim-audit.test.mjs"/>
	<testcase name="ranking_claim_audit: algorithm label cannot be changed to importance" time="0.027659" classname="test" file="C:\dev\insight\Epistemic-Foundry\web\src\features\map\ranking-claim-audit.test.mjs"/>
	<testcase name="ranking_claim_audit: algorithm name and version must match the sealed artifact" time="0.052463" classname="test" file="C:\dev\insight\Epistemic-Foundry\web\src\features\map\ranking-claim-audit.test.mjs"/>
	<testcase name="ranking_claim_audit: artifact hash tampering is rejected" time="0.024218" classname="test" file="C:\dev\insight\Epistemic-Foundry\web\src\features\map\ranking-claim-audit.test.mjs"/>
	<testcase name="ranking_claim_audit: ranking order tampering is rejected" time="0.023560" classname="test" file="C:\dev\insight\Epistemic-Foundry\web\src\features\map\ranking-claim-audit.test.mjs"/>
	<testcase name="ranking_claim_audit: unresolved-edge exclusions cannot be hidden" time="0.024745" classname="test" file="C:\dev\insight\Epistemic-Foundry\web\src\features\map\ranking-claim-audit.test.mjs"/>
	<testcase name="ranking_claim_audit: risk and blast-radius score semantics cannot be conflated" time="0.026235" classname="test" file="C:\dev\insight\Epistemic-Foundry\web\src\features\map\ranking-claim-audit.test.mjs"/>
	<testcase name="ranking_claim_audit: absent query cannot be advertised as ranked" time="0.029063" classname="test" file="C:\dev\insight\Epistemic-Foundry\web\src\features\map\ranking-claim-audit.test.mjs"/>
	<testcase name="ranking_claim_audit: missing, duplicate, and reordered claims fail closed" time="0.076609" classname="test" file="C:\dev\insight\Epistemic-Foundry\web\src\features\map\ranking-claim-audit.test.mjs"/>
	<testcase name="ranking_claim_audit: unknown fields are rejected rather than ignored" time="0.021509" classname="test" file="C:\dev\insight\Epistemic-Foundry\web\src\features\map\ranking-claim-audit.test.mjs"/>
	<testcase name="ranking_claim_audit: proxy, accessor, and sparse claim arrays fail without execution" time="0.072032" classname="test" file="C:\dev\insight\Epistemic-Foundry\web\src\features\map\ranking-claim-audit.test.mjs"/>
	<testcase name="ranking_claim_audit: upstream artifact tampering cannot be laundered by matching prose" time="0.027259" classname="test" file="C:\dev\insight\Epistemic-Foundry\web\src\features\map\ranking-claim-audit.test.mjs"/>
	<testcase name="ranking_claim_audit: claim derivation is deterministic across input permutation" time="0.070740" classname="test" file="C:\dev\insight\Epistemic-Foundry\web\src\features\map\ranking-claim-audit.test.mjs"/>
	<!-- tests 26 -->
	<!-- suites 0 -->
	<!-- pass 26 -->
	<!-- fail 0 -->
	<!-- cancelled 0 -->
	<!-- skipped 0 -->
	<!-- todo 0 -->
	<!-- duration_ms 1158.9789 -->
</testsuites>
