<?xml version="1.0" encoding="utf-8"?>
<testsuites>
	<testcase name="K04 corpus instruction remains data: corpus-pdf-role-override" time="0.003585" classname="test" file="C:\dev\insight\Epistemic-Foundry\tests\security\corpus\corpus-injection.test.mjs"/>
	<testcase name="K04 corpus instruction remains data: corpus-web-tool-request" time="0.000357" classname="test" file="C:\dev\insight\Epistemic-Foundry\tests\security\corpus\corpus-injection.test.mjs"/>
	<testcase name="K04 corpus instruction remains data: corpus-dataset-forged-authority" time="0.000179" classname="test" file="C:\dev\insight\Epistemic-Foundry\tests\security\corpus\corpus-injection.test.mjs"/>
	<testcase name="K04 clean scans and trusted extraction labels still cannot confer authority" time="0.000190" classname="test" file="C:\dev\insight\Epistemic-Foundry\tests\security\corpus\corpus-injection.test.mjs"/>
	<testcase name="K04 data-only context cannot expose an instruction or execution channel" time="0.000383" classname="test" file="C:\dev\insight\Epistemic-Foundry\tests\security\corpus\corpus-injection.test.mjs"/>
	<testcase name="K04 forged corpus sidecar authority is rejected before sealing" time="0.000106" classname="test" file="C:\dev\insight\Epistemic-Foundry\tests\security\corpus\corpus-injection.test.mjs"/>
	<testcase name="S04-RT001 untrusted text cannot cross from evidence/model data into approval or policy authority" time="0.006942" classname="test" file="C:\dev\insight\Epistemic-Foundry\tests\security\s04-red-team.test.mjs"/>
	<testcase name="S04-RT002 opaque handles and secret-shaped payloads cannot bypass outbound boundaries" time="0.001411" classname="test" file="C:\dev\insight\Epistemic-Foundry\tests\security\s04-red-team.test.mjs"/>
	<testcase name="S04-RT003 path, egress, sandbox-profile, and foreign-policy bypasses fail closed" time="0.004840" classname="test" file="C:\dev\insight\Epistemic-Foundry\tests\security\s04-red-team.test.mjs"/>
	<testcase name="S04-RT004 malicious package hooks, symlinks, signature claims, and obfuscation remain critical" time="0.000983" classname="test" file="C:\dev\insight\Epistemic-Foundry\tests\security\s04-red-team.test.mjs"/>
	<testcase name="S04-RT005 signature claims, copied lockfiles, and permission expansion cannot authorize activation" time="0.002328" classname="test" file="C:\dev\insight\Epistemic-Foundry\tests\security\s04-red-team.test.mjs"/>
	<testcase name="S04-RT006 name shadowing, implicit invocation, and unverifiable uninstall block conformance" time="0.000915" classname="test" file="C:\dev\insight\Epistemic-Foundry\tests\security\s04-red-team.test.mjs"/>
	<testcase name="S04-RT007 authority brands remain non-fungible across security compartments" time="0.000683" classname="test" file="C:\dev\insight\Epistemic-Foundry\tests\security\s04-red-team.test.mjs"/>
	<testcase name="S04-TM001 traceability matrix covers every S04-owned audit lens without inflating deferred controls" time="0.029136" classname="test" file="C:\dev\insight\Epistemic-Foundry\tests\security\s04-threat-model-traceability.test.mjs"/>
	<testcase name="S04-TM002 every plugin threat has a control, a verification path, and an honest residual limit" time="0.016016" classname="test" file="C:\dev\insight\Epistemic-Foundry\tests\security\s04-threat-model-traceability.test.mjs"/>
	<testcase name="S04-TM003 hook bypass and primitive enforcement limitations are explicit and release-safe" time="0.000282" classname="test" file="C:\dev\insight\Epistemic-Foundry\tests\security\s04-threat-model-traceability.test.mjs"/>
	<testcase name="S04-TM004 traceability source bindings fail on undocumented contract drift" time="0.045861" classname="test" file="C:\dev\insight\Epistemic-Foundry\tests\security\s04-threat-model-traceability.test.mjs"/>
	<!-- tests 17 -->
	<!-- suites 0 -->
	<!-- pass 17 -->
	<!-- fail 0 -->
	<!-- cancelled 0 -->
	<!-- skipped 0 -->
	<!-- todo 0 -->
	<!-- duration_ms 434.8634 -->
</testsuites>
