<?xml version="1.0" encoding="utf-8"?>
<testsuites>
	<testcase name="effect_reconciliation_test: UNKNOWN blocks retry until an observed reconciliation resolves it" time="0.935447" classname="test" file="C:\dev\insight\Epistemic-Foundry\packages\foundry-kernel\src\effects\effect-reconciliation.test.mjs"/>
	<testcase name="effect_reconciliation_test: crash before receipt is unresolved, not narrated failure or success" time="0.474633" classname="test" file="C:\dev\insight\Epistemic-Foundry\packages\foundry-kernel\src\effects\effect-reconciliation.test.mjs"/>
	<testcase name="effect_reconciliation_test: executor narration cannot replace an evidence-bound EffectReceipt" time="0.292761" classname="test" file="C:\dev\insight\Epistemic-Foundry\packages\foundry-kernel\src\effects\effect-reconciliation.test.mjs"/>
	<testcase name="effect_reconciliation_test: a durable receipt missing its ledger event is not completion" time="0.754850" classname="test" file="C:\dev\insight\Epistemic-Foundry\packages\foundry-kernel\src\effects\effect-reconciliation.test.mjs"/>
	<testcase name="effect_reconciliation_test: receipt mutation and cross-intent binding fail closed" time="0.331134" classname="test" file="C:\dev\insight\Epistemic-Foundry\packages\foundry-kernel\src\effects\effect-reconciliation.test.mjs"/>
	<testcase name="effect_reconciliation_test: attempt chronology cannot precede intent or prior reconciliation" time="0.350139" classname="test" file="C:\dev\insight\Epistemic-Foundry\packages\foundry-kernel\src\effects\effect-reconciliation.test.mjs"/>
	<testcase name="effect_reconciliation_test: an attempt event crash blocks receipt creation until exact replay repairs it" time="0.338453" classname="test" file="C:\dev\insight\Epistemic-Foundry\packages\foundry-kernel\src\effects\effect-reconciliation.test.mjs"/>
	<testcase name="effect_reconciliation_test: reconciliation retains external operation identity" time="0.454241" classname="test" file="C:\dev\insight\Epistemic-Foundry\packages\foundry-kernel\src\effects\effect-reconciliation.test.mjs"/>
	<testcase name="effect_reconciliation_test: crash after ledger append requires durable confirmation replay" time="0.592664" classname="test" file="C:\dev\insight\Epistemic-Foundry\packages\foundry-kernel\src\effects\effect-reconciliation.test.mjs"/>
	<testcase name="effect_reconciliation_test: emitted ActionIntent and EffectReceipt pass canonical schemas" time="1.357056" classname="test" file="C:\dev\insight\Epistemic-Foundry\packages\foundry-kernel\src\effects\effect-reconciliation.test.mjs"/>
	<testcase name="idempotency_test: same key and same canonical intent replays one logical registration" time="0.211718" classname="test" file="C:\dev\insight\Epistemic-Foundry\packages\foundry-kernel\src\effects\idempotency.test.mjs"/>
	<testcase name="idempotency_test: same key with a different canonical request is a conflict" time="0.136455" classname="test" file="C:\dev\insight\Epistemic-Foundry\packages\foundry-kernel\src\effects\idempotency.test.mjs"/>
	<testcase name="idempotency_test: an intent ID cannot be rebound under a different key" time="0.158837" classname="test" file="C:\dev\insight\Epistemic-Foundry\packages\foundry-kernel\src\effects\idempotency.test.mjs"/>
	<testcase name="idempotency_test: retrying one attempt never grants a second execution" time="0.292612" classname="test" file="C:\dev\insight\Epistemic-Foundry\packages\foundry-kernel\src\effects\idempotency.test.mjs"/>
	<testcase name="idempotency_test: retrying one receipt returns the existing logical result" time="0.581463" classname="test" file="C:\dev\insight\Epistemic-Foundry\packages\foundry-kernel\src\effects\idempotency.test.mjs"/>
	<testcase name="idempotency_test: attempt and receipt IDs are immutable identities" time="0.604343" classname="test" file="C:\dev\insight\Epistemic-Foundry\packages\foundry-kernel\src\effects\idempotency.test.mjs"/>
	<testcase name="idempotency_test: hashes reject mutation, accessors, and hostile coercion" time="0.041096" classname="test" file="C:\dev\insight\Epistemic-Foundry\packages\foundry-kernel\src\effects\idempotency.test.mjs"/>
	<testcase name="idempotency_test: immutable older attempt and receipt replays remain idempotent" time="1.411390" classname="test" file="C:\dev\insight\Epistemic-Foundry\packages\foundry-kernel\src\effects\idempotency.test.mjs"/>
	<testcase name="idempotency_test: concurrent same-attempt callers grant execution once" time="0.416582" classname="test" file="C:\dev\insight\Epistemic-Foundry\packages\foundry-kernel\src\effects\idempotency.test.mjs"/>
	<!-- tests 19 -->
	<!-- suites 0 -->
	<!-- pass 19 -->
	<!-- fail 0 -->
	<!-- cancelled 0 -->
	<!-- skipped 0 -->
	<!-- todo 0 -->
	<!-- duration_ms 10009.1016 -->
</testsuites>
