<?xml version="1.0" encoding="utf-8"?>
<testsuites>
	<testcase name="g05_refuse: a command the specification never proposes is refused" time="0.119453" classname="test" file="C:\dev\insight\Epistemic-Foundry\plugin_blueprint\epistemic-foundry\v4_g05\surface-adversarial.test.mjs"/>
	<testcase name="g05_refuse: declaring an existing command as merely proposed is refused" time="0.114937" classname="test" file="C:\dev\insight\Epistemic-Foundry\plugin_blueprint\epistemic-foundry\v4_g05\surface-adversarial.test.mjs"/>
	<testcase name="g05_refuse: two skills claiming one command is refused" time="0.118076" classname="test" file="C:\dev\insight\Epistemic-Foundry\plugin_blueprint\epistemic-foundry\v4_g05\surface-adversarial.test.mjs"/>
	<testcase name="g05_refuse: a proposed command nobody owns is refused" time="0.115486" classname="test" file="C:\dev\insight\Epistemic-Foundry\plugin_blueprint\epistemic-foundry\v4_g05\surface-adversarial.test.mjs"/>
	<testcase name="g05_refuse: naming a command the tool surface does not project is refused" time="0.114207" classname="test" file="C:\dev\insight\Epistemic-Foundry\plugin_blueprint\epistemic-foundry\v4_g05\surface-adversarial.test.mjs"/>
	<testcase name="g05_refuse: naming the promotion command is refused" time="0.114187" classname="test" file="C:\dev\insight\Epistemic-Foundry\plugin_blueprint\epistemic-foundry\v4_g05\surface-adversarial.test.mjs"/>
	<testcase name="g05_refuse: naming the passport publication command is refused" time="0.110988" classname="test" file="C:\dev\insight\Epistemic-Foundry\plugin_blueprint\epistemic-foundry\v4_g05\surface-adversarial.test.mjs"/>
	<testcase name="g05_refuse: weakening the denied-authority set is refused" time="0.084860" classname="test" file="C:\dev\insight\Epistemic-Foundry\plugin_blueprint\epistemic-foundry\v4_g05\surface-adversarial.test.mjs"/>
	<testcase name="g05_refuse: an authority predicate that matches nothing is refused as vacuous" time="0.109401" classname="test" file="C:\dev\insight\Epistemic-Foundry\plugin_blueprint\epistemic-foundry\v4_g05\surface-adversarial.test.mjs"/>
	<testcase name="g05_refuse: mutating a genome outside the sealed search space is refused" time="0.113734" classname="test" file="C:\dev\insight\Epistemic-Foundry\plugin_blueprint\epistemic-foundry\v4_g05\surface-adversarial.test.mjs"/>
	<testcase name="g05_refuse: dropping an evolution skill from the surface is refused" time="0.102609" classname="test" file="C:\dev\insight\Epistemic-Foundry\plugin_blueprint\epistemic-foundry\v4_g05\surface-adversarial.test.mjs"/>
	<testcase name="g05_refuse: adding a skill the membership rule excludes is refused" time="0.105177" classname="test" file="C:\dev\insight\Epistemic-Foundry\plugin_blueprint\epistemic-foundry\v4_g05\surface-adversarial.test.mjs"/>
	<testcase name="g05_refuse: an unsorted declaration is refused" time="0.102088" classname="test" file="C:\dev\insight\Epistemic-Foundry\plugin_blueprint\epistemic-foundry\v4_g05\surface-adversarial.test.mjs"/>
	<testcase name="g05_refuse: a repeated command entry is refused" time="0.103531" classname="test" file="C:\dev\insight\Epistemic-Foundry\plugin_blueprint\epistemic-foundry\v4_g05\surface-adversarial.test.mjs"/>
	<testcase name="g05_refuse: an unexpected field on a skill row is refused" time="0.107025" classname="test" file="C:\dev\insight\Epistemic-Foundry\plugin_blueprint\epistemic-foundry\v4_g05\surface-adversarial.test.mjs"/>
	<testcase name="g05_refuse: a surface whose parent is not the inventory parent is refused" time="0.101203" classname="test" file="C:\dev\insight\Epistemic-Foundry\plugin_blueprint\epistemic-foundry\v4_g05\surface-adversarial.test.mjs"/>
	<testcase name="g05_refuse: a payload skill edited after the inventory was sealed is refused" time="0.089273" classname="test" file="C:\dev\insight\Epistemic-Foundry\plugin_blueprint\epistemic-foundry\v4_g05\surface-adversarial.test.mjs"/>
	<testcase name="g05_refuse: an inventory whose stated hash was rewritten is refused" time="0.107108" classname="test" file="C:\dev\insight\Epistemic-Foundry\plugin_blueprint\epistemic-foundry\v4_g05\surface-adversarial.test.mjs"/>
	<testcase name="g05_refuse: a payload policy that contradicts its inventory projection is refused" time="0.110179" classname="test" file="C:\dev\insight\Epistemic-Foundry\plugin_blueprint\epistemic-foundry\v4_g05\surface-adversarial.test.mjs"/>
	<testcase name="g05_refuse: an unreadable policy line is refused rather than skipped" time="0.103320" classname="test" file="C:\dev\insight\Epistemic-Foundry\plugin_blueprint\epistemic-foundry\v4_g05\surface-adversarial.test.mjs"/>
	<testcase name="g05_refuse: a specification without the proposed CLI block is refused" time="0.106570" classname="test" file="C:\dev\insight\Epistemic-Foundry\plugin_blueprint\epistemic-foundry\v4_g05\surface-adversarial.test.mjs"/>
	<testcase name="g05_refuse: a reference a skill depends on but the inventory dropped is refused" time="0.111200" classname="test" file="C:\dev\insight\Epistemic-Foundry\plugin_blueprint\epistemic-foundry\v4_g05\surface-adversarial.test.mjs"/>
	<testcase name="g05_refuse: a closure that outgrows its declared budget is refused" time="0.122697" classname="test" file="C:\dev\insight\Epistemic-Foundry\plugin_blueprint\epistemic-foundry\v4_g05\surface-adversarial.test.mjs"/>
	<testcase name="g05_refuse: a missing budget is refused rather than treated as unbounded" time="0.110871" classname="test" file="C:\dev\insight\Epistemic-Foundry\plugin_blueprint\epistemic-foundry\v4_g05\surface-adversarial.test.mjs"/>
	<testcase name="g05_refuse: routing a skill outside the surface is refused" time="0.000383" classname="test" file="C:\dev\insight\Epistemic-Foundry\plugin_blueprint\epistemic-foundry\v4_g05\surface-adversarial.test.mjs"/>
	<testcase name="g05_refuse: disclosing for a skill the payload does not declare is refused" time="0.000163" classname="test" file="C:\dev\insight\Epistemic-Foundry\plugin_blueprint\epistemic-foundry\v4_g05\surface-adversarial.test.mjs"/>
	<testcase name="g05_refuse: a surface file that is not the declared object is refused" time="0.085563" classname="test" file="C:\dev\insight\Epistemic-Foundry\plugin_blueprint\epistemic-foundry\v4_g05\surface-adversarial.test.mjs"/>
	<testcase name="g05_route: a named evolution skill is routed explicitly" time="0.003102" classname="test" file="C:\dev\insight\Epistemic-Foundry\plugin_blueprint\epistemic-foundry\v4_g05\surface-contract.test.mjs"/>
	<testcase name="g05_route: every skill in the surface can be named" time="0.014259" classname="test" file="C:\dev\insight\Epistemic-Foundry\plugin_blueprint\epistemic-foundry\v4_g05\surface-contract.test.mjs"/>
	<testcase name="g05_route: an unnamed request selects nothing, because no evolution skill triggers" time="0.001487" classname="test" file="C:\dev\insight\Epistemic-Foundry\plugin_blueprint\epistemic-foundry\v4_g05\surface-contract.test.mjs"/>
	<testcase name="g05_route: the decision binds the exact surface it was routed against" time="0.001751" classname="test" file="C:\dev\insight\Epistemic-Foundry\plugin_blueprint\epistemic-foundry\v4_g05\surface-contract.test.mjs"/>
	<testcase name="g05_route: routing the same request twice yields the same decision" time="0.002350" classname="test" file="C:\dev\insight\Epistemic-Foundry\plugin_blueprint\epistemic-foundry\v4_g05\surface-contract.test.mjs"/>
	<testcase name="g05_route: a selected skill discloses within the declared context budget" time="0.001365" classname="test" file="C:\dev\insight\Epistemic-Foundry\plugin_blueprint\epistemic-foundry\v4_g05\surface-contract.test.mjs"/>
	<testcase name="g05_route: the routed skill reports the commands that exist and those that do not" time="0.001030" classname="test" file="C:\dev\insight\Epistemic-Foundry\plugin_blueprint\epistemic-foundry\v4_g05\surface-contract.test.mjs"/>
	<testcase name="g05_route: a router skill claims no command of its own" time="0.000931" classname="test" file="C:\dev\insight\Epistemic-Foundry\plugin_blueprint\epistemic-foundry\v4_g05\surface-contract.test.mjs"/>
	<testcase name="g05_disclosure: a conditional reference appears only when its predicate holds" time="0.000126" classname="test" file="C:\dev\insight\Epistemic-Foundry\plugin_blueprint\epistemic-foundry\v4_g05\surface-contract.test.mjs"/>
	<testcase name="g05_disclosure: an unrelated predicate value does not open the reference" time="0.000139" classname="test" file="C:\dev\insight\Epistemic-Foundry\plugin_blueprint\epistemic-foundry\v4_g05\surface-contract.test.mjs"/>
	<testcase name="g05_disclosure: an evolution-origin candidate opens the Parliament statistics reference" time="0.000110" classname="test" file="C:\dev\insight\Epistemic-Foundry\plugin_blueprint\epistemic-foundry\v4_g05\surface-contract.test.mjs"/>
	<testcase name="g05_disclosure: a transitive dependency is disclosed with the reference that needs it" time="0.000085" classname="test" file="C:\dev\insight\Epistemic-Foundry\plugin_blueprint\epistemic-foundry\v4_g05\surface-contract.test.mjs"/>
	<testcase name="g05_disclosure: every skill stays within every declared budget at maximal context" time="0.000163" classname="test" file="C:\dev\insight\Epistemic-Foundry\plugin_blueprint\epistemic-foundry\v4_g05\surface-contract.test.mjs"/>
	<testcase name="g05_disclosure: the plan reports sizes taken from the inventory, not from bodies" time="0.000101" classname="test" file="C:\dev\insight\Epistemic-Foundry\plugin_blueprint\epistemic-foundry\v4_g05\surface-contract.test.mjs"/>
	<testcase name="g05_surface: each proposed command has exactly one owner" time="0.000136" classname="test" file="C:\dev\insight\Epistemic-Foundry\plugin_blueprint\epistemic-foundry\v4_g05\surface-contract.test.mjs"/>
	<testcase name="g05_surface: the loaded surface is frozen" time="0.000247" classname="test" file="C:\dev\insight\Epistemic-Foundry\plugin_blueprint\epistemic-foundry\v4_g05\surface-contract.test.mjs"/>
	<testcase name="g05_surface: the surface claims three of the four mutable genome kinds" time="0.000085" classname="test" file="C:\dev\insight\Epistemic-Foundry\plugin_blueprint\epistemic-foundry\v4_g05\surface-contract.test.mjs"/>
	<testcase name="g05_surface: skills that mutate nothing declare nothing" time="0.000080" classname="test" file="C:\dev\insight\Epistemic-Foundry\plugin_blueprint\epistemic-foundry\v4_g05\surface-contract.test.mjs"/>
	<testcase name="g05_receipt: the receipt re-derives its own hash from the fields it publishes" time="0.000728" classname="test" file="C:\dev\insight\Epistemic-Foundry\plugin_blueprint\epistemic-foundry\v4_g05\surface-receipts.test.mjs"/>
	<testcase name="g05_receipt: the receipt identifier is derived from the hash" time="0.000165" classname="test" file="C:\dev\insight\Epistemic-Foundry\plugin_blueprint\epistemic-foundry\v4_g05\surface-receipts.test.mjs"/>
	<testcase name="g05_receipt: the same repository yields the same receipt" time="0.010462" classname="test" file="C:\dev\insight\Epistemic-Foundry\plugin_blueprint\epistemic-foundry\v4_g05\surface-receipts.test.mjs"/>
	<testcase name="g05_receipt: every declaring source is bound by its actual digest" time="0.000861" classname="test" file="C:\dev\insight\Epistemic-Foundry\plugin_blueprint\epistemic-foundry\v4_g05\surface-receipts.test.mjs"/>
	<testcase name="g05_receipt: a changed declaration changes the receipt" time="0.120273" classname="test" file="C:\dev\insight\Epistemic-Foundry\plugin_blueprint\epistemic-foundry\v4_g05\surface-receipts.test.mjs"/>
	<testcase name="g05_receipt: the receipt records the CLI reality it found" time="0.000186" classname="test" file="C:\dev\insight\Epistemic-Foundry\plugin_blueprint\epistemic-foundry\v4_g05\surface-receipts.test.mjs"/>
	<testcase name="g05_receipt: every available command is published with its effect class" time="0.000118" classname="test" file="C:\dev\insight\Epistemic-Foundry\plugin_blueprint\epistemic-foundry\v4_g05\surface-receipts.test.mjs"/>
	<testcase name="g05_receipt: the authority the surface denies and the commands that carry it are both named" time="0.000179" classname="test" file="C:\dev\insight\Epistemic-Foundry\plugin_blueprint\epistemic-foundry\v4_g05\surface-receipts.test.mjs"/>
	<testcase name="g05_receipt: the genome kinds no skill claims are recorded rather than implied" time="0.000115" classname="test" file="C:\dev\insight\Epistemic-Foundry\plugin_blueprint\epistemic-foundry\v4_g05\surface-receipts.test.mjs"/>
	<testcase name="g05_receipt: the absence of implicit reachability is recorded, not assumed" time="0.000120" classname="test" file="C:\dev\insight\Epistemic-Foundry\plugin_blueprint\epistemic-foundry\v4_g05\surface-receipts.test.mjs"/>
	<testcase name="g05_receipt: the receipt binds the sealed inventory hash" time="0.000084" classname="test" file="C:\dev\insight\Epistemic-Foundry\plugin_blueprint\epistemic-foundry\v4_g05\surface-receipts.test.mjs"/>
	<testcase name="g05_receipt: a routing decision re-derives its own hash" time="0.002176" classname="test" file="C:\dev\insight\Epistemic-Foundry\plugin_blueprint\epistemic-foundry\v4_g05\surface-receipts.test.mjs"/>
	<testcase name="g05_receipt: each routed candidate is bound to the sealed content hash of its skill" time="0.001163" classname="test" file="C:\dev\insight\Epistemic-Foundry\plugin_blueprint\epistemic-foundry\v4_g05\surface-receipts.test.mjs"/>
	<testcase name="g05_receipt: the decision states that routing carries no authority" time="0.001369" classname="test" file="C:\dev\insight\Epistemic-Foundry\plugin_blueprint\epistemic-foundry\v4_g05\surface-receipts.test.mjs"/>
	<testcase name="g05_receipt: the surface holds no clock and no randomness" time="0.000310" classname="test" file="C:\dev\insight\Epistemic-Foundry\plugin_blueprint\epistemic-foundry\v4_g05\surface-receipts.test.mjs"/>
	<testcase name="g05_receipt: the receipt is canonical JSON" time="0.000135" classname="test" file="C:\dev\insight\Epistemic-Foundry\plugin_blueprint\epistemic-foundry\v4_g05\surface-receipts.test.mjs"/>
	<testcase name="g05_surface: the declared skills are the ones the membership rule derives" time="0.000966" classname="test" file="C:\dev\insight\Epistemic-Foundry\plugin_blueprint\epistemic-foundry\v4_g05\surface-schema.test.mjs"/>
	<testcase name="g05_surface: every declared skill exists in the payload inventory" time="0.000153" classname="test" file="C:\dev\insight\Epistemic-Foundry\plugin_blueprint\epistemic-foundry\v4_g05\surface-schema.test.mjs"/>
	<testcase name="g05_surface: the parent router is the inventory's parent and is not in the surface" time="0.000074" classname="test" file="C:\dev\insight\Epistemic-Foundry\plugin_blueprint\epistemic-foundry\v4_g05\surface-schema.test.mjs"/>
	<testcase name="g05_surface: the proposed CLI comes from the section that proposes it" time="0.000405" classname="test" file="C:\dev\insight\Epistemic-Foundry\plugin_blueprint\epistemic-foundry\v4_g05\surface-schema.test.mjs"/>
	<testcase name="g05_surface: no proposed evolution command is projected by the tool surface" time="0.000106" classname="test" file="C:\dev\insight\Epistemic-Foundry\plugin_blueprint\epistemic-foundry\v4_g05\surface-schema.test.mjs"/>
	<testcase name="g05_surface: every available command is one the tool surface projects" time="0.000116" classname="test" file="C:\dev\insight\Epistemic-Foundry\plugin_blueprint\epistemic-foundry\v4_g05\surface-schema.test.mjs"/>
	<testcase name="g05_surface: the authority-bearing set is derived from the sealed catalog" time="0.000136" classname="test" file="C:\dev\insight\Epistemic-Foundry\plugin_blueprint\epistemic-foundry\v4_g05\surface-schema.test.mjs"/>
	<testcase name="g05_surface: no evolution skill names an authority-bearing command" time="0.000090" classname="test" file="C:\dev\insight\Epistemic-Foundry\plugin_blueprint\epistemic-foundry\v4_g05\surface-schema.test.mjs"/>
	<testcase name="g05_surface: the denied authority set is exactly the one the exit criteria name" time="0.000077" classname="test" file="C:\dev\insight\Epistemic-Foundry\plugin_blueprint\epistemic-foundry\v4_g05\surface-schema.test.mjs"/>
	<testcase name="g05_surface: every mutable kind is a member of the sealed search space" time="0.000292" classname="test" file="C:\dev\insight\Epistemic-Foundry\plugin_blueprint\epistemic-foundry\v4_g05\surface-schema.test.mjs"/>
	<testcase name="g05_surface: the inventory hashes the files it describes" time="0.000282" classname="test" file="C:\dev\insight\Epistemic-Foundry\plugin_blueprint\epistemic-foundry\v4_g05\surface-schema.test.mjs"/>
	<testcase name="g05_surface: an agent card yields its policy and its activation phrases" time="0.000345" classname="test" file="C:\dev\insight\Epistemic-Foundry\plugin_blueprint\epistemic-foundry\v4_g05\surface-schema.test.mjs"/>
	<testcase name="g05_surface: no evolution skill declares an activation phrase" time="0.000105" classname="test" file="C:\dev\insight\Epistemic-Foundry\plugin_blueprint\epistemic-foundry\v4_g05\surface-schema.test.mjs"/>
	<testcase name="g05_surface: each skill's payload policy matches its inventory projection" time="0.000094" classname="test" file="C:\dev\insight\Epistemic-Foundry\plugin_blueprint\epistemic-foundry\v4_g05\surface-schema.test.mjs"/>
	<testcase name="g05_surface: a disclosure plan is sorted, unique and closed over dependencies" time="0.000244" classname="test" file="C:\dev\insight\Epistemic-Foundry\plugin_blueprint\epistemic-foundry\v4_g05\surface-schema.test.mjs"/>
	<testcase name="g05_surface: every budget this surface enforces is declared by the inventory" time="0.000071" classname="test" file="C:\dev\insight\Epistemic-Foundry\plugin_blueprint\epistemic-foundry\v4_g05\surface-schema.test.mjs"/>
	<testcase name="g05_surface: every finding code carries a code and a reason" time="0.000082" classname="test" file="C:\dev\insight\Epistemic-Foundry\plugin_blueprint\epistemic-foundry\v4_g05\surface-schema.test.mjs"/>
	<testcase name="g05_surface: the emitted decision validates against the canonical schema" time="0.226864" classname="test" file="C:\dev\insight\Epistemic-Foundry\plugin_blueprint\epistemic-foundry\v4_g05\surface-schema.test.mjs"/>
	<testcase name="g05_surface: the surface declaration is exactly the fields the loader requires" time="0.000128" classname="test" file="C:\dev\insight\Epistemic-Foundry\plugin_blueprint\epistemic-foundry\v4_g05\surface-schema.test.mjs"/>
	<testcase name="g05_surface: the membership rule is data, not a hard-coded skill list" time="0.000085" classname="test" file="C:\dev\insight\Epistemic-Foundry\plugin_blueprint\epistemic-foundry\v4_g05\surface-schema.test.mjs"/>
	<!-- tests 81 -->
	<!-- suites 0 -->
	<!-- pass 81 -->
	<!-- fail 0 -->
	<!-- cancelled 0 -->
	<!-- skipped 0 -->
	<!-- todo 0 -->
	<!-- duration_ms 3471.6563 -->
</testsuites>
