<?xml version="1.0" encoding="utf-8"?>
<testsuites>
	<testcase name="cli_contract_test: every composed tool projects exactly one command" time="0.001307" classname="test" file="C:\dev\insight\Epistemic-Foundry\packages\plugin-host\src\cli\cli-contract.test.mjs"/>
	<testcase name="cli_contract_test: the command name is the tool name without its namespace" time="0.000447" classname="test" file="C:\dev\insight\Epistemic-Foundry\packages\plugin-host\src\cli\cli-contract.test.mjs"/>
	<testcase name="cli_contract_test: mutating commands are marked as such" time="0.000092" classname="test" file="C:\dev\insight\Epistemic-Foundry\packages\plugin-host\src\cli\cli-contract.test.mjs"/>
	<testcase name="cli_contract_test: an unknown command is refused, not guessed" time="0.000303" classname="test" file="C:\dev\insight\Epistemic-Foundry\packages\plugin-host\src\cli\cli-contract.test.mjs"/>
	<testcase name="cli_contract_test: a result envelope round-trips byte-identically" time="0.000301" classname="test" file="C:\dev\insight\Epistemic-Foundry\packages\plugin-host\src\cli\cli-contract.test.mjs"/>
	<testcase name="cli_contract_test: rendering sorts keys so the bytes are stable" time="0.000101" classname="test" file="C:\dev\insight\Epistemic-Foundry\packages\plugin-host\src\cli\cli-contract.test.mjs"/>
	<testcase name="cli_contract_test: an error envelope round-trips byte-identically" time="0.000172" classname="test" file="C:\dev\insight\Epistemic-Foundry\packages\plugin-host\src\cli\cli-contract.test.mjs"/>
	<testcase name="cli_contract_test: a null field survives rather than being dropped" time="0.000085" classname="test" file="C:\dev\insight\Epistemic-Foundry\packages\plugin-host\src\cli\cli-contract.test.mjs"/>
	<testcase name="cli_contract_test: an undefined field is refused rather than silently dropped" time="0.000139" classname="test" file="C:\dev\insight\Epistemic-Foundry\packages\plugin-host\src\cli\cli-contract.test.mjs"/>
	<testcase name="cli_contract_test: non-finite numbers and cycles cannot be emitted" time="0.000193" classname="test" file="C:\dev\insight\Epistemic-Foundry\packages\plugin-host\src\cli\cli-contract.test.mjs"/>
	<testcase name="cli_contract_test: malformed output is refused rather than repaired" time="0.000168" classname="test" file="C:\dev\insight\Epistemic-Foundry\packages\plugin-host\src\cli\cli-contract.test.mjs"/>
	<testcase name="cli_contract_test: emitJson proves the round trip before writing bytes" time="0.000086" classname="test" file="C:\dev\insight\Epistemic-Foundry\packages\plugin-host\src\cli\cli-contract.test.mjs"/>
	<testcase name="cli_contract_test: the exit-code table covers the sealed vocabulary exactly" time="0.000096" classname="test" file="C:\dev\insight\Epistemic-Foundry\packages\plugin-host\src\cli\cli-contract.test.mjs"/>
	<testcase name="cli_contract_test: every exit code is distinct and outside the reserved range" time="0.000113" classname="test" file="C:\dev\insight\Epistemic-Foundry\packages\plugin-host\src\cli\cli-contract.test.mjs"/>
	<testcase name="cli_contract_test: exit codes are reversible for diagnosis" time="0.000116" classname="test" file="C:\dev\insight\Epistemic-Foundry\packages\plugin-host\src\cli\cli-contract.test.mjs"/>
	<testcase name="cli_contract_test: an unmapped error code is refused, not folded into INTERNAL" time="0.000103" classname="test" file="C:\dev\insight\Epistemic-Foundry\packages\plugin-host\src\cli\cli-contract.test.mjs"/>
	<testcase name="cli_contract_test: a successful command emits the envelope verbatim and exits zero" time="0.000242" classname="test" file="C:\dev\insight\Epistemic-Foundry\packages\plugin-host\src\cli\cli-contract.test.mjs"/>
	<testcase name="cli_contract_test: a refusal maps to its stable exit code" time="0.000260" classname="test" file="C:\dev\insight\Epistemic-Foundry\packages\plugin-host\src\cli\cli-contract.test.mjs"/>
	<testcase name="cli_contract_test: the CLI adds nothing to the envelope it was given" time="0.000100" classname="test" file="C:\dev\insight\Epistemic-Foundry\packages\plugin-host\src\cli\cli-contract.test.mjs"/>
	<testcase name="cli_contract_test: --input is forwarded as parsed arguments" time="0.000104" classname="test" file="C:\dev\insight\Epistemic-Foundry\packages\plugin-host\src\cli\cli-contract.test.mjs"/>
	<testcase name="cli_contract_test: malformed --input is refused before the handler runs" time="0.000168" classname="test" file="C:\dev\insight\Epistemic-Foundry\packages\plugin-host\src\cli\cli-contract.test.mjs"/>
	<testcase name="cli_contract_test: without --json the machine surface is withheld, not approximated" time="0.000067" classname="test" file="C:\dev\insight\Epistemic-Foundry\packages\plugin-host\src\cli\cli-contract.test.mjs"/>
	<testcase name="pathless_cli_test: the only executable is the running Node binary" time="0.000607" classname="test" file="C:\dev\insight\Epistemic-Foundry\packages\plugin-host\src\cli\pathless-cli.test.mjs"/>
	<testcase name="pathless_cli_test: PATH is not on the inheritable allowlist" time="0.000093" classname="test" file="C:\dev\insight\Epistemic-Foundry\packages\plugin-host\src\cli\pathless-cli.test.mjs"/>
	<testcase name="pathless_cli_test: the child environment carries only allowlisted keys" time="0.000462" classname="test" file="C:\dev\insight\Epistemic-Foundry\packages\plugin-host\src\cli\pathless-cli.test.mjs"/>
	<testcase name="pathless_cli_test: an unset allowlisted key is simply absent" time="0.000085" classname="test" file="C:\dev\insight\Epistemic-Foundry\packages\plugin-host\src\cli\pathless-cli.test.mjs"/>
	<testcase name="pathless_cli_test: an override cannot smuggle PATH back in" time="0.000300" classname="test" file="C:\dev\insight\Epistemic-Foundry\packages\plugin-host\src\cli\pathless-cli.test.mjs"/>
	<testcase name="pathless_cli_test: an override must be a string" time="0.000088" classname="test" file="C:\dev\insight\Epistemic-Foundry\packages\plugin-host\src\cli\pathless-cli.test.mjs"/>
	<testcase name="pathless_cli_test: a spawn plan names an absolute script and disables the shell" time="0.000190" classname="test" file="C:\dev\insight\Epistemic-Foundry\packages\plugin-host\src\cli\pathless-cli.test.mjs"/>
	<testcase name="pathless_cli_test: a relative script path is refused" time="0.000187" classname="test" file="C:\dev\insight\Epistemic-Foundry\packages\plugin-host\src\cli\pathless-cli.test.mjs"/>
	<testcase name="pathless_cli_test: a relative working directory is refused" time="0.000133" classname="test" file="C:\dev\insight\Epistemic-Foundry\packages\plugin-host\src\cli\pathless-cli.test.mjs"/>
	<testcase name="pathless_cli_test: non-string arguments are refused" time="0.000149" classname="test" file="C:\dev\insight\Epistemic-Foundry\packages\plugin-host\src\cli\pathless-cli.test.mjs"/>
	<testcase name="pathless_cli_test: the plan is frozen so a caller cannot re-enable the shell" time="0.000139" classname="test" file="C:\dev\insight\Epistemic-Foundry\packages\plugin-host\src\cli\pathless-cli.test.mjs"/>
	<testcase name="pathless_cli_test: the source scanner names every lookup it finds" time="0.000279" classname="test" file="C:\dev\insight\Epistemic-Foundry\packages\plugin-host\src\cli\pathless-cli.test.mjs"/>
	<testcase name="pathless_cli_test: several violations are reported together" time="0.000064" classname="test" file="C:\dev\insight\Epistemic-Foundry\packages\plugin-host\src\cli\pathless-cli.test.mjs"/>
	<testcase name="pathless_cli_test: assertPathless refuses a source that would look up an executable" time="0.000106" classname="test" file="C:\dev\insight\Epistemic-Foundry\packages\plugin-host\src\cli\pathless-cli.test.mjs"/>
	<testcase name="pathless_cli_test: every CLI source is itself PATH-less" time="0.000785" classname="test" file="C:\dev\insight\Epistemic-Foundry\packages\plugin-host\src\cli\pathless-cli.test.mjs"/>
	<testcase name="pathless_cli_test: the shipped dispatcher is PATH-less too" time="0.000262" classname="test" file="C:\dev\insight\Epistemic-Foundry\packages\plugin-host\src\cli\pathless-cli.test.mjs"/>
	<!-- tests 38 -->
	<!-- suites 0 -->
	<!-- pass 38 -->
	<!-- fail 0 -->
	<!-- cancelled 0 -->
	<!-- skipped 0 -->
	<!-- todo 0 -->
	<!-- duration_ms 183.6457 -->
</testsuites>
