<?xml version="1.0" encoding="utf-8"?>
<testsuites>
	<testcase name="path_resolution_test: explicit roots preserve spaces and non-ASCII names" time="0.008337" classname="test" file="C:\dev\insight\Epistemic-Foundry\packages\plugin-host\src\paths\path-resolution.test.mjs"/>
	<testcase name="path_resolution_test: a fresh explicit workspace has one deterministic state location" time="0.007726" classname="test" file="C:\dev\insight\Epistemic-Foundry\packages\plugin-host\src\paths\path-resolution.test.mjs"/>
	<testcase name="path_resolution_test: root traversal and linked workspace state fail closed" time="0.005393" classname="test" file="C:\dev\insight\Epistemic-Foundry\packages\plugin-host\src\paths\path-resolution.test.mjs"/>
	<testcase name="path_resolution_test: missing or relative roots never fall back to cwd or environment" time="0.006030" classname="test" file="C:\dev\insight\Epistemic-Foundry\packages\plugin-host\src\paths\path-resolution.test.mjs"/>
	<testcase name="path_resolution_test: installed code and writable data cannot overlap" time="0.009975" classname="test" file="C:\dev\insight\Epistemic-Foundry\packages\plugin-host\src\paths\path-resolution.test.mjs"/>
	<testcase name="path_resolution_test: workspace state cannot be placed under installed code" time="0.006363" classname="test" file="C:\dev\insight\Epistemic-Foundry\packages\plugin-host\src\paths\path-resolution.test.mjs"/>
	<testcase name="path_resolution_test: plugin data and workspace boundaries cannot overlap" time="0.007410" classname="test" file="C:\dev\insight\Epistemic-Foundry\packages\plugin-host\src\paths\path-resolution.test.mjs"/>
	<testcase name="path_resolution_test: strict inputs reject unknown fields, accessors, and Proxies" time="0.005280" classname="test" file="C:\dev\insight\Epistemic-Foundry\packages\plugin-host\src\paths\path-resolution.test.mjs"/>
	<testcase name="path_traversal_test: valid portable children remain inside their selected boundary" time="0.013544" classname="test" file="C:\dev\insight\Epistemic-Foundry\packages\plugin-host\src\paths\path-traversal.test.mjs"/>
	<testcase name="path_traversal_test: traversal, absolute, mixed-separator, NUL, and alias paths fail closed" time="0.039366" classname="test" file="C:\dev\insight\Epistemic-Foundry\packages\plugin-host\src\paths\path-traversal.test.mjs"/>
	<testcase name="path_traversal_test: links, junctions, and linked roots are denied" time="0.012516" classname="test" file="C:\dev\insight\Epistemic-Foundry\packages\plugin-host\src\paths\path-traversal.test.mjs"/>
	<testcase name="path_traversal_test: missing parents and mismatched target modes are rejected" time="0.010755" classname="test" file="C:\dev\insight\Epistemic-Foundry\packages\plugin-host\src\paths\path-traversal.test.mjs"/>
	<testcase name="path_traversal_test: copied resolutions and replaced roots cannot retain authority" time="0.009700" classname="test" file="C:\dev\insight\Epistemic-Foundry\packages\plugin-host\src\paths\path-traversal.test.mjs"/>
	<!-- tests 13 -->
	<!-- suites 0 -->
	<!-- pass 13 -->
	<!-- fail 0 -->
	<!-- cancelled 0 -->
	<!-- skipped 0 -->
	<!-- todo 0 -->
	<!-- duration_ms 401.3296 -->
</testsuites>
