warning: in the working copy of '.rah/ralph/source_requirement_coverage.json', LF will be replaced by CRLF the next time Git touches it
warning: in the working copy of '.rah/ralph/source_requirement_coverage.md', LF will be replaced by CRLF the next time Git touches it
warning: in the working copy of 'schemas/document-registration.schema.json', LF will be replaced by CRLF the next time Git touches it
warning: in the working copy of 'src/epistemic_foundry/_canonical/canonical-registry.json', LF will be replaced by CRLF the next time Git touches it
warning: in the working copy of 'src/epistemic_foundry/_canonical/openapi/epistemic-foundry-v1.openapi.yaml', LF will be replaced by CRLF the next time Git touches it
warning: in the working copy of 'src/epistemic_foundry/_canonical/schemas/action-intent.schema.json', LF will be replaced by CRLF the next time Git touches it
warning: in the working copy of 'src/epistemic_foundry/_canonical/schemas/adjudication.schema.json', LF will be replaced by CRLF the next time Git touches it
warning: in the working copy of 'src/epistemic_foundry/_canonical/schemas/approval-record.schema.json', LF will be replaced by CRLF the next time Git touches it
warning: in the working copy of 'src/epistemic_foundry/_canonical/schemas/archive-rebalance-plan.schema.json', LF will be replaced by CRLF the next time Git touches it
warning: in the working copy of 'src/epistemic_foundry/_canonical/schemas/argument-graph.schema.json', LF will be replaced by CRLF the next time Git touches it
warning: in the working copy of 'src/epistemic_foundry/_canonical/schemas/artifact-manifest.schema.json', LF will be replaced by CRLF the next time Git touches it
warning: in the working copy of 'src/epistemic_foundry/_canonical/schemas/artifact-receipt.schema.json', LF will be replaced by CRLF the next time Git touches it
warning: in the working copy of 'src/epistemic_foundry/_canonical/schemas/attestation.schema.json', LF will be replaced by CRLF the next time Git touches it
warning: in the working copy of 'src/epistemic_foundry/_canonical/schemas/backend-adapter-qualification.schema.json', LF will be replaced by CRLF the next time Git touches it
warning: in the working copy of 'src/epistemic_foundry/_canonical/schemas/bias-risk-register.schema.json', LF will be replaced by CRLF the next time Git touches it
warning: in the working copy of 'src/epistemic_foundry/_canonical/schemas/budget-envelope.schema.json', LF will be replaced by CRLF the next time Git touches it
warning: in the working copy of 'src/epistemic_foundry/_canonical/schemas/calibration-report.schema.json', LF will be replaced by CRLF the next time Git touches it
warning: in the working copy of 'src/epistemic_foundry/_canonical/schemas/candidate-generation-record.schema.json', LF will be replaced by CRLF the next time Git touches it
warning: in the working copy of 'src/epistemic_foundry/_canonical/schemas/candidate-lineage.schema.json', LF will be replaced by CRLF the next time Git touches it
warning: in the working copy of 'src/epistemic_foundry/_canonical/schemas/capability-lease.schema.json', LF will be replaced by CRLF the next time Git touches it
warning: in the working copy of 'src/epistemic_foundry/_canonical/schemas/challenge-genome.schema.json', LF will be replaced by CRLF the next time Git touches it
warning: in the working copy of 'src/epistemic_foundry/_canonical/schemas/challenge-result.schema.json', LF will be replaced by CRLF the next time Git touches it
warning: in the working copy of 'src/epistemic_foundry/_canonical/schemas/checkpoint-manifest.schema.json', LF will be replaced by CRLF the next time Git touches it
warning: in the working copy of 'src/epistemic_foundry/_canonical/schemas/claim-lifecycle-event.schema.json', LF will be replaced by CRLF the next time Git touches it
warning: in the working copy of 'src/epistemic_foundry/_canonical/schemas/compatibility-matrix.schema.json', LF will be replaced by CRLF the next time Git touches it
warning: in the working copy of 'src/epistemic_foundry/_canonical/schemas/consent-record.schema.json', LF will be replaced by CRLF the next time Git touches it
warning: in the working copy of 'src/epistemic_foundry/_canonical/schemas/context-assembly-manifest.schema.json', LF will be replaced by CRLF the next time Git touches it
warning: in the working copy of 'src/epistemic_foundry/_canonical/schemas/context-capsule.schema.json', LF will be replaced by CRLF the next time Git touches it
warning: in the working copy of 'src/epistemic_foundry/_canonical/schemas/council-brief.schema.json', LF will be replaced by CRLF the next time Git touches it
warning: in the working copy of 'src/epistemic_foundry/_canonical/schemas/coverage-snapshot.schema.json', LF will be replaced by CRLF the next time Git touches it
warning: in the working copy of 'src/epistemic_foundry/_canonical/schemas/cross-examination.schema.json', LF will be replaced by CRLF the next time Git touches it
warning: in the working copy of 'src/epistemic_foundry/_canonical/schemas/crossover-compatibility-report.schema.json', LF will be replaced by CRLF the next time Git touches it
warning: in the working copy of 'src/epistemic_foundry/_canonical/schemas/decision-stability-report.schema.json', LF will be replaced by CRLF the next time Git touches it
warning: in the working copy of 'src/epistemic_foundry/_canonical/schemas/document-manifest.schema.json', LF will be replaced by CRLF the next time Git touches it
warning: in the working copy of 'src/epistemic_foundry/_canonical/schemas/document-registration-request.schema.json', LF will be replaced by CRLF the next time Git touches it
warning: in the working copy of 'src/epistemic_foundry/_canonical/schemas/document-registration.schema.json', LF will be replaced by CRLF the next time Git touches it
warning: in the working copy of 'src/epistemic_foundry/_canonical/schemas/domain-pack.schema.json', LF will be replaced by CRLF the next time Git touches it
warning: in the working copy of 'src/epistemic_foundry/_canonical/schemas/effect-receipt.schema.json', LF will be replaced by CRLF the next time Git touches it
warning: in the working copy of 'src/epistemic_foundry/_canonical/schemas/epistemic-archive-entry.schema.json', LF will be replaced by CRLF the next time Git touches it
warning: in the working copy of 'src/epistemic_foundry/_canonical/schemas/epistemic-niche.schema.json', LF will be replaced by CRLF the next time Git touches it
warning: in the working copy of 'src/epistemic_foundry/_canonical/schemas/epistemic-utility-report.schema.json', LF will be replaced by CRLF the next time Git touches it
warning: in the working copy of 'src/epistemic_foundry/_canonical/schemas/epistemic-work-classification.schema.json', LF will be replaced by CRLF the next time Git touches it
warning: in the working copy of 'src/epistemic_foundry/_canonical/schemas/evaluation-run.schema.json', LF will be replaced by CRLF the next time Git touches it
warning: in the working copy of 'src/epistemic_foundry/_canonical/schemas/evaluator-bundle.schema.json', LF will be replaced by CRLF the next time Git touches it
warning: in the working copy of 'src/epistemic_foundry/_canonical/schemas/evaluator-mutation-proposal.schema.json', LF will be replaced by CRLF the next time Git touches it
warning: in the working copy of 'src/epistemic_foundry/_canonical/schemas/evaluator-qualification-report.schema.json', LF will be replaced by CRLF the next time Git touches it
warning: in the working copy of 'src/epistemic_foundry/_canonical/schemas/event-record.schema.json', LF will be replaced by CRLF the next time Git touches it
warning: in the working copy of 'src/epistemic_foundry/_canonical/schemas/evidence-dependency-cluster.schema.json', LF will be replaced by CRLF the next time Git touches it
warning: in the working copy of 'src/epistemic_foundry/_canonical/schemas/evidence-pack.schema.json', LF will be replaced by CRLF the next time Git touches it
warning: in the working copy of 'src/epistemic_foundry/_canonical/schemas/evidence-reconciliation-record.schema.json', LF will be replaced by CRLF the next time Git touches it
warning: in the working copy of 'src/epistemic_foundry/_canonical/schemas/evolution-checkpoint.schema.json', LF will be replaced by CRLF the next time Git touches it
warning: in the working copy of 'src/epistemic_foundry/_canonical/schemas/evolution-run-spec.schema.json', LF will be replaced by CRLF the next time Git touches it
warning: in the working copy of 'src/epistemic_foundry/_canonical/schemas/evolution-stop-certificate.schema.json', LF will be replaced by CRLF the next time Git touches it
warning: in the working copy of 'src/epistemic_foundry/_canonical/schemas/experiment-genome.schema.json', LF will be replaced by CRLF the next time Git touches it
warning: in the working copy of 'src/epistemic_foundry/_canonical/schemas/experiment-result.schema.json', LF will be replaced by CRLF the next time Git touches it
warning: in the working copy of 'src/epistemic_foundry/_canonical/schemas/experiment-ticket.schema.json', LF will be replaced by CRLF the next time Git touches it
warning: in the working copy of 'src/epistemic_foundry/_canonical/schemas/falsifier-gene.schema.json', LF will be replaced by CRLF the next time Git touches it
warning: in the working copy of 'src/epistemic_foundry/_canonical/schemas/fitness-evidence-receipt.schema.json', LF will be replaced by CRLF the next time Git touches it
warning: in the working copy of 'src/epistemic_foundry/_canonical/schemas/fitness-vector.schema.json', LF will be replaced by CRLF the next time Git touches it
warning: in the working copy of 'src/epistemic_foundry/_canonical/schemas/forge-session-state.schema.json', LF will be replaced by CRLF the next time Git touches it
warning: in the working copy of 'src/epistemic_foundry/_canonical/schemas/forge-transition-request.schema.json', LF will be replaced by CRLF the next time Git touches it
warning: in the working copy of 'src/epistemic_foundry/_canonical/schemas/gate-decision.schema.json', LF will be replaced by CRLF the next time Git touches it
warning: in the working copy of 'src/epistemic_foundry/_canonical/schemas/holdout-manifest.schema.json', LF will be replaced by CRLF the next time Git touches it
warning: in the working copy of 'src/epistemic_foundry/_canonical/schemas/hook-event-envelope.schema.json', LF will be replaced by CRLF the next time Git touches it
warning: in the working copy of 'src/epistemic_foundry/_canonical/schemas/host-capability-report.schema.json', LF will be replaced by CRLF the next time Git touches it
warning: in the working copy of 'src/epistemic_foundry/_canonical/schemas/human-decision.schema.json', LF will be replaced by CRLF the next time Git touches it
warning: in the working copy of 'src/epistemic_foundry/_canonical/schemas/hypothesis-genome.schema.json', LF will be replaced by CRLF the next time Git touches it
warning: in the working copy of 'src/epistemic_foundry/_canonical/schemas/hypothesis-passport.schema.json', LF will be replaced by CRLF the next time Git touches it
warning: in the working copy of 'src/epistemic_foundry/_canonical/schemas/imported-run-record.schema.json', LF will be replaced by CRLF the next time Git touches it
warning: in the working copy of 'src/epistemic_foundry/_canonical/schemas/island-state.schema.json', LF will be replaced by CRLF the next time Git touches it
warning: in the working copy of 'src/epistemic_foundry/_canonical/schemas/leakage-audit.schema.json', LF will be replaced by CRLF the next time Git touches it
warning: in the working copy of 'src/epistemic_foundry/_canonical/schemas/lineage-diversity-report.schema.json', LF will be replaced by CRLF the next time Git touches it
warning: in the working copy of 'src/epistemic_foundry/_canonical/schemas/loop-contract.schema.json', LF will be replaced by CRLF the next time Git touches it
warning: in the working copy of 'src/epistemic_foundry/_canonical/schemas/measurement-compatibility-report.schema.json', LF will be replaced by CRLF the next time Git touches it
warning: in the working copy of 'src/epistemic_foundry/_canonical/schemas/mechanism-graph.schema.json', LF will be replaced by CRLF the next time Git touches it
warning: in the working copy of 'src/epistemic_foundry/_canonical/schemas/memory-policy.schema.json', LF will be replaced by CRLF the next time Git touches it
warning: in the working copy of 'src/epistemic_foundry/_canonical/schemas/memory-retrieval-receipt.schema.json', LF will be replaced by CRLF the next time Git touches it
warning: in the working copy of 'src/epistemic_foundry/_canonical/schemas/minority-report.schema.json', LF will be replaced by CRLF the next time Git touches it
warning: in the working copy of 'src/epistemic_foundry/_canonical/schemas/model-routing-receipt.schema.json', LF will be replaced by CRLF the next time Git touches it
warning: in the working copy of 'src/epistemic_foundry/_canonical/schemas/multiple-testing-adjustment.schema.json', LF will be replaced by CRLF the next time Git touches it
warning: in the working copy of 'src/epistemic_foundry/_canonical/schemas/mutation-operator-spec.schema.json', LF will be replaced by CRLF the next time Git touches it
warning: in the working copy of 'src/epistemic_foundry/_canonical/schemas/mutation-receipt.schema.json', LF will be replaced by CRLF the next time Git touches it
warning: in the working copy of 'src/epistemic_foundry/_canonical/schemas/node-invocation.schema.json', LF will be replaced by CRLF the next time Git touches it
warning: in the working copy of 'src/epistemic_foundry/_canonical/schemas/novelty-assessment.schema.json', LF will be replaced by CRLF the next time Git touches it
warning: in the working copy of 'src/epistemic_foundry/_canonical/schemas/novelty-vector.schema.json', LF will be replaced by CRLF the next time Git touches it
warning: in the working copy of 'src/epistemic_foundry/_canonical/schemas/operator-bandit-state.schema.json', LF will be replaced by CRLF the next time Git touches it
warning: in the working copy of 'src/epistemic_foundry/_canonical/schemas/parent-selection-receipt.schema.json', LF will be replaced by CRLF the next time Git touches it
warning: in the working copy of 'src/epistemic_foundry/_canonical/schemas/pareto-front-snapshot.schema.json', LF will be replaced by CRLF the next time Git touches it
warning: in the working copy of 'src/epistemic_foundry/_canonical/schemas/phase-artifact-set.schema.json', LF will be replaced by CRLF the next time Git touches it
warning: in the working copy of 'src/epistemic_foundry/_canonical/schemas/plugin-capability-manifest.schema.json', LF will be replaced by CRLF the next time Git touches it
warning: in the working copy of 'src/epistemic_foundry/_canonical/schemas/plugin-health-report.schema.json', LF will be replaced by CRLF the next time Git touches it
warning: in the working copy of 'src/epistemic_foundry/_canonical/schemas/plugin-install-state.schema.json', LF will be replaced by CRLF the next time Git touches it
warning: in the working copy of 'src/epistemic_foundry/_canonical/schemas/plugin-policy-pack.schema.json', LF will be replaced by CRLF the next time Git touches it
warning: in the working copy of 'src/epistemic_foundry/_canonical/schemas/plugin-release-provenance.schema.json', LF will be replaced by CRLF the next time Git touches it
warning: in the working copy of 'src/epistemic_foundry/_canonical/schemas/policy-bundle.schema.json', LF will be replaced by CRLF the next time Git touches it
warning: in the working copy of 'src/epistemic_foundry/_canonical/schemas/prediction-gene.schema.json', LF will be replaced by CRLF the next time Git touches it
warning: in the working copy of 'src/epistemic_foundry/_canonical/schemas/promotion-decision.schema.json', LF will be replaced by CRLF the next time Git touches it
warning: in the working copy of 'src/epistemic_foundry/_canonical/schemas/prompt-genome.schema.json', LF will be replaced by CRLF the next time Git touches it
warning: in the working copy of 'src/epistemic_foundry/_canonical/schemas/prompt-mutation-proposal.schema.json', LF will be replaced by CRLF the next time Git touches it
warning: in the working copy of 'src/epistemic_foundry/_canonical/schemas/quality-diversity-map.schema.json', LF will be replaced by CRLF the next time Git touches it
warning: in the working copy of 'src/epistemic_foundry/_canonical/schemas/query-plan.schema.json', LF will be replaced by CRLF the next time Git touches it
warning: in the working copy of 'src/epistemic_foundry/_canonical/schemas/red-queen-round.schema.json', LF will be replaced by CRLF the next time Git touches it
warning: in the working copy of 'src/epistemic_foundry/_canonical/schemas/replay-report.schema.json', LF will be replaced by CRLF the next time Git touches it
warning: in the working copy of 'src/epistemic_foundry/_canonical/schemas/replication-plan.schema.json', LF will be replaced by CRLF the next time Git touches it
warning: in the working copy of 'src/epistemic_foundry/_canonical/schemas/replication-result.schema.json', LF will be replaced by CRLF the next time Git touches it
warning: in the working copy of 'src/epistemic_foundry/_canonical/schemas/retrieval-candidate.schema.json', LF will be replaced by CRLF the next time Git touches it
warning: in the working copy of 'src/epistemic_foundry/_canonical/schemas/retrieval-run.schema.json', LF will be replaced by CRLF the next time Git touches it
warning: in the working copy of 'src/epistemic_foundry/_canonical/schemas/role-dispatch-plan.schema.json', LF will be replaced by CRLF the next time Git touches it
warning: in the working copy of 'src/epistemic_foundry/_canonical/schemas/schema-migration.schema.json', LF will be replaced by CRLF the next time Git touches it
warning: in the working copy of 'src/epistemic_foundry/_canonical/schemas/scope-vector.schema.json', LF will be replaced by CRLF the next time Git touches it
warning: in the working copy of 'src/epistemic_foundry/_canonical/schemas/search-completeness-certificate.schema.json', LF will be replaced by CRLF the next time Git touches it
warning: in the working copy of 'src/epistemic_foundry/_canonical/schemas/search-lane-receipt.schema.json', LF will be replaced by CRLF the next time Git touches it
warning: in the working copy of 'src/epistemic_foundry/_canonical/schemas/selective-inference-report.schema.json', LF will be replaced by CRLF the next time Git touches it
warning: in the working copy of 'src/epistemic_foundry/_canonical/schemas/sequential-testing-ledger.schema.json', LF will be replaced by CRLF the next time Git touches it
warning: in the working copy of 'src/epistemic_foundry/_canonical/schemas/shinka-backend-manifest.schema.json', LF will be replaced by CRLF the next time Git touches it
warning: in the working copy of 'src/epistemic_foundry/_canonical/schemas/skill-lockfile.schema.json', LF will be replaced by CRLF the next time Git touches it
warning: in the working copy of 'src/epistemic_foundry/_canonical/schemas/skill-routing-decision.schema.json', LF will be replaced by CRLF the next time Git touches it
warning: in the working copy of 'src/epistemic_foundry/_canonical/schemas/source-integrity-report.schema.json', LF will be replaced by CRLF the next time Git touches it
warning: in the working copy of 'src/epistemic_foundry/_canonical/schemas/stage-evaluation-result.schema.json', LF will be replaced by CRLF the next time Git touches it
warning: in the working copy of 'src/epistemic_foundry/_canonical/schemas/surrogate-triage-report.schema.json', LF will be replaced by CRLF the next time Git touches it
warning: in the working copy of 'src/epistemic_foundry/_canonical/schemas/update-impact-report.schema.json', LF will be replaced by CRLF the next time Git touches it
warning: in the working copy of 'src/epistemic_foundry/_canonical/schemas/validation-cascade-plan.schema.json', LF will be replaced by CRLF the next time Git touches it
warning: in the working copy of 'src/epistemic_foundry/_canonical/schemas/validation-plan.schema.json', LF will be replaced by CRLF the next time Git touches it
warning: in the working copy of 'src/epistemic_foundry/_canonical/schemas/validation-target-manifest.schema.json', LF will be replaced by CRLF the next time Git touches it
warning: in the working copy of 'src/epistemic_foundry/_canonical/schemas/workspace-map-snapshot.schema.json', LF will be replaced by CRLF the next time Git touches it
warning: in the working copy of 'src/epistemic_foundry/retrieval/search_state.py', LF will be replaced by CRLF the next time Git touches it
warning: in the working copy of 'tests/test_cli.py', LF will be replaced by CRLF the next time Git touches it
