<?xml version="1.0" encoding="utf-8"?>
<testsuites>
	<testcase name="capsule_hash_test: canonical snapshot yields a deterministic immutable capsule" time="0.002514" classname="test" file="C:\dev\insight\Epistemic-Foundry\packages\context-capsule\src\capsule-hash.test.mjs"/>
	<testcase name="capsule_hash_test: set-like input ordering cannot change capsule bytes or hash" time="0.000560" classname="test" file="C:\dev\insight\Epistemic-Foundry\packages\context-capsule\src\capsule-hash.test.mjs"/>
	<testcase name="capsule_hash_test: capsule and summary hashes bind exact canonical content" time="0.000783" classname="test" file="C:\dev\insight\Epistemic-Foundry\packages\context-capsule\src\capsule-hash.test.mjs"/>
	<testcase name="capsule_hash_test: emitted capsule validates against the canonical Draft 2020-12 schema" time="0.541218" classname="test" file="C:\dev\insight\Epistemic-Foundry\packages\context-capsule\src\capsule-hash.test.mjs"/>
	<testcase name="capsule_hash_test: every included artifact requires one bound nonblank summary" time="0.000537" classname="test" file="C:\dev\insight\Epistemic-Foundry\packages\context-capsule\src\capsule-hash.test.mjs"/>
	<testcase name="capsule_hash_test: exclusions are explicit and cannot smuggle content" time="0.000327" classname="test" file="C:\dev\insight\Epistemic-Foundry\packages\context-capsule\src\capsule-hash.test.mjs"/>
	<testcase name="capsule_hash_test: duplicate or conflicting dispositions fail closed" time="0.000939" classname="test" file="C:\dev\insight\Epistemic-Foundry\packages\context-capsule\src\capsule-hash.test.mjs"/>
	<testcase name="capsule_hash_test: prose-only, purposeless, invalid-hash and invalid-phase input is refused" time="0.000308" classname="test" file="C:\dev\insight\Epistemic-Foundry\packages\context-capsule\src\capsule-hash.test.mjs"/>
	<testcase name="capsule_hash_test: capsule or summary tamper is detected before reuse" time="0.000433" classname="test" file="C:\dev\insight\Epistemic-Foundry\packages\context-capsule\src\capsule-hash.test.mjs"/>
	<testcase name="capsule_hash_test: hostile and noncanonical object input fails without invoking accessors" time="0.000250" classname="test" file="C:\dev\insight\Epistemic-Foundry\packages\context-capsule\src\capsule-hash.test.mjs"/>
	<testcase name="capsule_hash_test: null expiry is recordable but an inverted window is not" time="0.000461" classname="test" file="C:\dev\insight\Epistemic-Foundry\packages\context-capsule\src\capsule-hash.test.mjs"/>
	<testcase name="stale_capsule_test: intact capsule matching current canonical state is fresh" time="0.002674" classname="test" file="C:\dev\insight\Epistemic-Foundry\packages\context-capsule\src\stale-capsule.test.mjs"/>
	<testcase name="stale_capsule_test: missing expiry and expired capsule fail closed" time="0.000975" classname="test" file="C:\dev\insight\Epistemic-Foundry\packages\context-capsule\src\stale-capsule.test.mjs"/>
	<testcase name="stale_capsule_test: future-created capsule is not yet valid" time="0.000420" classname="test" file="C:\dev\insight\Epistemic-Foundry\packages\context-capsule\src\stale-capsule.test.mjs"/>
	<testcase name="stale_capsule_test: session and phase drift require reconstruction" time="0.001135" classname="test" file="C:\dev\insight\Epistemic-Foundry\packages\context-capsule\src\stale-capsule.test.mjs"/>
	<testcase name="stale_capsule_test: RunSpec and policy drift require reconstruction" time="0.000650" classname="test" file="C:\dev\insight\Epistemic-Foundry\packages\context-capsule\src\stale-capsule.test.mjs"/>
	<testcase name="stale_capsule_test: changed or missing included artifacts are stale" time="0.000842" classname="test" file="C:\dev\insight\Epistemic-Foundry\packages\context-capsule\src\stale-capsule.test.mjs"/>
	<testcase name="stale_capsule_test: newly visible artifact cannot be silently omitted" time="0.000389" classname="test" file="C:\dev\insight\Epistemic-Foundry\packages\context-capsule\src\stale-capsule.test.mjs"/>
	<testcase name="stale_capsule_test: excluded artifact absence does not resurrect it" time="0.000395" classname="test" file="C:\dev\insight\Epistemic-Foundry\packages\context-capsule\src\stale-capsule.test.mjs"/>
	<testcase name="stale_capsule_test: capsule tamper is rejected before freshness decisions" time="0.000351" classname="test" file="C:\dev\insight\Epistemic-Foundry\packages\context-capsule\src\stale-capsule.test.mjs"/>
	<testcase name="stale_capsule_test: hostile current-state input fails closed" time="0.000865" classname="test" file="C:\dev\insight\Epistemic-Foundry\packages\context-capsule\src\stale-capsule.test.mjs"/>
	<!-- tests 21 -->
	<!-- suites 0 -->
	<!-- pass 21 -->
	<!-- fail 0 -->
	<!-- cancelled 0 -->
	<!-- skipped 0 -->
	<!-- todo 0 -->
	<!-- duration_ms 749.9024 -->
</testsuites>
