<?xml version="1.0" encoding="utf-8"?>
<testsuites>
	<testcase name="fsm_property_test: every phase pair matches the exact class-specific FORGE graph" time="0.007539" classname="test" file="C:\dev\insight\Epistemic-Foundry\packages\foundry-kernel\src\forge\fsm\fsm-property.test.mjs"/>
	<testcase name="fsm_property_test: F01 exact projection drives forward edges and cannot be weakened" time="0.001804" classname="test" file="C:\dev\insight\Epistemic-Foundry\packages\foundry-kernel\src\forge\fsm\fsm-property.test.mjs"/>
	<testcase name="fsm_property_test: reducer is immutable, revision-bound, and hash deterministic" time="0.002545" classname="test" file="C:\dev\insight\Epistemic-Foundry\packages\foundry-kernel\src\forge\fsm\fsm-property.test.mjs"/>
	<testcase name="fsm_property_test: sealed inputs fail closed and transition identity binds semantic inputs" time="0.006636" classname="test" file="C:\dev\insight\Epistemic-Foundry\packages\foundry-kernel\src\forge\fsm\fsm-property.test.mjs"/>
	<testcase name="fsm_property_test: stale revision, wrong from phase, and illegal edges make no state" time="0.002113" classname="test" file="C:\dev\insight\Epistemic-Foundry\packages\foundry-kernel\src\forge\fsm\fsm-property.test.mjs"/>
	<testcase name="fsm_property_test: E closes to completed IDLE and completed sessions cannot restart" time="0.001274" classname="test" file="C:\dev\insight\Epistemic-Foundry\packages\foundry-kernel\src\forge\fsm\fsm-property.test.mjs"/>
	<testcase name="fsm_property_test: strict event replay reproduces the direct reducer chain" time="0.004227" classname="test" file="C:\dev\insight\Epistemic-Foundry\packages\foundry-kernel\src\forge\fsm\fsm-property.test.mjs"/>
	<testcase name="fsm_property_test: empty replay still verifies every sealed initial input" time="0.003539" classname="test" file="C:\dev\insight\Epistemic-Foundry\packages\foundry-kernel\src\forge\fsm\fsm-property.test.mjs"/>
	<testcase name="stale_propagation_test: G to O stales target and every downstream projection" time="0.011997" classname="test" file="C:\dev\insight\Epistemic-Foundry\packages\foundry-kernel\src\forge\fsm\stale-propagation.test.mjs"/>
	<testcase name="stale_propagation_test: every legal return edge has the target-inclusive suffix" time="0.020971" classname="test" file="C:\dev\insight\Epistemic-Foundry\packages\foundry-kernel\src\forge\fsm\stale-propagation.test.mjs"/>
	<testcase name="stale_propagation_test: stale suffix contains only phases reachable for the class" time="0.002785" classname="test" file="C:\dev\insight\Epistemic-Foundry\packages\foundry-kernel\src\forge\fsm\stale-propagation.test.mjs"/>
	<testcase name="stale_propagation_test: forward and close edges do not stale artifacts" time="0.001201" classname="test" file="C:\dev\insight\Epistemic-Foundry\packages\foundry-kernel\src\forge\fsm\stale-propagation.test.mjs"/>
	<testcase name="stale_propagation_test: projection identity is deterministic and event-bound" time="0.007867" classname="test" file="C:\dev\insight\Epistemic-Foundry\packages\foundry-kernel\src\forge\fsm\stale-propagation.test.mjs"/>
	<testcase name="stale_propagation_test: cross-session and unretained artifact sets fail closed" time="0.002108" classname="test" file="C:\dev\insight\Epistemic-Foundry\packages\foundry-kernel\src\forge\fsm\stale-propagation.test.mjs"/>
	<!-- tests 14 -->
	<!-- suites 0 -->
	<!-- pass 14 -->
	<!-- fail 0 -->
	<!-- cancelled 0 -->
	<!-- skipped 0 -->
	<!-- todo 0 -->
	<!-- duration_ms 366.9361 -->
</testsuites>
