........................................................................ [  5%]
........................................................................ [ 11%]
........................................................................ [ 17%]
........................................................................ [ 22%]
........................................................................ [ 28%]
........................................................................ [ 34%]
........................................................................ [ 39%]
........................................................................ [ 45%]
........................................................................ [ 51%]
........................................................................ [ 57%]
........................................................................ [ 62%]
........................................................................ [ 68%]
........................................................................ [ 74%]
........................................................................ [ 79%]
........................................................................ [ 85%]
........................................................................ [ 91%]
........................................................................ [ 97%]
.....................................                                    [100%]
- generated xml file: C:\dev\insight\Epistemic-Foundry\artifacts\work_packages\T05\attempts\0001\full-python-suite.junit.xml -
1261 passed in 56.64s
