<?xml version="1.0" encoding="utf-8"?>
<testsuites>
	<testcase name="h05_refuse: a host the gateway does not declare is refused" time="0.028739" classname="test" file="C:\dev\insight\Epistemic-Foundry\plugin_blueprint\epistemic-foundry\hooks\v4_h05\observability-adversarial.test.mjs"/>
	<testcase name="h05_refuse: a host outside the declared observed set is refused" time="0.029488" classname="test" file="C:\dev\insight\Epistemic-Foundry\plugin_blueprint\epistemic-foundry\hooks\v4_h05\observability-adversarial.test.mjs"/>
	<testcase name="h05_refuse: an event type the gateway does not declare is refused" time="0.027580" classname="test" file="C:\dev\insight\Epistemic-Foundry\plugin_blueprint\epistemic-foundry\hooks\v4_h05\observability-adversarial.test.mjs"/>
	<testcase name="h05_refuse: observing outside the evolution event surface is refused" time="0.028116" classname="test" file="C:\dev\insight\Epistemic-Foundry\plugin_blueprint\epistemic-foundry\hooks\v4_h05\observability-adversarial.test.mjs"/>
	<testcase name="h05_refuse: a bundle registering an undeclared event type is refused" time="0.025418" classname="test" file="C:\dev\insight\Epistemic-Foundry\plugin_blueprint\epistemic-foundry\hooks\v4_h05\observability-adversarial.test.mjs"/>
	<testcase name="h05_refuse: an empty evolution event surface is refused as vacuous" time="0.026887" classname="test" file="C:\dev\insight\Epistemic-Foundry\plugin_blueprint\epistemic-foundry\hooks\v4_h05\observability-adversarial.test.mjs"/>
	<testcase name="h05_refuse: a coverage disposition outside the gateway vocabulary is refused" time="0.031549" classname="test" file="C:\dev\insight\Epistemic-Foundry\plugin_blueprint\epistemic-foundry\hooks\v4_h05\observability-adversarial.test.mjs"/>
	<testcase name="h05_refuse: a coverage rank that is not the gateway vocabulary is refused" time="0.027391" classname="test" file="C:\dev\insight\Epistemic-Foundry\plugin_blueprint\epistemic-foundry\hooks\v4_h05\observability-adversarial.test.mjs"/>
	<testcase name="h05_refuse: a registration claiming more coverage than its hosts is refused" time="0.026841" classname="test" file="C:\dev\insight\Epistemic-Foundry\plugin_blueprint\epistemic-foundry\hooks\v4_h05\observability-adversarial.test.mjs"/>
	<testcase name="h05_refuse: a registration hiding coverage it actually has is refused" time="0.027967" classname="test" file="C:\dev\insight\Epistemic-Foundry\plugin_blueprint\epistemic-foundry\hooks\v4_h05\observability-adversarial.test.mjs"/>
	<testcase name="h05_refuse: an observer emitting a control-bearing decision is refused" time="0.031297" classname="test" file="C:\dev\insight\Epistemic-Foundry\plugin_blueprint\epistemic-foundry\hooks\v4_h05\observability-adversarial.test.mjs"/>
	<testcase name="h05_refuse: reclassifying a decision as control does not smuggle it back in" time="0.027750" classname="test" file="C:\dev\insight\Epistemic-Foundry\plugin_blueprint\epistemic-foundry\hooks\v4_h05\observability-adversarial.test.mjs"/>
	<testcase name="h05_refuse: a decision the gateway does not declare is refused" time="0.026085" classname="test" file="C:\dev\insight\Epistemic-Foundry\plugin_blueprint\epistemic-foundry\hooks\v4_h05\observability-adversarial.test.mjs"/>
	<testcase name="h05_refuse: an incomplete decision partition is refused" time="0.025156" classname="test" file="C:\dev\insight\Epistemic-Foundry\plugin_blueprint\epistemic-foundry\hooks\v4_h05\observability-adversarial.test.mjs"/>
	<testcase name="h05_refuse: an overlapping decision partition is refused" time="0.023336" classname="test" file="C:\dev\insight\Epistemic-Foundry\plugin_blueprint\epistemic-foundry\hooks\v4_h05\observability-adversarial.test.mjs"/>
	<testcase name="h05_refuse: requesting a hidden holdout partition is refused" time="0.029213" classname="test" file="C:\dev\insight\Epistemic-Foundry\plugin_blueprint\epistemic-foundry\hooks\v4_h05\observability-adversarial.test.mjs"/>
	<testcase name="h05_refuse: requesting a sealed holdout access flag is refused" time="0.028265" classname="test" file="C:\dev\insight\Epistemic-Foundry\plugin_blueprint\epistemic-foundry\hooks\v4_h05\observability-adversarial.test.mjs"/>
	<testcase name="h05_refuse: requesting a field the holdout schema does not declare is refused" time="0.030866" classname="test" file="C:\dev\insight\Epistemic-Foundry\plugin_blueprint\epistemic-foundry\hooks\v4_h05\observability-adversarial.test.mjs"/>
	<testcase name="h05_refuse: a holdout schema that pins nothing closed is refused as vacuous" time="0.030591" classname="test" file="C:\dev\insight\Epistemic-Foundry\plugin_blueprint\epistemic-foundry\hooks\v4_h05\observability-adversarial.test.mjs"/>
	<testcase name="h05_refuse: two registrations sharing one identifier are refused" time="0.028514" classname="test" file="C:\dev\insight\Epistemic-Foundry\plugin_blueprint\epistemic-foundry\hooks\v4_h05\observability-adversarial.test.mjs"/>
	<testcase name="h05_refuse: two registrations claiming one host and event pair are refused" time="0.031865" classname="test" file="C:\dev\insight\Epistemic-Foundry\plugin_blueprint\epistemic-foundry\hooks\v4_h05\observability-adversarial.test.mjs"/>
	<testcase name="h05_refuse: an unsorted declaration is refused" time="0.029157" classname="test" file="C:\dev\insight\Epistemic-Foundry\plugin_blueprint\epistemic-foundry\hooks\v4_h05\observability-adversarial.test.mjs"/>
	<testcase name="h05_refuse: a repeated host entry is refused" time="0.028627" classname="test" file="C:\dev\insight\Epistemic-Foundry\plugin_blueprint\epistemic-foundry\hooks\v4_h05\observability-adversarial.test.mjs"/>
	<testcase name="h05_refuse: an unexpected field on a registration is refused" time="0.029006" classname="test" file="C:\dev\insight\Epistemic-Foundry\plugin_blueprint\epistemic-foundry\hooks\v4_h05\observability-adversarial.test.mjs"/>
	<testcase name="h05_refuse: a missing registration-set field is refused" time="0.027876" classname="test" file="C:\dev\insight\Epistemic-Foundry\plugin_blueprint\epistemic-foundry\hooks\v4_h05\observability-adversarial.test.mjs"/>
	<testcase name="h05_refuse: a non-positive hook timeout is refused" time="0.027648" classname="test" file="C:\dev\insight\Epistemic-Foundry\plugin_blueprint\epistemic-foundry\hooks\v4_h05\observability-adversarial.test.mjs"/>
	<testcase name="h05_refuse: a missing registration file is refused rather than treated as empty" time="0.024340" classname="test" file="C:\dev\insight\Epistemic-Foundry\plugin_blueprint\epistemic-foundry\hooks\v4_h05\observability-adversarial.test.mjs"/>
	<testcase name="h05_refuse: a bundle without a hooks object is refused" time="0.000243" classname="test" file="C:\dev\insight\Epistemic-Foundry\plugin_blueprint\epistemic-foundry\hooks\v4_h05\observability-adversarial.test.mjs"/>
	<testcase name="h05_refuse: an observation for an undeclared registration is refused" time="0.000316" classname="test" file="C:\dev\insight\Epistemic-Foundry\plugin_blueprint\epistemic-foundry\hooks\v4_h05\observability-adversarial.test.mjs"/>
	<testcase name="h05_refuse: an observation from a host the registration does not watch is refused" time="0.000115" classname="test" file="C:\dev\insight\Epistemic-Foundry\plugin_blueprint\epistemic-foundry\hooks\v4_h05\observability-adversarial.test.mjs"/>
	<testcase name="h05_refuse: an observation for an event the registration does not watch is refused" time="0.000095" classname="test" file="C:\dev\insight\Epistemic-Foundry\plugin_blueprint\epistemic-foundry\hooks\v4_h05\observability-adversarial.test.mjs"/>
	<testcase name="h05_refuse: an observation without a caller timestamp is refused" time="0.000086" classname="test" file="C:\dev\insight\Epistemic-Foundry\plugin_blueprint\epistemic-foundry\hooks\v4_h05\observability-adversarial.test.mjs"/>
	<testcase name="h05_refuse: an observation carrying holdout-flagged material is refused" time="0.000211" classname="test" file="C:\dev\insight\Epistemic-Foundry\plugin_blueprint\epistemic-foundry\hooks\v4_h05\observability-adversarial.test.mjs"/>
	<testcase name="h05_refuse: holdout material nested inside an observed payload is refused" time="0.000123" classname="test" file="C:\dev\insight\Epistemic-Foundry\plugin_blueprint\epistemic-foundry\hooks\v4_h05\observability-adversarial.test.mjs"/>
	<testcase name="h05_refuse: a non-object observation payload is refused" time="0.000133" classname="test" file="C:\dev\insight\Epistemic-Foundry\plugin_blueprint\epistemic-foundry\hooks\v4_h05\observability-adversarial.test.mjs"/>
	<testcase name="h05_refuse: an envelope altered after sealing is refused" time="0.002868" classname="test" file="C:\dev\insight\Epistemic-Foundry\plugin_blueprint\epistemic-foundry\hooks\v4_h05\observability-adversarial.test.mjs"/>
	<testcase name="h05_refuse: an envelope that is not the declared object is refused" time="0.000394" classname="test" file="C:\dev\insight\Epistemic-Foundry\plugin_blueprint\epistemic-foundry\hooks\v4_h05\observability-adversarial.test.mjs"/>
	<testcase name="h05_refuse: a coverage claim asserting full coverage is refused" time="0.000743" classname="test" file="C:\dev\insight\Epistemic-Foundry\plugin_blueprint\epistemic-foundry\hooks\v4_h05\observability-adversarial.test.mjs"/>
	<testcase name="h05_refuse: a coverage claim erasing an observed event type is refused" time="0.000235" classname="test" file="C:\dev\insight\Epistemic-Foundry\plugin_blueprint\epistemic-foundry\hooks\v4_h05\observability-adversarial.test.mjs"/>
	<testcase name="h05_refuse: a coverage claim omitting an unobserved pair is refused" time="0.000251" classname="test" file="C:\dev\insight\Epistemic-Foundry\plugin_blueprint\epistemic-foundry\hooks\v4_h05\observability-adversarial.test.mjs"/>
	<testcase name="h05_refuse: a coverage claim inventing an unobserved pair is refused" time="0.000165" classname="test" file="C:\dev\insight\Epistemic-Foundry\plugin_blueprint\epistemic-foundry\hooks\v4_h05\observability-adversarial.test.mjs"/>
	<testcase name="h05_refuse: a coverage claim outside the gateway vocabulary is refused" time="0.000148" classname="test" file="C:\dev\insight\Epistemic-Foundry\plugin_blueprint\epistemic-foundry\hooks\v4_h05\observability-adversarial.test.mjs"/>
	<testcase name="h05_refuse: a coverage claim that is not the declared object is refused" time="0.000083" classname="test" file="C:\dev\insight\Epistemic-Foundry\plugin_blueprint\epistemic-foundry\hooks\v4_h05\observability-adversarial.test.mjs"/>
	<testcase name="h05_contract: the registration set observes the evolution and holdout surface" time="0.001554" classname="test" file="C:\dev\insight\Epistemic-Foundry\plugin_blueprint\epistemic-foundry\hooks\v4_h05\observability-contract.test.mjs"/>
	<testcase name="h05_contract: each host and event pair has exactly one owning registration" time="0.000203" classname="test" file="C:\dev\insight\Epistemic-Foundry\plugin_blueprint\epistemic-foundry\hooks\v4_h05\observability-contract.test.mjs"/>
	<testcase name="h05_contract: an observation carries the registration's declared coverage" time="0.002774" classname="test" file="C:\dev\insight\Epistemic-Foundry\plugin_blueprint\epistemic-foundry\hooks\v4_h05\observability-contract.test.mjs"/>
	<testcase name="h05_contract: a partially covered registration stamps its envelopes PARTIAL" time="0.001131" classname="test" file="C:\dev\insight\Epistemic-Foundry\plugin_blueprint\epistemic-foundry\hooks\v4_h05\observability-contract.test.mjs"/>
	<testcase name="h05_contract: an observation never allows, blocks or rewrites the host action" time="0.001277" classname="test" file="C:\dev\insight\Epistemic-Foundry\plugin_blueprint\epistemic-foundry\hooks\v4_h05\observability-contract.test.mjs"/>
	<testcase name="h05_contract: an emitted envelope is frozen and re-derives its own hash" time="0.000724" classname="test" file="C:\dev\insight\Epistemic-Foundry\plugin_blueprint\epistemic-foundry\hooks\v4_h05\observability-contract.test.mjs"/>
	<testcase name="h05_contract: the caller's timestamp is the only clock" time="0.000941" classname="test" file="C:\dev\insight\Epistemic-Foundry\plugin_blueprint\epistemic-foundry\hooks\v4_h05\observability-contract.test.mjs"/>
	<testcase name="h05_contract: the observed payload is not mutated by observing it" time="0.001397" classname="test" file="C:\dev\insight\Epistemic-Foundry\plugin_blueprint\epistemic-foundry\hooks\v4_h05\observability-contract.test.mjs"/>
	<testcase name="h05_contract: the coverage report names an unobserved disposition, never a silence" time="0.000281" classname="test" file="C:\dev\insight\Epistemic-Foundry\plugin_blueprint\epistemic-foundry\hooks\v4_h05\observability-contract.test.mjs"/>
	<testcase name="h05_contract: every unobserved host and event pair is listed explicitly" time="0.000426" classname="test" file="C:\dev\insight\Epistemic-Foundry\plugin_blueprint\epistemic-foundry\hooks\v4_h05\observability-contract.test.mjs"/>
	<testcase name="h05_contract: a host the gateway declares but nobody observes is named" time="0.000346" classname="test" file="C:\dev\insight\Epistemic-Foundry\plugin_blueprint\epistemic-foundry\hooks\v4_h05\observability-contract.test.mjs"/>
	<testcase name="h05_contract: registration coverage is scoped, report coverage is absolute" time="0.000150" classname="test" file="C:\dev\insight\Epistemic-Foundry\plugin_blueprint\epistemic-foundry\hooks\v4_h05\observability-contract.test.mjs"/>
	<testcase name="h05_contract: an honest coverage claim is accepted" time="0.000512" classname="test" file="C:\dev\insight\Epistemic-Foundry\plugin_blueprint\epistemic-foundry\hooks\v4_h05\observability-contract.test.mjs"/>
	<testcase name="h05_contract: the projected bundle mirrors the plugin's own hook bundle shape" time="0.000276" classname="test" file="C:\dev\insight\Epistemic-Foundry\plugin_blueprint\epistemic-foundry\hooks\v4_h05\observability-contract.test.mjs"/>
	<testcase name="h05_contract: the projection is not wired into the plugin manifest, and says so" time="0.004778" classname="test" file="C:\dev\insight\Epistemic-Foundry\plugin_blueprint\epistemic-foundry\hooks\v4_h05\observability-contract.test.mjs"/>
	<testcase name="h05_contract: a payload naming no holdout-flagged field yields no flagged path" time="0.000279" classname="test" file="C:\dev\insight\Epistemic-Foundry\plugin_blueprint\epistemic-foundry\hooks\v4_h05\observability-contract.test.mjs"/>
	<testcase name="h05_contract: holdout-flagged material is found however deeply it is nested" time="0.000167" classname="test" file="C:\dev\insight\Epistemic-Foundry\plugin_blueprint\epistemic-foundry\hooks\v4_h05\observability-contract.test.mjs"/>
	<testcase name="h05_contract: the loaded surface is frozen and holds no writable state" time="0.000150" classname="test" file="C:\dev\insight\Epistemic-Foundry\plugin_blueprint\epistemic-foundry\hooks\v4_h05\observability-contract.test.mjs"/>
	<testcase name="h05_receipt: the receipt re-derives its own hash from the fields it publishes" time="0.001277" classname="test" file="C:\dev\insight\Epistemic-Foundry\plugin_blueprint\epistemic-foundry\hooks\v4_h05\observability-receipts.test.mjs"/>
	<testcase name="h05_receipt: the receipt identifier is derived from the hash" time="0.000265" classname="test" file="C:\dev\insight\Epistemic-Foundry\plugin_blueprint\epistemic-foundry\hooks\v4_h05\observability-receipts.test.mjs"/>
	<testcase name="h05_receipt: the same repository yields the same receipt" time="0.007922" classname="test" file="C:\dev\insight\Epistemic-Foundry\plugin_blueprint\epistemic-foundry\hooks\v4_h05\observability-receipts.test.mjs"/>
	<testcase name="h05_receipt: every declaring source is bound by its actual digest" time="0.002256" classname="test" file="C:\dev\insight\Epistemic-Foundry\plugin_blueprint\epistemic-foundry\hooks\v4_h05\observability-receipts.test.mjs"/>
	<testcase name="h05_receipt: a changed registration set changes the receipt" time="0.037804" classname="test" file="C:\dev\insight\Epistemic-Foundry\plugin_blueprint\epistemic-foundry\hooks\v4_h05\observability-receipts.test.mjs"/>
	<testcase name="h05_receipt: dropping a registration changes the receipt and widens the gap" time="0.039512" classname="test" file="C:\dev\insight\Epistemic-Foundry\plugin_blueprint\epistemic-foundry\hooks\v4_h05\observability-receipts.test.mjs"/>
	<testcase name="h05_receipt: the gateway vocabulary is republished, not restated" time="0.000273" classname="test" file="C:\dev\insight\Epistemic-Foundry\plugin_blueprint\epistemic-foundry\hooks\v4_h05\observability-receipts.test.mjs"/>
	<testcase name="h05_receipt: what is not observed is recorded rather than implied" time="0.000208" classname="test" file="C:\dev\insight\Epistemic-Foundry\plugin_blueprint\epistemic-foundry\hooks\v4_h05\observability-receipts.test.mjs"/>
	<testcase name="h05_receipt: no event type is published as fully covered" time="0.000213" classname="test" file="C:\dev\insight\Epistemic-Foundry\plugin_blueprint\epistemic-foundry\hooks\v4_h05\observability-receipts.test.mjs"/>
	<testcase name="h05_receipt: the holdout material observability never reads is named" time="0.000227" classname="test" file="C:\dev\insight\Epistemic-Foundry\plugin_blueprint\epistemic-foundry\hooks\v4_h05\observability-receipts.test.mjs"/>
	<testcase name="h05_receipt: the projected bundle is bound by hash and is re-derivable" time="0.000300" classname="test" file="C:\dev\insight\Epistemic-Foundry\plugin_blueprint\epistemic-foundry\hooks\v4_h05\observability-receipts.test.mjs"/>
	<testcase name="h05_receipt: the receipt records that the plugin manifest does not load it" time="0.000110" classname="test" file="C:\dev\insight\Epistemic-Foundry\plugin_blueprint\epistemic-foundry\hooks\v4_h05\observability-receipts.test.mjs"/>
	<testcase name="h05_receipt: a changed projection changes the bundle hash and the receipt" time="0.035886" classname="test" file="C:\dev\insight\Epistemic-Foundry\plugin_blueprint\epistemic-foundry\hooks\v4_h05\observability-receipts.test.mjs"/>
	<testcase name="h05_receipt: an observation envelope re-derives its own hash" time="0.003111" classname="test" file="C:\dev\insight\Epistemic-Foundry\plugin_blueprint\epistemic-foundry\hooks\v4_h05\observability-receipts.test.mjs"/>
	<testcase name="h05_receipt: the observability module holds no clock and no randomness" time="0.000464" classname="test" file="C:\dev\insight\Epistemic-Foundry\plugin_blueprint\epistemic-foundry\hooks\v4_h05\observability-receipts.test.mjs"/>
	<testcase name="h05_receipt: the receipt is canonical JSON and frozen" time="0.000806" classname="test" file="C:\dev\insight\Epistemic-Foundry\plugin_blueprint\epistemic-foundry\hooks\v4_h05\observability-receipts.test.mjs"/>
	<testcase name="h05_schema: every declared host is one the sealed gateway declares" time="0.001184" classname="test" file="C:\dev\insight\Epistemic-Foundry\plugin_blueprint\epistemic-foundry\hooks\v4_h05\observability-schema.test.mjs"/>
	<testcase name="h05_schema: every declared event type is one the sealed gateway declares" time="0.000132" classname="test" file="C:\dev\insight\Epistemic-Foundry\plugin_blueprint\epistemic-foundry\hooks\v4_h05\observability-schema.test.mjs"/>
	<testcase name="h05_schema: the evolution event surface is derived from the plugin's own bundles" time="0.001316" classname="test" file="C:\dev\insight\Epistemic-Foundry\plugin_blueprint\epistemic-foundry\hooks\v4_h05\observability-schema.test.mjs"/>
	<testcase name="h05_schema: no registration observes an event type outside that surface" time="0.000133" classname="test" file="C:\dev\insight\Epistemic-Foundry\plugin_blueprint\epistemic-foundry\hooks\v4_h05\observability-schema.test.mjs"/>
	<testcase name="h05_schema: every declared coverage disposition is gateway vocabulary" time="0.000122" classname="test" file="C:\dev\insight\Epistemic-Foundry\plugin_blueprint\epistemic-foundry\hooks\v4_h05\observability-schema.test.mjs"/>
	<testcase name="h05_schema: the decision sets partition the gateway decision vocabulary" time="0.000186" classname="test" file="C:\dev\insight\Epistemic-Foundry\plugin_blueprint\epistemic-foundry\hooks\v4_h05\observability-schema.test.mjs"/>
	<testcase name="h05_schema: no registration emits a control-bearing decision" time="0.000127" classname="test" file="C:\dev\insight\Epistemic-Foundry\plugin_blueprint\epistemic-foundry\hooks\v4_h05\observability-schema.test.mjs"/>
	<testcase name="h05_schema: the holdout isolation set is derived from the sealed schema" time="0.000355" classname="test" file="C:\dev\insight\Epistemic-Foundry\plugin_blueprint\epistemic-foundry\hooks\v4_h05\observability-schema.test.mjs"/>
	<testcase name="h05_schema: every declared access flag is pinned closed by the sealed schema" time="0.000311" classname="test" file="C:\dev\insight\Epistemic-Foundry\plugin_blueprint\epistemic-foundry\hooks\v4_h05\observability-schema.test.mjs"/>
	<testcase name="h05_schema: every requested payload field is declared and none is holdout-flagged" time="0.000232" classname="test" file="C:\dev\insight\Epistemic-Foundry\plugin_blueprint\epistemic-foundry\hooks\v4_h05\observability-schema.test.mjs"/>
	<testcase name="h05_schema: the registration set declares exactly the fields the loader requires" time="0.000148" classname="test" file="C:\dev\insight\Epistemic-Foundry\plugin_blueprint\epistemic-foundry\hooks\v4_h05\observability-schema.test.mjs"/>
	<testcase name="h05_schema: the runner command prefix is derived from the bundle that uses it" time="0.000567" classname="test" file="C:\dev\insight\Epistemic-Foundry\plugin_blueprint\epistemic-foundry\hooks\v4_h05\observability-schema.test.mjs"/>
	<testcase name="h05_schema: every finding code carries a code and a reason" time="0.000168" classname="test" file="C:\dev\insight\Epistemic-Foundry\plugin_blueprint\epistemic-foundry\hooks\v4_h05\observability-schema.test.mjs"/>
	<testcase name="h05_schema: the declaring sources are exactly the files this module reads" time="0.001659" classname="test" file="C:\dev\insight\Epistemic-Foundry\plugin_blueprint\epistemic-foundry\hooks\v4_h05\observability-schema.test.mjs"/>
	<testcase name="h05_schema: the coverage report names every gateway host and event type" time="0.000363" classname="test" file="C:\dev\insight\Epistemic-Foundry\plugin_blueprint\epistemic-foundry\hooks\v4_h05\observability-schema.test.mjs"/>
	<testcase name="h05_schema: an emitted observation validates against the canonical envelope schema" time="0.342102" classname="test" file="C:\dev\insight\Epistemic-Foundry\plugin_blueprint\epistemic-foundry\hooks\v4_h05\observability-schema.test.mjs"/>
	<!-- tests 93 -->
	<!-- suites 0 -->
	<!-- pass 93 -->
	<!-- fail 0 -->
	<!-- cancelled 0 -->
	<!-- skipped 0 -->
	<!-- todo 0 -->
	<!-- duration_ms 1819.0162 -->
</testsuites>
