<?xml version="1.0" encoding="utf-8"?>
<testsuites>
	<testcase name="g06_receipt: the receipt re-derives its own hash from the fields it publishes" time="0.000810" classname="test" file="C:\dev\insight\Epistemic-Foundry\plugin_blueprint\epistemic-foundry\v4_g06\packaging-receipts.test.mjs"/>
	<testcase name="g06_receipt: the receipt identifier is derived from the hash" time="0.000155" classname="test" file="C:\dev\insight\Epistemic-Foundry\plugin_blueprint\epistemic-foundry\v4_g06\packaging-receipts.test.mjs"/>
	<testcase name="g06_receipt: the same repository yields the same receipt" time="0.028946" classname="test" file="C:\dev\insight\Epistemic-Foundry\plugin_blueprint\epistemic-foundry\v4_g06\packaging-receipts.test.mjs"/>
	<testcase name="g06_receipt: every declaring source is bound by its actual digest" time="0.005408" classname="test" file="C:\dev\insight\Epistemic-Foundry\plugin_blueprint\epistemic-foundry\v4_g06\packaging-receipts.test.mjs"/>
	<testcase name="g06_receipt: a changed manifest changes the receipt" time="0.638952" classname="test" file="C:\dev\insight\Epistemic-Foundry\plugin_blueprint\epistemic-foundry\v4_g06\packaging-receipts.test.mjs"/>
	<testcase name="g06_receipt: the authority the package denies and the commands that carry it are named" time="0.000246" classname="test" file="C:\dev\insight\Epistemic-Foundry\plugin_blueprint\epistemic-foundry\v4_g06\packaging-receipts.test.mjs"/>
	<testcase name="g06_receipt: the receipt records the discovery reality it found" time="0.000133" classname="test" file="C:\dev\insight\Epistemic-Foundry\plugin_blueprint\epistemic-foundry\v4_g06\packaging-receipts.test.mjs"/>
	<testcase name="g06_receipt: the hook-event scope is published, derived from H05" time="0.000149" classname="test" file="C:\dev\insight\Epistemic-Foundry\plugin_blueprint\epistemic-foundry\v4_g06\packaging-receipts.test.mjs"/>
	<testcase name="g06_integration: a FULL integration receipt re-derives its own hash" time="0.003853" classname="test" file="C:\dev\insight\Epistemic-Foundry\plugin_blueprint\epistemic-foundry\v4_g06\packaging-receipts.test.mjs"/>
	<testcase name="g06_integration: a blocked integration is recorded as an immutable receipt" time="0.001595" classname="test" file="C:\dev\insight\Epistemic-Foundry\plugin_blueprint\epistemic-foundry\v4_g06\packaging-receipts.test.mjs"/>
	<testcase name="g06_integration: the same observation yields the same integration receipt" time="0.002266" classname="test" file="C:\dev\insight\Epistemic-Foundry\plugin_blueprint\epistemic-foundry\v4_g06\packaging-receipts.test.mjs"/>
	<testcase name="g06_receipt: the packaging surface holds no clock and no randomness" time="0.000512" classname="test" file="C:\dev\insight\Epistemic-Foundry\plugin_blueprint\epistemic-foundry\v4_g06\packaging-receipts.test.mjs"/>
	<testcase name="g06_receipt: the receipt is canonical JSON" time="0.000217" classname="test" file="C:\dev\insight\Epistemic-Foundry\plugin_blueprint\epistemic-foundry\v4_g06\packaging-receipts.test.mjs"/>
	<!-- tests 13 -->
	<!-- suites 0 -->
	<!-- pass 13 -->
	<!-- fail 0 -->
	<!-- cancelled 0 -->
	<!-- skipped 0 -->
	<!-- todo 0 -->
	<!-- duration_ms 863.7251 -->
</testsuites>
