<?xml version="1.0" encoding="utf-8"?>
<testsuites>
	<testcase name="compaction_resume_test: sealed fresh capsule restores phase, blockers and authority" time="0.004684" classname="test" file="C:\dev\insight\Epistemic-Foundry\tests\golden\compaction\compaction-resume.test.mjs"/>
	<testcase name="compaction_resume_test: a prose-only summary cannot replace canonical artifacts" time="0.001030" classname="test" file="C:\dev\insight\Epistemic-Foundry\tests\golden\compaction\compaction-resume.test.mjs"/>
	<testcase name="compaction_resume_test: missing or invalid sealed receipt prevents resume" time="0.001567" classname="test" file="C:\dev\insight\Epistemic-Foundry\tests\golden\compaction\compaction-resume.test.mjs"/>
	<testcase name="compaction_resume_test: summary and capsule tampering fail before recovery" time="0.002952" classname="test" file="C:\dev\insight\Epistemic-Foundry\tests\golden\compaction\compaction-resume.test.mjs"/>
	<testcase name="compaction_resume_test: missing, changed and newly visible artifacts fail closed" time="0.002798" classname="test" file="C:\dev\insight\Epistemic-Foundry\tests\golden\compaction\compaction-resume.test.mjs"/>
	<testcase name="context_poisoning_test: conflicting prose cannot alter phase, blockers or authority" time="0.004862" classname="test" file="C:\dev\insight\Epistemic-Foundry\tests\golden\compaction\context-poisoning.test.mjs"/>
	<testcase name="context_poisoning_test: attacker-rehashed capsule still fails external receipt binding" time="0.002126" classname="test" file="C:\dev\insight\Epistemic-Foundry\tests\golden\compaction\context-poisoning.test.mjs"/>
	<testcase name="context_poisoning_test: excluded content never becomes recovery authority" time="0.002710" classname="test" file="C:\dev\insight\Epistemic-Foundry\tests\golden\compaction\context-poisoning.test.mjs"/>
	<testcase name="context_poisoning_test: phase, RunSpec and policy drift cannot be narrated away" time="0.002788" classname="test" file="C:\dev\insight\Epistemic-Foundry\tests\golden\compaction\context-poisoning.test.mjs"/>
	<testcase name="context_poisoning_test: accessor and unknown-field recovery inputs fail closed" time="0.001077" classname="test" file="C:\dev\insight\Epistemic-Foundry\tests\golden\compaction\context-poisoning.test.mjs"/>
	<!-- tests 10 -->
	<!-- suites 0 -->
	<!-- pass 10 -->
	<!-- fail 0 -->
	<!-- cancelled 0 -->
	<!-- skipped 0 -->
	<!-- todo 0 -->
	<!-- duration_ms 366.1966 -->
</testsuites>
