{
  "artifact_count": 2,
  "artifacts": {
    "epistemic_foundry-4.0.0-py3-none-any.whl": {
      "bytes": 474204,
      "sha256": "sha256:f8720c92849fc4474d9992745d0b5266e509a1cf09d590d7f5013cb19b43b83b"
    },
    "epistemic_foundry-4.0.0.tar.gz": {
      "bytes": 395818,
      "sha256": "sha256:ab772756adb2bb77f49ceea5b9602f92ddbe1c08b76303dacca44c44b1fd638e"
    }
  },
  "blocked_pins": 1,
  "executable_pins": 5,
  "outputs": [
    "build/v4_b06/gate-manifest.json",
    "build/v4_b06/pin-ledger.json",
    "build/v4_b06/reproducible-build.json"
  ],
  "source_snapshot_sha256": "sha256:86e8e4faa0d3207410df94a1ff7134d9254b32768566f0e0b77ed43b2cbe636a",
  "status": "PASS"
}
