<?xml version="1.0" encoding="utf-8"?>
<testsuites>
	<testcase name="semantic_replay_report: distinct run and event identities are semantic, never strict exact" time="0.002163" classname="test" file="C:\dev\insight\Epistemic-Foundry\tests\replay\effects\semantic-replay.test.mjs"/>
	<testcase name="semantic_replay_report: model pin drift remains visible across equivalent outcomes" time="0.241024" classname="test" file="C:\dev\insight\Epistemic-Foundry\tests\replay\effects\semantic-replay.test.mjs"/>
	<testcase name="semantic_replay_report: multiple changed pins are classified without erasure" time="0.000438" classname="test" file="C:\dev\insight\Epistemic-Foundry\tests\replay\effects\semantic-replay.test.mjs"/>
	<testcase name="semantic_replay_report: gate and verdict changes are explicit semantic DRIFT" time="0.248549" classname="test" file="C:\dev\insight\Epistemic-Foundry\tests\replay\effects\semantic-replay.test.mjs"/>
	<testcase name="semantic_replay_report: changed semantic state is DRIFT even when gates and verdicts match" time="0.000512" classname="test" file="C:\dev\insight\Epistemic-Foundry\tests\replay\effects\semantic-replay.test.mjs"/>
	<testcase name="semantic_replay_report: missing required pins make the runs NOT_COMPARABLE" time="0.000293" classname="test" file="C:\dev\insight\Epistemic-Foundry\tests\replay\effects\semantic-replay.test.mjs"/>
	<testcase name="semantic_replay_report: report hash excludes itself and rejects mutation or placeholders" time="0.000867" classname="test" file="C:\dev\insight\Epistemic-Foundry\tests\replay\effects\semantic-replay.test.mjs"/>
	<testcase name="semantic_replay_report: floating or malformed pins are rejected before comparison" time="0.000334" classname="test" file="C:\dev\insight\Epistemic-Foundry\tests\replay\effects\semantic-replay.test.mjs"/>
	<testcase name="semantic_replay_report: strict identity cannot be empty or detached from replay state" time="0.000508" classname="test" file="C:\dev\insight\Epistemic-Foundry\tests\replay\effects\semantic-replay.test.mjs"/>
	<testcase name="semantic_replay_report: canonical hashing rejects accessors and invalid Unicode without execution" time="0.000337" classname="test" file="C:\dev\insight\Epistemic-Foundry\tests\replay\effects\semantic-replay.test.mjs"/>
	<testcase name="strict_replay_test: E02 and E03 durable events rebuild exactly and match live projections" time="1.341841" classname="test" file="C:\dev\insight\Epistemic-Foundry\tests\replay\effects\strict-replay.test.mjs"/>
	<testcase name="strict_replay_test: reopening both durable stores preserves stream and reducer identity" time="1.080920" classname="test" file="C:\dev\insight\Epistemic-Foundry\tests\replay\effects\strict-replay.test.mjs"/>
	<testcase name="strict_replay_test: exact retries append no events and do not change replay state" time="1.959342" classname="test" file="C:\dev\insight\Epistemic-Foundry\tests\replay\effects\strict-replay.test.mjs"/>
	<testcase name="strict_replay_test: exact pins and identical stream identity produce a schema-valid EXACT report" time="1.316004" classname="test" file="C:\dev\insight\Epistemic-Foundry\tests\replay\effects\strict-replay.test.mjs"/>
	<testcase name="strict_replay_test: tampered payload bytes fail closed before equivalence" time="0.835693" classname="test" file="C:\dev\insight\Epistemic-Foundry\tests\replay\effects\strict-replay.test.mjs"/>
	<testcase name="strict_replay_test: missing payload bytes fail closed before equivalence" time="0.884674" classname="test" file="C:\dev\insight\Epistemic-Foundry\tests\replay\effects\strict-replay.test.mjs"/>
	<testcase name="strict_replay_test: duplicate logical payload identities fail closed" time="0.992449" classname="test" file="C:\dev\insight\Epistemic-Foundry\tests\replay\effects\strict-replay.test.mjs"/>
	<testcase name="strict_replay_test: event envelopes cannot rebind a valid payload to another aggregate" time="0.785593" classname="test" file="C:\dev\insight\Epistemic-Foundry\tests\replay\effects\strict-replay.test.mjs"/>
	<!-- tests 18 -->
	<!-- suites 0 -->
	<!-- pass 18 -->
	<!-- fail 0 -->
	<!-- cancelled 0 -->
	<!-- skipped 0 -->
	<!-- todo 0 -->
	<!-- duration_ms 9949.8798 -->
</testsuites>
