........................................................................ [  5%]
........................................................................ [ 10%]
........................................................................ [ 16%]
........................................................................ [ 21%]
........................................................................ [ 27%]
........................................................................ [ 32%]
........................................................................ [ 38%]
........................................................................ [ 43%]
........................................................................ [ 49%]
........................................................................ [ 54%]
........................................................................ [ 60%]
........................................................................ [ 65%]
........................................................................ [ 71%]
........................................................................ [ 76%]
........................................................................ [ 82%]
........................................................................ [ 87%]
........................................................................ [ 93%]
........................................................................ [ 98%]
................                                                         [100%]
- generated xml file: C:\dev\insight\Epistemic-Foundry\artifacts\work_packages\Z04\attempts\0001\full-python-suite.junit.xml -
1312 passed in 54.49s
