<?xml version="1.0" encoding="utf-8"?>
<testsuites>
	<testcase name="the bound document digest matches the bytes on disk" time="0.003476" classname="test" file="C:\dev\insight\Epistemic-Foundry\packages\ui-api\src\openapi\openapi-receipts.test.mjs"/>
	<testcase name="the packaged canonical projection is byte-identical to the source authority" time="0.002235" classname="test" file="C:\dev\insight\Epistemic-Foundry\packages\ui-api\src\openapi\openapi-receipts.test.mjs"/>
	<testcase name="the route table digest is re-derivable from the route table" time="0.008437" classname="test" file="C:\dev\insight\Epistemic-Foundry\packages\ui-api\src\openapi\openapi-receipts.test.mjs"/>
	<testcase name="the coverage record digest is re-derivable from the record" time="0.000698" classname="test" file="C:\dev\insight\Epistemic-Foundry\packages\ui-api\src\openapi\openapi-receipts.test.mjs"/>
	<testcase name="changing any field of a coverage record changes its digest" time="0.000423" classname="test" file="C:\dev\insight\Epistemic-Foundry\packages\ui-api\src\openapi\openapi-receipts.test.mjs"/>
	<testcase name="canonical JSON is key-order independent and whitespace-free" time="0.000491" classname="test" file="C:\dev\insight\Epistemic-Foundry\packages\ui-api\src\openapi\openapi-receipts.test.mjs"/>
	<testcase name="every generated file names its generator and its source document bytes" time="0.003739" classname="test" file="C:\dev\insight\Epistemic-Foundry\packages\ui-api\src\openapi\openapi-receipts.test.mjs"/>
	<testcase name="the generated route manifest agrees with the Node projection field for field" time="0.003837" classname="test" file="C:\dev\insight\Epistemic-Foundry\packages\ui-api\src\openapi\openapi-receipts.test.mjs"/>
	<testcase name="regenerating the client reproduces the committed bytes exactly" time="0.773944" classname="test" file="C:\dev\insight\Epistemic-Foundry\packages\ui-api\src\openapi\openapi-receipts.test.mjs"/>
	<testcase name="the generator refuses the committed tree when it drifts" time="1.884808" classname="test" file="C:\dev\insight\Epistemic-Foundry\packages\ui-api\src\openapi\openapi-receipts.test.mjs"/>
	<testcase name="no product module reads a clock or a random source" time="0.006019" classname="test" file="C:\dev\insight\Epistemic-Foundry\packages\ui-api\src\openapi\openapi-receipts.test.mjs"/>
	<!-- tests 11 -->
	<!-- suites 0 -->
	<!-- pass 11 -->
	<!-- fail 0 -->
	<!-- cancelled 0 -->
	<!-- skipped 0 -->
	<!-- todo 0 -->
	<!-- duration_ms 3024.6798 -->
</testsuites>
