<?xml version="1.0" encoding="utf-8"?>
<testsuites>
	<testcase name="the projection and the document declare exactly the same operations" time="0.002435" classname="test" file="C:\dev\insight\Epistemic-Foundry\packages\ui-api\src\openapi\openapi-contract.test.mjs"/>
	<testcase name="the projection resolves component references the document indirects through" time="0.000280" classname="test" file="C:\dev\insight\Epistemic-Foundry\packages\ui-api\src\openapi\openapi-contract.test.mjs"/>
	<testcase name="an inline composed response schema is projected as inline, not invented" time="0.000247" classname="test" file="C:\dev\insight\Epistemic-Foundry\packages\ui-api\src\openapi\openapi-contract.test.mjs"/>
	<testcase name="a complete handler map covers the surface with no gap" time="0.000780" classname="test" file="C:\dev\insight\Epistemic-Foundry\packages\ui-api\src\openapi\openapi-contract.test.mjs"/>
	<testcase name="a declared operation with no handler is listed rather than tolerated" time="0.000673" classname="test" file="C:\dev\insight\Epistemic-Foundry\packages\ui-api\src\openapi\openapi-contract.test.mjs"/>
	<testcase name="dispatch hands the handler the route the document declares" time="0.000278" classname="test" file="C:\dev\insight\Epistemic-Foundry\packages\ui-api\src\openapi\openapi-contract.test.mjs"/>
	<testcase name="the generated client exports exactly one function per declared operation" time="0.000253" classname="test" file="C:\dev\insight\Epistemic-Foundry\packages\ui-api\src\openapi\openapi-contract.test.mjs"/>
	<testcase name="the generated client bakes the same route rows the server projects" time="0.001225" classname="test" file="C:\dev\insight\Epistemic-Foundry\packages\ui-api\src\openapi\openapi-contract.test.mjs"/>
	<testcase name="each client function bakes its own method and path template" time="0.001215" classname="test" file="C:\dev\insight\Epistemic-Foundry\packages\ui-api\src\openapi\openapi-contract.test.mjs"/>
	<testcase name="the client builds a deterministic URL from path and query values" time="0.000471" classname="test" file="C:\dev\insight\Epistemic-Foundry\packages\ui-api\src\openapi\openapi-contract.test.mjs"/>
	<testcase name="the client hands its descriptor to an injected transport and performs no I/O itself" time="0.000231" classname="test" file="C:\dev\insight\Epistemic-Foundry\packages\ui-api\src\openapi\openapi-contract.test.mjs"/>
	<testcase name="a request body is sent only where the document declares one" time="0.000224" classname="test" file="C:\dev\insight\Epistemic-Foundry\packages\ui-api\src\openapi\openapi-contract.test.mjs"/>
	<testcase name="the projector is document-shaped, not canonical-document-shaped" time="0.000644" classname="test" file="C:\dev\insight\Epistemic-Foundry\packages\ui-api\src\openapi\openapi-contract.test.mjs"/>
	<!-- tests 13 -->
	<!-- suites 0 -->
	<!-- pass 13 -->
	<!-- fail 0 -->
	<!-- cancelled 0 -->
	<!-- skipped 0 -->
	<!-- todo 0 -->
	<!-- duration_ms 231.2337 -->
</testsuites>
