<?xml version="1.0" encoding="utf-8"?>
<testsuites>
	<testcase name="hook_schema_fixture_test: canonical schema vocabulary and deterministic fixture agree" time="0.005341" classname="test" file="C:\dev\insight\Epistemic-Foundry\packages\plugin-host\src\hooks\gateway\hook-schema-fixture.test.mjs"/>
	<testcase name="hook_schema_fixture_test: object insertion order cannot change hashes" time="0.000904" classname="test" file="C:\dev\insight\Epistemic-Foundry\packages\plugin-host\src\hooks\gateway\hook-schema-fixture.test.mjs"/>
	<testcase name="hook_schema_fixture_test: the decision callback receives only an immutable canonical view" time="0.001181" classname="test" file="C:\dev\insight\Epistemic-Foundry\packages\plugin-host\src\hooks\gateway\hook-schema-fixture.test.mjs"/>
	<testcase name="hook_schema_fixture_test: invalid callback output becomes an explicit schema-valid error" time="0.001276" classname="test" file="C:\dev\insight\Epistemic-Foundry\packages\plugin-host\src\hooks\gateway\hook-schema-fixture.test.mjs"/>
	<testcase name="hook_schema_fixture_test: hostile or non-JSON payloads fail closed before decision" time="0.001384" classname="test" file="C:\dev\insight\Epistemic-Foundry\packages\plugin-host\src\hooks\gateway\hook-schema-fixture.test.mjs"/>
	<testcase name="hook_schema_fixture_test: envelope integrity rejects tampering" time="0.001174" classname="test" file="C:\dev\insight\Epistemic-Foundry\packages\plugin-host\src\hooks\gateway\hook-schema-fixture.test.mjs"/>
	<testcase name="hook_timeout_test: a non-settling decision returns a bounded fail-closed envelope" time="0.036687" classname="test" file="C:\dev\insight\Epistemic-Foundry\packages\plugin-host\src\hooks\gateway\hook-timeout.test.mjs"/>
	<testcase name="hook_timeout_test: late completion cannot mutate the sealed timeout result" time="0.059187" classname="test" file="C:\dev\insight\Epistemic-Foundry\packages\plugin-host\src\hooks\gateway\hook-timeout.test.mjs"/>
	<testcase name="hook_timeout_test: callback rejection is explicit and does not leak its message" time="0.001139" classname="test" file="C:\dev\insight\Epistemic-Foundry\packages\plugin-host\src\hooks\gateway\hook-timeout.test.mjs"/>
	<testcase name="hook_timeout_test: a fast canonical decision wins without timeout rewriting" time="0.001292" classname="test" file="C:\dev\insight\Epistemic-Foundry\packages\plugin-host\src\hooks\gateway\hook-timeout.test.mjs"/>
	<testcase name="hook_timeout_test: timeout bounds are validated before callback invocation" time="0.001556" classname="test" file="C:\dev\insight\Epistemic-Foundry\packages\plugin-host\src\hooks\gateway\hook-timeout.test.mjs"/>
	<!-- tests 11 -->
	<!-- suites 0 -->
	<!-- pass 11 -->
	<!-- fail 0 -->
	<!-- cancelled 0 -->
	<!-- skipped 0 -->
	<!-- todo 0 -->
	<!-- duration_ms 780.7574 -->
</testsuites>
