........................................................................ [  5%]
........................................................................ [ 11%]
........................................................................ [ 16%]
........................................................................ [ 22%]
........................................................................ [ 28%]
........................................................................ [ 33%]
........................................................................ [ 39%]
........................................................................ [ 44%]
........................................................................ [ 50%]
........................................................................ [ 56%]
........................................................................ [ 61%]
........................................................................ [ 67%]
........................................................................ [ 72%]
........................................................................ [ 78%]
........................................................................ [ 84%]
........................................................................ [ 89%]
........................................................................ [ 95%]
.............................................................            [100%]
- generated xml file: C:\dev\insight\Epistemic-Foundry\artifacts\work_packages\Y06\attempts\0001\full-python-suite.junit.xml -
1285 passed in 58.74s
