<?xml version="1.0" encoding="utf-8"?>
<testsuites>
	<testcase name="runbook_lint: every shipped operational runbook is structurally clean" time="0.003248" classname="test" file="C:\dev\insight\Epistemic-Foundry\tests\recovery\production\runbook-lint.test.mjs"/>
	<testcase name="runbook_lint: the shipped disaster-recovery runbook binds RPO and RTO budgets" time="0.001513" classname="test" file="C:\dev\insight\Epistemic-Foundry\tests\recovery\production\runbook-lint.test.mjs"/>
	<testcase name="runbook_lint: the clean reference runbook lints without error" time="0.000280" classname="test" file="C:\dev\insight\Epistemic-Foundry\tests\recovery\production\runbook-lint.test.mjs"/>
	<testcase name="runbook_lint: a placeholder token is rejected" time="0.000457" classname="test" file="C:\dev\insight\Epistemic-Foundry\tests\recovery\production\runbook-lint.test.mjs"/>
	<testcase name="runbook_lint: an angle-bracket placeholder is rejected" time="0.000839" classname="test" file="C:\dev\insight\Epistemic-Foundry\tests\recovery\production\runbook-lint.test.mjs"/>
	<testcase name="runbook_lint: a vague, unmeasured RPO is rejected" time="0.000283" classname="test" file="C:\dev\insight\Epistemic-Foundry\tests\recovery\production\runbook-lint.test.mjs"/>
	<testcase name="runbook_lint: a missing required section is rejected" time="0.000165" classname="test" file="C:\dev\insight\Epistemic-Foundry\tests\recovery\production\runbook-lint.test.mjs"/>
	<testcase name="runbook_lint: out-of-order sections are rejected" time="0.000167" classname="test" file="C:\dev\insight\Epistemic-Foundry\tests\recovery\production\runbook-lint.test.mjs"/>
	<testcase name="runbook_lint: a non-imperative procedure step is rejected" time="0.000187" classname="test" file="C:\dev\insight\Epistemic-Foundry\tests\recovery\production\runbook-lint.test.mjs"/>
	<testcase name="runbook_lint: a procedure step without a Verify line is rejected" time="0.000241" classname="test" file="C:\dev\insight\Epistemic-Foundry\tests\recovery\production\runbook-lint.test.mjs"/>
	<testcase name="runbook_lint: mis-numbered procedure steps are rejected" time="0.000207" classname="test" file="C:\dev\insight\Epistemic-Foundry\tests\recovery\production\runbook-lint.test.mjs"/>
	<testcase name="runbook_lint: a missing required metadata key is rejected" time="0.000177" classname="test" file="C:\dev\insight\Epistemic-Foundry\tests\recovery\production\runbook-lint.test.mjs"/>
	<testcase name="runbook_lint: a metadata title that disagrees with the H1 is rejected" time="0.000123" classname="test" file="C:\dev\insight\Epistemic-Foundry\tests\recovery\production\runbook-lint.test.mjs"/>
	<testcase name="runbook_lint: an empty runbook is rejected" time="0.000068" classname="test" file="C:\dev\insight\Epistemic-Foundry\tests\recovery\production\runbook-lint.test.mjs"/>
	<testcase name="runbook_lint: contract constants are stable" time="0.000057" classname="test" file="C:\dev\insight\Epistemic-Foundry\tests\recovery\production\runbook-lint.test.mjs"/>
	<!-- tests 15 -->
	<!-- suites 0 -->
	<!-- pass 15 -->
	<!-- fail 0 -->
	<!-- cancelled 0 -->
	<!-- skipped 0 -->
	<!-- todo 0 -->
	<!-- duration_ms 125.0844 -->
</testsuites>
