<?xml version="1.0" encoding="utf-8"?>
<testsuites>
	<testcase name="disaster_recovery_drill: coordinated backup recovers both stores with no hidden loss" time="0.258206" classname="test" file="C:\dev\insight\Epistemic-Foundry\tests\recovery\production\disaster-recovery-drill.test.mjs"/>
	<testcase name="disaster_recovery_drill: a tampered backup refuses restore and publishes nothing" time="29.941979" classname="test" file="C:\dev\insight\Epistemic-Foundry\tests\recovery\production\disaster-recovery-drill.test.mjs"/>
	<testcase name="runbook_lint: every shipped operational runbook is structurally clean" time="0.003636" classname="test" file="C:\dev\insight\Epistemic-Foundry\tests\recovery\production\runbook-lint.test.mjs"/>
	<testcase name="runbook_lint: the shipped disaster-recovery runbook binds RPO and RTO budgets" time="0.000681" classname="test" file="C:\dev\insight\Epistemic-Foundry\tests\recovery\production\runbook-lint.test.mjs"/>
	<testcase name="runbook_lint: the clean reference runbook lints without error" time="0.000130" classname="test" file="C:\dev\insight\Epistemic-Foundry\tests\recovery\production\runbook-lint.test.mjs"/>
	<testcase name="runbook_lint: a placeholder token is rejected" time="0.000263" classname="test" file="C:\dev\insight\Epistemic-Foundry\tests\recovery\production\runbook-lint.test.mjs"/>
	<testcase name="runbook_lint: an angle-bracket placeholder is rejected" time="0.000468" classname="test" file="C:\dev\insight\Epistemic-Foundry\tests\recovery\production\runbook-lint.test.mjs"/>
	<testcase name="runbook_lint: a vague, unmeasured RPO is rejected" time="0.000177" classname="test" file="C:\dev\insight\Epistemic-Foundry\tests\recovery\production\runbook-lint.test.mjs"/>
	<testcase name="runbook_lint: a missing required section is rejected" time="0.000134" classname="test" file="C:\dev\insight\Epistemic-Foundry\tests\recovery\production\runbook-lint.test.mjs"/>
	<testcase name="runbook_lint: out-of-order sections are rejected" time="0.000122" classname="test" file="C:\dev\insight\Epistemic-Foundry\tests\recovery\production\runbook-lint.test.mjs"/>
	<testcase name="runbook_lint: a non-imperative procedure step is rejected" time="0.000142" classname="test" file="C:\dev\insight\Epistemic-Foundry\tests\recovery\production\runbook-lint.test.mjs"/>
	<testcase name="runbook_lint: a procedure step without a Verify line is rejected" time="0.000201" classname="test" file="C:\dev\insight\Epistemic-Foundry\tests\recovery\production\runbook-lint.test.mjs"/>
	<testcase name="runbook_lint: mis-numbered procedure steps are rejected" time="0.000128" classname="test" file="C:\dev\insight\Epistemic-Foundry\tests\recovery\production\runbook-lint.test.mjs"/>
	<testcase name="runbook_lint: a missing required metadata key is rejected" time="0.000146" classname="test" file="C:\dev\insight\Epistemic-Foundry\tests\recovery\production\runbook-lint.test.mjs"/>
	<testcase name="runbook_lint: a metadata title that disagrees with the H1 is rejected" time="0.000110" classname="test" file="C:\dev\insight\Epistemic-Foundry\tests\recovery\production\runbook-lint.test.mjs"/>
	<testcase name="runbook_lint: an empty runbook is rejected" time="0.000070" classname="test" file="C:\dev\insight\Epistemic-Foundry\tests\recovery\production\runbook-lint.test.mjs"/>
	<testcase name="runbook_lint: contract constants are stable" time="0.000056" classname="test" file="C:\dev\insight\Epistemic-Foundry\tests\recovery\production\runbook-lint.test.mjs"/>
	<!-- tests 17 -->
	<!-- suites 0 -->
	<!-- pass 17 -->
	<!-- fail 0 -->
	<!-- cancelled 0 -->
	<!-- skipped 0 -->
	<!-- todo 0 -->
	<!-- duration_ms 30406.7043 -->
</testsuites>
