{
  "check": "lockfile_check",
  "status": "PASS",
  "toolchain": {
    "expected": {
      "node": "26.4.0",
      "npm": "11.6.2",
      "python": "3.12.3",
      "uv": "0.7.21"
    },
    "observed": {
      "node": "26.4.0",
      "npm": "11.6.2",
      "python": "3.12.3",
      "uv": "0.7.21"
    }
  },
  "node": {
    "workspaces": 10,
    "external_packages": 0
  },
  "python": {
    "packages": 21,
    "registry_packages": 20
  },
  "python_build_backend": {
    "backend": "setuptools",
    "version": "82.0.1",
    "hashes": 2
  },
  "uv_lock_check": "PASS",
  "failures": []
}
