<?xml version="1.0" encoding="utf-8"?>
<testsuites>
	<testcase name="checkpoint_resume_test: sealing proves replay rather than asserting it" time="0.009810" classname="test" file="C:\dev\insight\Epistemic-Foundry\packages\foundry-kernel\src\workflows\runtime\checkpoint-resume.test.mjs"/>
	<testcase name="checkpoint_resume_test: sealing is deterministic and hash-bound" time="0.005740" classname="test" file="C:\dev\insight\Epistemic-Foundry\packages\foundry-kernel\src\workflows\runtime\checkpoint-resume.test.mjs"/>
	<testcase name="checkpoint_resume_test: run and plan identity are enforced when sealing" time="0.002620" classname="test" file="C:\dev\insight\Epistemic-Foundry\packages\foundry-kernel\src\workflows\runtime\checkpoint-resume.test.mjs"/>
	<testcase name="checkpoint_resume_test: resume rebuilds the exact sealed state" time="0.005048" classname="test" file="C:\dev\insight\Epistemic-Foundry\packages\foundry-kernel\src\workflows\runtime\checkpoint-resume.test.mjs"/>
	<testcase name="checkpoint_resume_test: the resumed scheduler continues the run" time="0.006763" classname="test" file="C:\dev\insight\Epistemic-Foundry\packages\foundry-kernel\src\workflows\runtime\checkpoint-resume.test.mjs"/>
	<testcase name="checkpoint_resume_test: resume requires an approved independent review" time="0.002882" classname="test" file="C:\dev\insight\Epistemic-Foundry\packages\foundry-kernel\src\workflows\runtime\checkpoint-resume.test.mjs"/>
	<testcase name="checkpoint_resume_test: a divergent or truncated command log cannot resume" time="0.003076" classname="test" file="C:\dev\insight\Epistemic-Foundry\packages\foundry-kernel\src\workflows\runtime\checkpoint-resume.test.mjs"/>
	<testcase name="checkpoint_resume_test: an unverified checkpoint cannot resume" time="0.002380" classname="test" file="C:\dev\insight\Epistemic-Foundry\packages\foundry-kernel\src\workflows\runtime\checkpoint-resume.test.mjs"/>
	<testcase name="checkpoint_resume_test: pause preserves in-flight work without admitting more" time="0.002366" classname="test" file="C:\dev\insight\Epistemic-Foundry\packages\foundry-kernel\src\workflows\runtime\checkpoint-resume.test.mjs"/>
	<testcase name="cancellation_test: a run with no pending effect cancels cleanly" time="0.002641" classname="test" file="C:\dev\insight\Epistemic-Foundry\packages\foundry-kernel\src\workflows\runtime\cancellation.test.mjs"/>
	<testcase name="cancellation_test: an in-flight effect without a receipt is not a clean stop" time="0.002316" classname="test" file="C:\dev\insight\Epistemic-Foundry\packages\foundry-kernel\src\workflows\runtime\cancellation.test.mjs"/>
	<testcase name="cancellation_test: terminal receipts reconcile the pending effects" time="0.001937" classname="test" file="C:\dev\insight\Epistemic-Foundry\packages\foundry-kernel\src\workflows\runtime\cancellation.test.mjs"/>
	<testcase name="cancellation_test: an UNKNOWN receipt stays unresolved" time="0.002116" classname="test" file="C:\dev\insight\Epistemic-Foundry\packages\foundry-kernel\src\workflows\runtime\cancellation.test.mjs"/>
	<testcase name="cancellation_test: partial reconciliation stays partial" time="0.009290" classname="test" file="C:\dev\insight\Epistemic-Foundry\packages\foundry-kernel\src\workflows\runtime\cancellation.test.mjs"/>
	<testcase name="cancellation_test: foreign, duplicate, and malformed receipts fail closed" time="0.005069" classname="test" file="C:\dev\insight\Epistemic-Foundry\packages\foundry-kernel\src\workflows\runtime\cancellation.test.mjs"/>
	<testcase name="cancellation_test: cancellation seals a replay-verified checkpoint" time="0.003559" classname="test" file="C:\dev\insight\Epistemic-Foundry\packages\foundry-kernel\src\workflows\runtime\cancellation.test.mjs"/>
	<testcase name="cancellation_test: cancellation does not mutate the scheduler" time="0.003492" classname="test" file="C:\dev\insight\Epistemic-Foundry\packages\foundry-kernel\src\workflows\runtime\cancellation.test.mjs"/>
	<testcase name="cancellation_test: cancellation is deterministic" time="0.002983" classname="test" file="C:\dev\insight\Epistemic-Foundry\packages\foundry-kernel\src\workflows\runtime\cancellation.test.mjs"/>
	<testcase name="checkpoint_resume_test: sealing proves replay rather than asserting it" time="0.009496" classname="test" file="C:\dev\insight\Epistemic-Foundry\packages\foundry-kernel\src\workflows\runtime\checkpoint-resume.test.mjs"/>
	<testcase name="checkpoint_resume_test: sealing is deterministic and hash-bound" time="0.005365" classname="test" file="C:\dev\insight\Epistemic-Foundry\packages\foundry-kernel\src\workflows\runtime\checkpoint-resume.test.mjs"/>
	<testcase name="checkpoint_resume_test: run and plan identity are enforced when sealing" time="0.001972" classname="test" file="C:\dev\insight\Epistemic-Foundry\packages\foundry-kernel\src\workflows\runtime\checkpoint-resume.test.mjs"/>
	<testcase name="checkpoint_resume_test: resume rebuilds the exact sealed state" time="0.004934" classname="test" file="C:\dev\insight\Epistemic-Foundry\packages\foundry-kernel\src\workflows\runtime\checkpoint-resume.test.mjs"/>
	<testcase name="checkpoint_resume_test: the resumed scheduler continues the run" time="0.005462" classname="test" file="C:\dev\insight\Epistemic-Foundry\packages\foundry-kernel\src\workflows\runtime\checkpoint-resume.test.mjs"/>
	<testcase name="checkpoint_resume_test: resume requires an approved independent review" time="0.002578" classname="test" file="C:\dev\insight\Epistemic-Foundry\packages\foundry-kernel\src\workflows\runtime\checkpoint-resume.test.mjs"/>
	<testcase name="checkpoint_resume_test: a divergent or truncated command log cannot resume" time="0.004163" classname="test" file="C:\dev\insight\Epistemic-Foundry\packages\foundry-kernel\src\workflows\runtime\checkpoint-resume.test.mjs"/>
	<testcase name="checkpoint_resume_test: an unverified checkpoint cannot resume" time="0.002796" classname="test" file="C:\dev\insight\Epistemic-Foundry\packages\foundry-kernel\src\workflows\runtime\checkpoint-resume.test.mjs"/>
	<testcase name="checkpoint_resume_test: pause preserves in-flight work without admitting more" time="0.003092" classname="test" file="C:\dev\insight\Epistemic-Foundry\packages\foundry-kernel\src\workflows\runtime\checkpoint-resume.test.mjs"/>
	<!-- tests 27 -->
	<!-- suites 0 -->
	<!-- pass 27 -->
	<!-- fail 0 -->
	<!-- cancelled 0 -->
	<!-- skipped 0 -->
	<!-- todo 0 -->
	<!-- duration_ms 287.8598 -->
</testsuites>
