<?xml version="1.0" encoding="utf-8"?>
<testsuites>
	<testcase name="g05_refuse: a command the specification never proposes is refused" time="1.369967" classname="test" file="C:\dev\insight\Epistemic-Foundry\plugin_blueprint\epistemic-foundry\v4_g05\surface-adversarial.test.mjs"/>
	<testcase name="g05_refuse: declaring an existing command as merely proposed is refused" time="0.771787" classname="test" file="C:\dev\insight\Epistemic-Foundry\plugin_blueprint\epistemic-foundry\v4_g05\surface-adversarial.test.mjs"/>
	<testcase name="g05_refuse: two skills claiming one command is refused" time="0.570518" classname="test" file="C:\dev\insight\Epistemic-Foundry\plugin_blueprint\epistemic-foundry\v4_g05\surface-adversarial.test.mjs"/>
	<testcase name="g05_refuse: a proposed command nobody owns is refused" time="0.862640" classname="test" file="C:\dev\insight\Epistemic-Foundry\plugin_blueprint\epistemic-foundry\v4_g05\surface-adversarial.test.mjs"/>
	<testcase name="g05_refuse: naming a command the tool surface does not project is refused" time="0.726630" classname="test" file="C:\dev\insight\Epistemic-Foundry\plugin_blueprint\epistemic-foundry\v4_g05\surface-adversarial.test.mjs"/>
	<testcase name="g05_refuse: naming the promotion command is refused" time="0.708309" classname="test" file="C:\dev\insight\Epistemic-Foundry\plugin_blueprint\epistemic-foundry\v4_g05\surface-adversarial.test.mjs"/>
	<testcase name="g05_refuse: naming the passport publication command is refused" time="0.357267" classname="test" file="C:\dev\insight\Epistemic-Foundry\plugin_blueprint\epistemic-foundry\v4_g05\surface-adversarial.test.mjs"/>
	<testcase name="g05_refuse: weakening the denied-authority set is refused" time="0.342945" classname="test" file="C:\dev\insight\Epistemic-Foundry\plugin_blueprint\epistemic-foundry\v4_g05\surface-adversarial.test.mjs"/>
	<testcase name="g05_refuse: an authority predicate that matches nothing is refused as vacuous" time="0.531273" classname="test" file="C:\dev\insight\Epistemic-Foundry\plugin_blueprint\epistemic-foundry\v4_g05\surface-adversarial.test.mjs"/>
	<testcase name="g05_refuse: mutating a genome outside the sealed search space is refused" time="0.695686" classname="test" file="C:\dev\insight\Epistemic-Foundry\plugin_blueprint\epistemic-foundry\v4_g05\surface-adversarial.test.mjs"/>
	<testcase name="g05_refuse: dropping an evolution skill from the surface is refused" time="0.362334" classname="test" file="C:\dev\insight\Epistemic-Foundry\plugin_blueprint\epistemic-foundry\v4_g05\surface-adversarial.test.mjs"/>
	<testcase name="g05_refuse: adding a skill the membership rule excludes is refused" time="0.306243" classname="test" file="C:\dev\insight\Epistemic-Foundry\plugin_blueprint\epistemic-foundry\v4_g05\surface-adversarial.test.mjs"/>
	<testcase name="g05_refuse: an unsorted declaration is refused" time="0.275676" classname="test" file="C:\dev\insight\Epistemic-Foundry\plugin_blueprint\epistemic-foundry\v4_g05\surface-adversarial.test.mjs"/>
	<testcase name="g05_refuse: a repeated command entry is refused" time="0.280265" classname="test" file="C:\dev\insight\Epistemic-Foundry\plugin_blueprint\epistemic-foundry\v4_g05\surface-adversarial.test.mjs"/>
	<testcase name="g05_refuse: an unexpected field on a skill row is refused" time="0.284278" classname="test" file="C:\dev\insight\Epistemic-Foundry\plugin_blueprint\epistemic-foundry\v4_g05\surface-adversarial.test.mjs"/>
	<testcase name="g05_refuse: a surface whose parent is not the inventory parent is refused" time="0.272695" classname="test" file="C:\dev\insight\Epistemic-Foundry\plugin_blueprint\epistemic-foundry\v4_g05\surface-adversarial.test.mjs"/>
	<testcase name="g05_refuse: a payload skill edited after the inventory was sealed is refused" time="0.309646" classname="test" file="C:\dev\insight\Epistemic-Foundry\plugin_blueprint\epistemic-foundry\v4_g05\surface-adversarial.test.mjs"/>
	<testcase name="g05_refuse: an inventory whose stated hash was rewritten is refused" time="0.788064" classname="test" file="C:\dev\insight\Epistemic-Foundry\plugin_blueprint\epistemic-foundry\v4_g05\surface-adversarial.test.mjs"/>
	<testcase name="g05_refuse: a payload policy that contradicts its inventory projection is refused" time="0.713673" classname="test" file="C:\dev\insight\Epistemic-Foundry\plugin_blueprint\epistemic-foundry\v4_g05\surface-adversarial.test.mjs"/>
	<testcase name="g05_refuse: an unreadable policy line is refused rather than skipped" time="0.639232" classname="test" file="C:\dev\insight\Epistemic-Foundry\plugin_blueprint\epistemic-foundry\v4_g05\surface-adversarial.test.mjs"/>
	<testcase name="g05_refuse: a specification without the proposed CLI block is refused" time="1.270565" classname="test" file="C:\dev\insight\Epistemic-Foundry\plugin_blueprint\epistemic-foundry\v4_g05\surface-adversarial.test.mjs"/>
	<testcase name="g05_refuse: a reference a skill depends on but the inventory dropped is refused" time="0.768287" classname="test" file="C:\dev\insight\Epistemic-Foundry\plugin_blueprint\epistemic-foundry\v4_g05\surface-adversarial.test.mjs"/>
	<testcase name="g05_refuse: a closure that outgrows its declared budget is refused" time="0.658058" classname="test" file="C:\dev\insight\Epistemic-Foundry\plugin_blueprint\epistemic-foundry\v4_g05\surface-adversarial.test.mjs"/>
	<testcase name="g05_refuse: a missing budget is refused rather than treated as unbounded" time="0.558711" classname="test" file="C:\dev\insight\Epistemic-Foundry\plugin_blueprint\epistemic-foundry\v4_g05\surface-adversarial.test.mjs"/>
	<testcase name="g05_refuse: routing a skill outside the surface is refused" time="0.000517" classname="test" file="C:\dev\insight\Epistemic-Foundry\plugin_blueprint\epistemic-foundry\v4_g05\surface-adversarial.test.mjs"/>
	<testcase name="g05_refuse: disclosing for a skill the payload does not declare is refused" time="0.000182" classname="test" file="C:\dev\insight\Epistemic-Foundry\plugin_blueprint\epistemic-foundry\v4_g05\surface-adversarial.test.mjs"/>
	<testcase name="g05_refuse: a surface file that is not the declared object is refused" time="0.477656" classname="test" file="C:\dev\insight\Epistemic-Foundry\plugin_blueprint\epistemic-foundry\v4_g05\surface-adversarial.test.mjs"/>
	<testcase name="g05_route: a named evolution skill is routed explicitly" time="0.010526" classname="test" file="C:\dev\insight\Epistemic-Foundry\plugin_blueprint\epistemic-foundry\v4_g05\surface-contract.test.mjs"/>
	<testcase name="g05_route: every skill in the surface can be named" time="0.096025" classname="test" file="C:\dev\insight\Epistemic-Foundry\plugin_blueprint\epistemic-foundry\v4_g05\surface-contract.test.mjs"/>
	<testcase name="g05_route: an unnamed request selects nothing, because no evolution skill triggers" time="0.007152" classname="test" file="C:\dev\insight\Epistemic-Foundry\plugin_blueprint\epistemic-foundry\v4_g05\surface-contract.test.mjs"/>
	<testcase name="g05_route: the decision binds the exact surface it was routed against" time="0.011648" classname="test" file="C:\dev\insight\Epistemic-Foundry\plugin_blueprint\epistemic-foundry\v4_g05\surface-contract.test.mjs"/>
	<testcase name="g05_route: routing the same request twice yields the same decision" time="0.011360" classname="test" file="C:\dev\insight\Epistemic-Foundry\plugin_blueprint\epistemic-foundry\v4_g05\surface-contract.test.mjs"/>
	<testcase name="g05_route: a selected skill discloses within the declared context budget" time="0.006309" classname="test" file="C:\dev\insight\Epistemic-Foundry\plugin_blueprint\epistemic-foundry\v4_g05\surface-contract.test.mjs"/>
	<testcase name="g05_route: the routed skill reports the commands that exist and those that do not" time="0.005841" classname="test" file="C:\dev\insight\Epistemic-Foundry\plugin_blueprint\epistemic-foundry\v4_g05\surface-contract.test.mjs"/>
	<testcase name="g05_route: a router skill claims no command of its own" time="0.004053" classname="test" file="C:\dev\insight\Epistemic-Foundry\plugin_blueprint\epistemic-foundry\v4_g05\surface-contract.test.mjs"/>
	<testcase name="g05_disclosure: a conditional reference appears only when its predicate holds" time="0.000369" classname="test" file="C:\dev\insight\Epistemic-Foundry\plugin_blueprint\epistemic-foundry\v4_g05\surface-contract.test.mjs"/>
	<testcase name="g05_disclosure: an unrelated predicate value does not open the reference" time="0.000874" classname="test" file="C:\dev\insight\Epistemic-Foundry\plugin_blueprint\epistemic-foundry\v4_g05\surface-contract.test.mjs"/>
	<testcase name="g05_disclosure: an evolution-origin candidate opens the Parliament statistics reference" time="0.000220" classname="test" file="C:\dev\insight\Epistemic-Foundry\plugin_blueprint\epistemic-foundry\v4_g05\surface-contract.test.mjs"/>
	<testcase name="g05_disclosure: a transitive dependency is disclosed with the reference that needs it" time="0.000162" classname="test" file="C:\dev\insight\Epistemic-Foundry\plugin_blueprint\epistemic-foundry\v4_g05\surface-contract.test.mjs"/>
	<testcase name="g05_disclosure: every skill stays within every declared budget at maximal context" time="0.000285" classname="test" file="C:\dev\insight\Epistemic-Foundry\plugin_blueprint\epistemic-foundry\v4_g05\surface-contract.test.mjs"/>
	<testcase name="g05_disclosure: the plan reports sizes taken from the inventory, not from bodies" time="0.000172" classname="test" file="C:\dev\insight\Epistemic-Foundry\plugin_blueprint\epistemic-foundry\v4_g05\surface-contract.test.mjs"/>
	<testcase name="g05_surface: each proposed command has exactly one owner" time="0.000229" classname="test" file="C:\dev\insight\Epistemic-Foundry\plugin_blueprint\epistemic-foundry\v4_g05\surface-contract.test.mjs"/>
	<testcase name="g05_surface: the loaded surface is frozen" time="0.000563" classname="test" file="C:\dev\insight\Epistemic-Foundry\plugin_blueprint\epistemic-foundry\v4_g05\surface-contract.test.mjs"/>
	<testcase name="g05_surface: the surface claims three of the four mutable genome kinds" time="0.000154" classname="test" file="C:\dev\insight\Epistemic-Foundry\plugin_blueprint\epistemic-foundry\v4_g05\surface-contract.test.mjs"/>
	<testcase name="g05_surface: skills that mutate nothing declare nothing" time="0.000138" classname="test" file="C:\dev\insight\Epistemic-Foundry\plugin_blueprint\epistemic-foundry\v4_g05\surface-contract.test.mjs"/>
	<testcase name="g05_receipt: the receipt re-derives its own hash from the fields it publishes" time="0.001093" classname="test" file="C:\dev\insight\Epistemic-Foundry\plugin_blueprint\epistemic-foundry\v4_g05\surface-receipts.test.mjs"/>
	<testcase name="g05_receipt: the receipt identifier is derived from the hash" time="0.000229" classname="test" file="C:\dev\insight\Epistemic-Foundry\plugin_blueprint\epistemic-foundry\v4_g05\surface-receipts.test.mjs"/>
	<testcase name="g05_receipt: the same repository yields the same receipt" time="0.105331" classname="test" file="C:\dev\insight\Epistemic-Foundry\plugin_blueprint\epistemic-foundry\v4_g05\surface-receipts.test.mjs"/>
	<testcase name="g05_receipt: every declaring source is bound by its actual digest" time="0.005917" classname="test" file="C:\dev\insight\Epistemic-Foundry\plugin_blueprint\epistemic-foundry\v4_g05\surface-receipts.test.mjs"/>
	<testcase name="g05_receipt: a changed declaration changes the receipt" time="0.749096" classname="test" file="C:\dev\insight\Epistemic-Foundry\plugin_blueprint\epistemic-foundry\v4_g05\surface-receipts.test.mjs"/>
	<testcase name="g05_receipt: the receipt records the CLI reality it found" time="0.000316" classname="test" file="C:\dev\insight\Epistemic-Foundry\plugin_blueprint\epistemic-foundry\v4_g05\surface-receipts.test.mjs"/>
	<testcase name="g05_receipt: every available command is published with its effect class" time="0.000295" classname="test" file="C:\dev\insight\Epistemic-Foundry\plugin_blueprint\epistemic-foundry\v4_g05\surface-receipts.test.mjs"/>
	<testcase name="g05_receipt: the authority the surface denies and the commands that carry it are both named" time="0.000381" classname="test" file="C:\dev\insight\Epistemic-Foundry\plugin_blueprint\epistemic-foundry\v4_g05\surface-receipts.test.mjs"/>
	<testcase name="g05_receipt: the genome kinds no skill claims are recorded rather than implied" time="0.000226" classname="test" file="C:\dev\insight\Epistemic-Foundry\plugin_blueprint\epistemic-foundry\v4_g05\surface-receipts.test.mjs"/>
	<testcase name="g05_receipt: the absence of implicit reachability is recorded, not assumed" time="0.001250" classname="test" file="C:\dev\insight\Epistemic-Foundry\plugin_blueprint\epistemic-foundry\v4_g05\surface-receipts.test.mjs"/>
	<testcase name="g05_receipt: the receipt binds the sealed inventory hash" time="0.000317" classname="test" file="C:\dev\insight\Epistemic-Foundry\plugin_blueprint\epistemic-foundry\v4_g05\surface-receipts.test.mjs"/>
	<testcase name="g05_receipt: a routing decision re-derives its own hash" time="0.006668" classname="test" file="C:\dev\insight\Epistemic-Foundry\plugin_blueprint\epistemic-foundry\v4_g05\surface-receipts.test.mjs"/>
	<testcase name="g05_receipt: each routed candidate is bound to the sealed content hash of its skill" time="0.005134" classname="test" file="C:\dev\insight\Epistemic-Foundry\plugin_blueprint\epistemic-foundry\v4_g05\surface-receipts.test.mjs"/>
	<testcase name="g05_receipt: the decision states that routing carries no authority" time="0.007645" classname="test" file="C:\dev\insight\Epistemic-Foundry\plugin_blueprint\epistemic-foundry\v4_g05\surface-receipts.test.mjs"/>
	<testcase name="g05_receipt: the surface holds no clock and no randomness" time="0.001366" classname="test" file="C:\dev\insight\Epistemic-Foundry\plugin_blueprint\epistemic-foundry\v4_g05\surface-receipts.test.mjs"/>
	<testcase name="g05_receipt: the receipt is canonical JSON" time="0.000277" classname="test" file="C:\dev\insight\Epistemic-Foundry\plugin_blueprint\epistemic-foundry\v4_g05\surface-receipts.test.mjs"/>
	<testcase name="g05_surface: the declared skills are the ones the membership rule derives" time="0.004035" classname="test" file="C:\dev\insight\Epistemic-Foundry\plugin_blueprint\epistemic-foundry\v4_g05\surface-schema.test.mjs"/>
	<testcase name="g05_surface: every declared skill exists in the payload inventory" time="0.000291" classname="test" file="C:\dev\insight\Epistemic-Foundry\plugin_blueprint\epistemic-foundry\v4_g05\surface-schema.test.mjs"/>
	<testcase name="g05_surface: the parent router is the inventory's parent and is not in the surface" time="0.000155" classname="test" file="C:\dev\insight\Epistemic-Foundry\plugin_blueprint\epistemic-foundry\v4_g05\surface-schema.test.mjs"/>
	<testcase name="g05_surface: the proposed CLI comes from the section that proposes it" time="0.016236" classname="test" file="C:\dev\insight\Epistemic-Foundry\plugin_blueprint\epistemic-foundry\v4_g05\surface-schema.test.mjs"/>
	<testcase name="g05_surface: no proposed evolution command is projected by the tool surface" time="0.000745" classname="test" file="C:\dev\insight\Epistemic-Foundry\plugin_blueprint\epistemic-foundry\v4_g05\surface-schema.test.mjs"/>
	<testcase name="g05_surface: every available command is one the tool surface projects" time="0.000305" classname="test" file="C:\dev\insight\Epistemic-Foundry\plugin_blueprint\epistemic-foundry\v4_g05\surface-schema.test.mjs"/>
	<testcase name="g05_surface: the authority-bearing set is derived from the sealed catalog" time="0.000265" classname="test" file="C:\dev\insight\Epistemic-Foundry\plugin_blueprint\epistemic-foundry\v4_g05\surface-schema.test.mjs"/>
	<testcase name="g05_surface: no evolution skill names an authority-bearing command" time="0.000161" classname="test" file="C:\dev\insight\Epistemic-Foundry\plugin_blueprint\epistemic-foundry\v4_g05\surface-schema.test.mjs"/>
	<testcase name="g05_surface: the denied authority set is exactly the one the exit criteria name" time="0.000928" classname="test" file="C:\dev\insight\Epistemic-Foundry\plugin_blueprint\epistemic-foundry\v4_g05\surface-schema.test.mjs"/>
	<testcase name="g05_surface: every mutable kind is a member of the sealed search space" time="0.002220" classname="test" file="C:\dev\insight\Epistemic-Foundry\plugin_blueprint\epistemic-foundry\v4_g05\surface-schema.test.mjs"/>
	<testcase name="g05_surface: the inventory hashes the files it describes" time="0.006271" classname="test" file="C:\dev\insight\Epistemic-Foundry\plugin_blueprint\epistemic-foundry\v4_g05\surface-schema.test.mjs"/>
	<testcase name="g05_surface: an agent card yields its policy and its activation phrases" time="0.003748" classname="test" file="C:\dev\insight\Epistemic-Foundry\plugin_blueprint\epistemic-foundry\v4_g05\surface-schema.test.mjs"/>
	<testcase name="g05_surface: no evolution skill declares an activation phrase" time="0.000304" classname="test" file="C:\dev\insight\Epistemic-Foundry\plugin_blueprint\epistemic-foundry\v4_g05\surface-schema.test.mjs"/>
	<testcase name="g05_surface: each skill's payload policy matches its inventory projection" time="0.000204" classname="test" file="C:\dev\insight\Epistemic-Foundry\plugin_blueprint\epistemic-foundry\v4_g05\surface-schema.test.mjs"/>
	<testcase name="g05_surface: a disclosure plan is sorted, unique and closed over dependencies" time="0.000543" classname="test" file="C:\dev\insight\Epistemic-Foundry\plugin_blueprint\epistemic-foundry\v4_g05\surface-schema.test.mjs"/>
	<testcase name="g05_surface: every budget this surface enforces is declared by the inventory" time="0.000131" classname="test" file="C:\dev\insight\Epistemic-Foundry\plugin_blueprint\epistemic-foundry\v4_g05\surface-schema.test.mjs"/>
	<testcase name="g05_surface: every finding code carries a code and a reason" time="0.000232" classname="test" file="C:\dev\insight\Epistemic-Foundry\plugin_blueprint\epistemic-foundry\v4_g05\surface-schema.test.mjs"/>
	<testcase name="g05_surface: the emitted decision validates against the canonical schema" time="0.885299" classname="test" file="C:\dev\insight\Epistemic-Foundry\plugin_blueprint\epistemic-foundry\v4_g05\surface-schema.test.mjs"/>
	<testcase name="g05_surface: the surface declaration is exactly the fields the loader requires" time="0.000274" classname="test" file="C:\dev\insight\Epistemic-Foundry\plugin_blueprint\epistemic-foundry\v4_g05\surface-schema.test.mjs"/>
	<testcase name="g05_surface: the membership rule is data, not a hard-coded skill list" time="0.000190" classname="test" file="C:\dev\insight\Epistemic-Foundry\plugin_blueprint\epistemic-foundry\v4_g05\surface-schema.test.mjs"/>
	<!-- tests 81 -->
	<!-- suites 0 -->
	<!-- pass 81 -->
	<!-- fail 0 -->
	<!-- cancelled 0 -->
	<!-- skipped 0 -->
	<!-- todo 0 -->
	<!-- duration_ms 18720.9024 -->
</testsuites>
