<?xml version="1.0" encoding="utf-8"?>
<testsuites>
	<testcase name="h05_schema: every declared host is one the sealed gateway declares" time="0.001798" classname="test" file="C:\dev\insight\Epistemic-Foundry\plugin_blueprint\epistemic-foundry\hooks\v4_h05\observability-schema.test.mjs"/>
	<testcase name="h05_schema: every declared event type is one the sealed gateway declares" time="0.000184" classname="test" file="C:\dev\insight\Epistemic-Foundry\plugin_blueprint\epistemic-foundry\hooks\v4_h05\observability-schema.test.mjs"/>
	<testcase name="h05_schema: the evolution event surface is derived from the plugin's own bundles" time="0.002505" classname="test" file="C:\dev\insight\Epistemic-Foundry\plugin_blueprint\epistemic-foundry\hooks\v4_h05\observability-schema.test.mjs"/>
	<testcase name="h05_schema: no registration observes an event type outside that surface" time="0.000178" classname="test" file="C:\dev\insight\Epistemic-Foundry\plugin_blueprint\epistemic-foundry\hooks\v4_h05\observability-schema.test.mjs"/>
	<testcase name="h05_schema: every declared coverage disposition is gateway vocabulary" time="0.000145" classname="test" file="C:\dev\insight\Epistemic-Foundry\plugin_blueprint\epistemic-foundry\hooks\v4_h05\observability-schema.test.mjs"/>
	<testcase name="h05_schema: the decision sets partition the gateway decision vocabulary" time="0.000168" classname="test" file="C:\dev\insight\Epistemic-Foundry\plugin_blueprint\epistemic-foundry\hooks\v4_h05\observability-schema.test.mjs"/>
	<testcase name="h05_schema: no registration emits a control-bearing decision" time="0.000110" classname="test" file="C:\dev\insight\Epistemic-Foundry\plugin_blueprint\epistemic-foundry\hooks\v4_h05\observability-schema.test.mjs"/>
	<testcase name="h05_schema: the holdout isolation set is derived from the sealed schema" time="0.001384" classname="test" file="C:\dev\insight\Epistemic-Foundry\plugin_blueprint\epistemic-foundry\hooks\v4_h05\observability-schema.test.mjs"/>
	<testcase name="h05_schema: every declared access flag is pinned closed by the sealed schema" time="0.003897" classname="test" file="C:\dev\insight\Epistemic-Foundry\plugin_blueprint\epistemic-foundry\hooks\v4_h05\observability-schema.test.mjs"/>
	<testcase name="h05_schema: every requested payload field is declared and none is holdout-flagged" time="0.000211" classname="test" file="C:\dev\insight\Epistemic-Foundry\plugin_blueprint\epistemic-foundry\hooks\v4_h05\observability-schema.test.mjs"/>
	<testcase name="h05_schema: the registration set declares exactly the fields the loader requires" time="0.000162" classname="test" file="C:\dev\insight\Epistemic-Foundry\plugin_blueprint\epistemic-foundry\hooks\v4_h05\observability-schema.test.mjs"/>
	<testcase name="h05_schema: the runner command prefix is derived from the bundle that uses it" time="0.001436" classname="test" file="C:\dev\insight\Epistemic-Foundry\plugin_blueprint\epistemic-foundry\hooks\v4_h05\observability-schema.test.mjs"/>
	<testcase name="h05_schema: every finding code carries a code and a reason" time="0.000208" classname="test" file="C:\dev\insight\Epistemic-Foundry\plugin_blueprint\epistemic-foundry\hooks\v4_h05\observability-schema.test.mjs"/>
	<testcase name="h05_schema: the declaring sources are exactly the files this module reads" time="0.004817" classname="test" file="C:\dev\insight\Epistemic-Foundry\plugin_blueprint\epistemic-foundry\hooks\v4_h05\observability-schema.test.mjs"/>
	<testcase name="h05_schema: the coverage report names every gateway host and event type" time="0.000420" classname="test" file="C:\dev\insight\Epistemic-Foundry\plugin_blueprint\epistemic-foundry\hooks\v4_h05\observability-schema.test.mjs"/>
	<testcase name="h05_schema: an emitted observation validates against the canonical envelope schema" time="1.066202" classname="test" file="C:\dev\insight\Epistemic-Foundry\plugin_blueprint\epistemic-foundry\hooks\v4_h05\observability-schema.test.mjs"/>
	<!-- tests 16 -->
	<!-- suites 0 -->
	<!-- pass 16 -->
	<!-- fail 0 -->
	<!-- cancelled 0 -->
	<!-- skipped 0 -->
	<!-- todo 0 -->
	<!-- duration_ms 1354.1936 -->
</testsuites>
