<?xml version="1.0" encoding="utf-8"?>
<testsuites>
	<testcase name="h05_refuse: a host the gateway does not declare is refused" time="0.033317" classname="test" file="C:\dev\insight\Epistemic-Foundry\plugin_blueprint\epistemic-foundry\hooks\v4_h05\observability-adversarial.test.mjs"/>
	<testcase name="h05_refuse: a host outside the declared observed set is refused" time="0.030018" classname="test" file="C:\dev\insight\Epistemic-Foundry\plugin_blueprint\epistemic-foundry\hooks\v4_h05\observability-adversarial.test.mjs"/>
	<testcase name="h05_refuse: an event type the gateway does not declare is refused" time="0.037460" classname="test" file="C:\dev\insight\Epistemic-Foundry\plugin_blueprint\epistemic-foundry\hooks\v4_h05\observability-adversarial.test.mjs"/>
	<testcase name="h05_refuse: observing outside the evolution event surface is refused" time="0.034990" classname="test" file="C:\dev\insight\Epistemic-Foundry\plugin_blueprint\epistemic-foundry\hooks\v4_h05\observability-adversarial.test.mjs"/>
	<testcase name="h05_refuse: a bundle registering an undeclared event type is refused" time="0.031611" classname="test" file="C:\dev\insight\Epistemic-Foundry\plugin_blueprint\epistemic-foundry\hooks\v4_h05\observability-adversarial.test.mjs"/>
	<testcase name="h05_refuse: an empty evolution event surface is refused as vacuous" time="0.030329" classname="test" file="C:\dev\insight\Epistemic-Foundry\plugin_blueprint\epistemic-foundry\hooks\v4_h05\observability-adversarial.test.mjs"/>
	<testcase name="h05_refuse: a coverage disposition outside the gateway vocabulary is refused" time="0.030329" classname="test" file="C:\dev\insight\Epistemic-Foundry\plugin_blueprint\epistemic-foundry\hooks\v4_h05\observability-adversarial.test.mjs"/>
	<testcase name="h05_refuse: a coverage rank that is not the gateway vocabulary is refused" time="0.028636" classname="test" file="C:\dev\insight\Epistemic-Foundry\plugin_blueprint\epistemic-foundry\hooks\v4_h05\observability-adversarial.test.mjs"/>
	<testcase name="h05_refuse: a registration claiming more coverage than its hosts is refused" time="0.028256" classname="test" file="C:\dev\insight\Epistemic-Foundry\plugin_blueprint\epistemic-foundry\hooks\v4_h05\observability-adversarial.test.mjs"/>
	<testcase name="h05_refuse: a registration hiding coverage it actually has is refused" time="0.026772" classname="test" file="C:\dev\insight\Epistemic-Foundry\plugin_blueprint\epistemic-foundry\hooks\v4_h05\observability-adversarial.test.mjs"/>
	<testcase name="h05_refuse: an observer emitting a control-bearing decision is refused" time="0.057482" classname="test" file="C:\dev\insight\Epistemic-Foundry\plugin_blueprint\epistemic-foundry\hooks\v4_h05\observability-adversarial.test.mjs"/>
	<testcase name="h05_refuse: reclassifying a decision as control does not smuggle it back in" time="0.032010" classname="test" file="C:\dev\insight\Epistemic-Foundry\plugin_blueprint\epistemic-foundry\hooks\v4_h05\observability-adversarial.test.mjs"/>
	<testcase name="h05_refuse: a decision the gateway does not declare is refused" time="0.032639" classname="test" file="C:\dev\insight\Epistemic-Foundry\plugin_blueprint\epistemic-foundry\hooks\v4_h05\observability-adversarial.test.mjs"/>
	<testcase name="h05_refuse: an incomplete decision partition is refused" time="0.030089" classname="test" file="C:\dev\insight\Epistemic-Foundry\plugin_blueprint\epistemic-foundry\hooks\v4_h05\observability-adversarial.test.mjs"/>
	<testcase name="h05_refuse: an overlapping decision partition is refused" time="0.032478" classname="test" file="C:\dev\insight\Epistemic-Foundry\plugin_blueprint\epistemic-foundry\hooks\v4_h05\observability-adversarial.test.mjs"/>
	<testcase name="h05_refuse: requesting a hidden holdout partition is refused" time="0.026752" classname="test" file="C:\dev\insight\Epistemic-Foundry\plugin_blueprint\epistemic-foundry\hooks\v4_h05\observability-adversarial.test.mjs"/>
	<testcase name="h05_refuse: requesting a sealed holdout access flag is refused" time="0.027998" classname="test" file="C:\dev\insight\Epistemic-Foundry\plugin_blueprint\epistemic-foundry\hooks\v4_h05\observability-adversarial.test.mjs"/>
	<testcase name="h05_refuse: requesting a field the holdout schema does not declare is refused" time="0.028540" classname="test" file="C:\dev\insight\Epistemic-Foundry\plugin_blueprint\epistemic-foundry\hooks\v4_h05\observability-adversarial.test.mjs"/>
	<testcase name="h05_refuse: a holdout schema that pins nothing closed is refused as vacuous" time="0.033601" classname="test" file="C:\dev\insight\Epistemic-Foundry\plugin_blueprint\epistemic-foundry\hooks\v4_h05\observability-adversarial.test.mjs"/>
	<testcase name="h05_refuse: two registrations sharing one identifier are refused" time="0.040606" classname="test" file="C:\dev\insight\Epistemic-Foundry\plugin_blueprint\epistemic-foundry\hooks\v4_h05\observability-adversarial.test.mjs"/>
	<testcase name="h05_refuse: two registrations claiming one host and event pair are refused" time="0.034222" classname="test" file="C:\dev\insight\Epistemic-Foundry\plugin_blueprint\epistemic-foundry\hooks\v4_h05\observability-adversarial.test.mjs"/>
	<testcase name="h05_refuse: an unsorted declaration is refused" time="0.043469" classname="test" file="C:\dev\insight\Epistemic-Foundry\plugin_blueprint\epistemic-foundry\hooks\v4_h05\observability-adversarial.test.mjs"/>
	<testcase name="h05_refuse: a repeated host entry is refused" time="0.032411" classname="test" file="C:\dev\insight\Epistemic-Foundry\plugin_blueprint\epistemic-foundry\hooks\v4_h05\observability-adversarial.test.mjs"/>
	<testcase name="h05_refuse: an unexpected field on a registration is refused" time="0.028670" classname="test" file="C:\dev\insight\Epistemic-Foundry\plugin_blueprint\epistemic-foundry\hooks\v4_h05\observability-adversarial.test.mjs"/>
	<testcase name="h05_refuse: a missing registration-set field is refused" time="0.028900" classname="test" file="C:\dev\insight\Epistemic-Foundry\plugin_blueprint\epistemic-foundry\hooks\v4_h05\observability-adversarial.test.mjs"/>
	<testcase name="h05_refuse: a non-positive hook timeout is refused" time="0.038024" classname="test" file="C:\dev\insight\Epistemic-Foundry\plugin_blueprint\epistemic-foundry\hooks\v4_h05\observability-adversarial.test.mjs"/>
	<testcase name="h05_refuse: a missing registration file is refused rather than treated as empty" time="0.031045" classname="test" file="C:\dev\insight\Epistemic-Foundry\plugin_blueprint\epistemic-foundry\hooks\v4_h05\observability-adversarial.test.mjs"/>
	<testcase name="h05_refuse: a bundle without a hooks object is refused" time="0.000295" classname="test" file="C:\dev\insight\Epistemic-Foundry\plugin_blueprint\epistemic-foundry\hooks\v4_h05\observability-adversarial.test.mjs"/>
	<testcase name="h05_refuse: an observation for an undeclared registration is refused" time="0.000392" classname="test" file="C:\dev\insight\Epistemic-Foundry\plugin_blueprint\epistemic-foundry\hooks\v4_h05\observability-adversarial.test.mjs"/>
	<testcase name="h05_refuse: an observation from a host the registration does not watch is refused" time="0.000160" classname="test" file="C:\dev\insight\Epistemic-Foundry\plugin_blueprint\epistemic-foundry\hooks\v4_h05\observability-adversarial.test.mjs"/>
	<testcase name="h05_refuse: an observation for an event the registration does not watch is refused" time="0.000146" classname="test" file="C:\dev\insight\Epistemic-Foundry\plugin_blueprint\epistemic-foundry\hooks\v4_h05\observability-adversarial.test.mjs"/>
	<testcase name="h05_refuse: an observation without a caller timestamp is refused" time="0.000131" classname="test" file="C:\dev\insight\Epistemic-Foundry\plugin_blueprint\epistemic-foundry\hooks\v4_h05\observability-adversarial.test.mjs"/>
	<testcase name="h05_refuse: an observation carrying holdout-flagged material is refused" time="0.000288" classname="test" file="C:\dev\insight\Epistemic-Foundry\plugin_blueprint\epistemic-foundry\hooks\v4_h05\observability-adversarial.test.mjs"/>
	<testcase name="h05_refuse: holdout material nested inside an observed payload is refused" time="0.000191" classname="test" file="C:\dev\insight\Epistemic-Foundry\plugin_blueprint\epistemic-foundry\hooks\v4_h05\observability-adversarial.test.mjs"/>
	<testcase name="h05_refuse: a non-object observation payload is refused" time="0.000170" classname="test" file="C:\dev\insight\Epistemic-Foundry\plugin_blueprint\epistemic-foundry\hooks\v4_h05\observability-adversarial.test.mjs"/>
	<testcase name="h05_refuse: an envelope altered after sealing is refused" time="0.003150" classname="test" file="C:\dev\insight\Epistemic-Foundry\plugin_blueprint\epistemic-foundry\hooks\v4_h05\observability-adversarial.test.mjs"/>
	<testcase name="h05_refuse: an envelope that is not the declared object is refused" time="0.000165" classname="test" file="C:\dev\insight\Epistemic-Foundry\plugin_blueprint\epistemic-foundry\hooks\v4_h05\observability-adversarial.test.mjs"/>
	<testcase name="h05_refuse: a coverage claim asserting full coverage is refused" time="0.000331" classname="test" file="C:\dev\insight\Epistemic-Foundry\plugin_blueprint\epistemic-foundry\hooks\v4_h05\observability-adversarial.test.mjs"/>
	<testcase name="h05_refuse: a coverage claim erasing an observed event type is refused" time="0.000175" classname="test" file="C:\dev\insight\Epistemic-Foundry\plugin_blueprint\epistemic-foundry\hooks\v4_h05\observability-adversarial.test.mjs"/>
	<testcase name="h05_refuse: a coverage claim omitting an unobserved pair is refused" time="0.000269" classname="test" file="C:\dev\insight\Epistemic-Foundry\plugin_blueprint\epistemic-foundry\hooks\v4_h05\observability-adversarial.test.mjs"/>
	<testcase name="h05_refuse: a coverage claim inventing an unobserved pair is refused" time="0.000213" classname="test" file="C:\dev\insight\Epistemic-Foundry\plugin_blueprint\epistemic-foundry\hooks\v4_h05\observability-adversarial.test.mjs"/>
	<testcase name="h05_refuse: a coverage claim outside the gateway vocabulary is refused" time="0.000169" classname="test" file="C:\dev\insight\Epistemic-Foundry\plugin_blueprint\epistemic-foundry\hooks\v4_h05\observability-adversarial.test.mjs"/>
	<testcase name="h05_refuse: a coverage claim that is not the declared object is refused" time="0.000110" classname="test" file="C:\dev\insight\Epistemic-Foundry\plugin_blueprint\epistemic-foundry\hooks\v4_h05\observability-adversarial.test.mjs"/>
	<testcase name="h05_contract: the registration set observes the evolution and holdout surface" time="0.001631" classname="test" file="C:\dev\insight\Epistemic-Foundry\plugin_blueprint\epistemic-foundry\hooks\v4_h05\observability-contract.test.mjs"/>
	<testcase name="h05_contract: each host and event pair has exactly one owning registration" time="0.000136" classname="test" file="C:\dev\insight\Epistemic-Foundry\plugin_blueprint\epistemic-foundry\hooks\v4_h05\observability-contract.test.mjs"/>
	<testcase name="h05_contract: an observation carries the registration's declared coverage" time="0.002360" classname="test" file="C:\dev\insight\Epistemic-Foundry\plugin_blueprint\epistemic-foundry\hooks\v4_h05\observability-contract.test.mjs"/>
	<testcase name="h05_contract: a partially covered registration stamps its envelopes PARTIAL" time="0.000473" classname="test" file="C:\dev\insight\Epistemic-Foundry\plugin_blueprint\epistemic-foundry\hooks\v4_h05\observability-contract.test.mjs"/>
	<testcase name="h05_contract: an observation never allows, blocks or rewrites the host action" time="0.000609" classname="test" file="C:\dev\insight\Epistemic-Foundry\plugin_blueprint\epistemic-foundry\hooks\v4_h05\observability-contract.test.mjs"/>
	<testcase name="h05_contract: an emitted envelope is frozen and re-derives its own hash" time="0.000574" classname="test" file="C:\dev\insight\Epistemic-Foundry\plugin_blueprint\epistemic-foundry\hooks\v4_h05\observability-contract.test.mjs"/>
	<testcase name="h05_contract: the caller's timestamp is the only clock" time="0.000915" classname="test" file="C:\dev\insight\Epistemic-Foundry\plugin_blueprint\epistemic-foundry\hooks\v4_h05\observability-contract.test.mjs"/>
	<testcase name="h05_contract: the observed payload is not mutated by observing it" time="0.001349" classname="test" file="C:\dev\insight\Epistemic-Foundry\plugin_blueprint\epistemic-foundry\hooks\v4_h05\observability-contract.test.mjs"/>
	<testcase name="h05_contract: the coverage report names an unobserved disposition, never a silence" time="0.000134" classname="test" file="C:\dev\insight\Epistemic-Foundry\plugin_blueprint\epistemic-foundry\hooks\v4_h05\observability-contract.test.mjs"/>
	<testcase name="h05_contract: every unobserved host and event pair is listed explicitly" time="0.000284" classname="test" file="C:\dev\insight\Epistemic-Foundry\plugin_blueprint\epistemic-foundry\hooks\v4_h05\observability-contract.test.mjs"/>
	<testcase name="h05_contract: a host the gateway declares but nobody observes is named" time="0.000157" classname="test" file="C:\dev\insight\Epistemic-Foundry\plugin_blueprint\epistemic-foundry\hooks\v4_h05\observability-contract.test.mjs"/>
	<testcase name="h05_contract: registration coverage is scoped, report coverage is absolute" time="0.000117" classname="test" file="C:\dev\insight\Epistemic-Foundry\plugin_blueprint\epistemic-foundry\hooks\v4_h05\observability-contract.test.mjs"/>
	<testcase name="h05_contract: an honest coverage claim is accepted" time="0.002870" classname="test" file="C:\dev\insight\Epistemic-Foundry\plugin_blueprint\epistemic-foundry\hooks\v4_h05\observability-contract.test.mjs"/>
	<testcase name="h05_contract: the projected bundle mirrors the plugin's own hook bundle shape" time="0.000333" classname="test" file="C:\dev\insight\Epistemic-Foundry\plugin_blueprint\epistemic-foundry\hooks\v4_h05\observability-contract.test.mjs"/>
	<testcase name="h05_contract: the projection is not wired into the plugin manifest, and says so" time="0.004865" classname="test" file="C:\dev\insight\Epistemic-Foundry\plugin_blueprint\epistemic-foundry\hooks\v4_h05\observability-contract.test.mjs"/>
	<testcase name="h05_contract: a payload naming no holdout-flagged field yields no flagged path" time="0.000213" classname="test" file="C:\dev\insight\Epistemic-Foundry\plugin_blueprint\epistemic-foundry\hooks\v4_h05\observability-contract.test.mjs"/>
	<testcase name="h05_contract: holdout-flagged material is found however deeply it is nested" time="0.000111" classname="test" file="C:\dev\insight\Epistemic-Foundry\plugin_blueprint\epistemic-foundry\hooks\v4_h05\observability-contract.test.mjs"/>
	<testcase name="h05_contract: the loaded surface is frozen and holds no writable state" time="0.000073" classname="test" file="C:\dev\insight\Epistemic-Foundry\plugin_blueprint\epistemic-foundry\hooks\v4_h05\observability-contract.test.mjs"/>
	<testcase name="h05_receipt: the receipt re-derives its own hash from the fields it publishes" time="0.001267" classname="test" file="C:\dev\insight\Epistemic-Foundry\plugin_blueprint\epistemic-foundry\hooks\v4_h05\observability-receipts.test.mjs"/>
	<testcase name="h05_receipt: the receipt identifier is derived from the hash" time="0.000225" classname="test" file="C:\dev\insight\Epistemic-Foundry\plugin_blueprint\epistemic-foundry\hooks\v4_h05\observability-receipts.test.mjs"/>
	<testcase name="h05_receipt: the same repository yields the same receipt" time="0.005681" classname="test" file="C:\dev\insight\Epistemic-Foundry\plugin_blueprint\epistemic-foundry\hooks\v4_h05\observability-receipts.test.mjs"/>
	<testcase name="h05_receipt: every declaring source is bound by its actual digest" time="0.001513" classname="test" file="C:\dev\insight\Epistemic-Foundry\plugin_blueprint\epistemic-foundry\hooks\v4_h05\observability-receipts.test.mjs"/>
	<testcase name="h05_receipt: a changed registration set changes the receipt" time="0.033012" classname="test" file="C:\dev\insight\Epistemic-Foundry\plugin_blueprint\epistemic-foundry\hooks\v4_h05\observability-receipts.test.mjs"/>
	<testcase name="h05_receipt: dropping a registration changes the receipt and widens the gap" time="0.040426" classname="test" file="C:\dev\insight\Epistemic-Foundry\plugin_blueprint\epistemic-foundry\hooks\v4_h05\observability-receipts.test.mjs"/>
	<testcase name="h05_receipt: the gateway vocabulary is republished, not restated" time="0.000232" classname="test" file="C:\dev\insight\Epistemic-Foundry\plugin_blueprint\epistemic-foundry\hooks\v4_h05\observability-receipts.test.mjs"/>
	<testcase name="h05_receipt: what is not observed is recorded rather than implied" time="0.000196" classname="test" file="C:\dev\insight\Epistemic-Foundry\plugin_blueprint\epistemic-foundry\hooks\v4_h05\observability-receipts.test.mjs"/>
	<testcase name="h05_receipt: no event type is published as fully covered" time="0.000194" classname="test" file="C:\dev\insight\Epistemic-Foundry\plugin_blueprint\epistemic-foundry\hooks\v4_h05\observability-receipts.test.mjs"/>
	<testcase name="h05_receipt: the holdout material observability never reads is named" time="0.000242" classname="test" file="C:\dev\insight\Epistemic-Foundry\plugin_blueprint\epistemic-foundry\hooks\v4_h05\observability-receipts.test.mjs"/>
	<testcase name="h05_receipt: the projected bundle is bound by hash and is re-derivable" time="0.000305" classname="test" file="C:\dev\insight\Epistemic-Foundry\plugin_blueprint\epistemic-foundry\hooks\v4_h05\observability-receipts.test.mjs"/>
	<testcase name="h05_receipt: the receipt records that the plugin manifest does not load it" time="0.000078" classname="test" file="C:\dev\insight\Epistemic-Foundry\plugin_blueprint\epistemic-foundry\hooks\v4_h05\observability-receipts.test.mjs"/>
	<testcase name="h05_receipt: a changed projection changes the bundle hash and the receipt" time="0.038164" classname="test" file="C:\dev\insight\Epistemic-Foundry\plugin_blueprint\epistemic-foundry\hooks\v4_h05\observability-receipts.test.mjs"/>
	<testcase name="h05_receipt: an observation envelope re-derives its own hash" time="0.003126" classname="test" file="C:\dev\insight\Epistemic-Foundry\plugin_blueprint\epistemic-foundry\hooks\v4_h05\observability-receipts.test.mjs"/>
	<testcase name="h05_receipt: the observability module holds no clock and no randomness" time="0.001006" classname="test" file="C:\dev\insight\Epistemic-Foundry\plugin_blueprint\epistemic-foundry\hooks\v4_h05\observability-receipts.test.mjs"/>
	<testcase name="h05_receipt: the receipt is canonical JSON and frozen" time="0.000765" classname="test" file="C:\dev\insight\Epistemic-Foundry\plugin_blueprint\epistemic-foundry\hooks\v4_h05\observability-receipts.test.mjs"/>
	<testcase name="h05_schema: every declared host is one the sealed gateway declares" time="0.001530" classname="test" file="C:\dev\insight\Epistemic-Foundry\plugin_blueprint\epistemic-foundry\hooks\v4_h05\observability-schema.test.mjs"/>
	<testcase name="h05_schema: every declared event type is one the sealed gateway declares" time="0.000190" classname="test" file="C:\dev\insight\Epistemic-Foundry\plugin_blueprint\epistemic-foundry\hooks\v4_h05\observability-schema.test.mjs"/>
	<testcase name="h05_schema: the evolution event surface is derived from the plugin's own bundles" time="0.001351" classname="test" file="C:\dev\insight\Epistemic-Foundry\plugin_blueprint\epistemic-foundry\hooks\v4_h05\observability-schema.test.mjs"/>
	<testcase name="h05_schema: no registration observes an event type outside that surface" time="0.000146" classname="test" file="C:\dev\insight\Epistemic-Foundry\plugin_blueprint\epistemic-foundry\hooks\v4_h05\observability-schema.test.mjs"/>
	<testcase name="h05_schema: every declared coverage disposition is gateway vocabulary" time="0.000139" classname="test" file="C:\dev\insight\Epistemic-Foundry\plugin_blueprint\epistemic-foundry\hooks\v4_h05\observability-schema.test.mjs"/>
	<testcase name="h05_schema: the decision sets partition the gateway decision vocabulary" time="0.000242" classname="test" file="C:\dev\insight\Epistemic-Foundry\plugin_blueprint\epistemic-foundry\hooks\v4_h05\observability-schema.test.mjs"/>
	<testcase name="h05_schema: no registration emits a control-bearing decision" time="0.000242" classname="test" file="C:\dev\insight\Epistemic-Foundry\plugin_blueprint\epistemic-foundry\hooks\v4_h05\observability-schema.test.mjs"/>
	<testcase name="h05_schema: the holdout isolation set is derived from the sealed schema" time="0.000411" classname="test" file="C:\dev\insight\Epistemic-Foundry\plugin_blueprint\epistemic-foundry\hooks\v4_h05\observability-schema.test.mjs"/>
	<testcase name="h05_schema: every declared access flag is pinned closed by the sealed schema" time="0.000426" classname="test" file="C:\dev\insight\Epistemic-Foundry\plugin_blueprint\epistemic-foundry\hooks\v4_h05\observability-schema.test.mjs"/>
	<testcase name="h05_schema: every requested payload field is declared and none is holdout-flagged" time="0.000235" classname="test" file="C:\dev\insight\Epistemic-Foundry\plugin_blueprint\epistemic-foundry\hooks\v4_h05\observability-schema.test.mjs"/>
	<testcase name="h05_schema: the registration set declares exactly the fields the loader requires" time="0.000174" classname="test" file="C:\dev\insight\Epistemic-Foundry\plugin_blueprint\epistemic-foundry\hooks\v4_h05\observability-schema.test.mjs"/>
	<testcase name="h05_schema: the runner command prefix is derived from the bundle that uses it" time="0.000736" classname="test" file="C:\dev\insight\Epistemic-Foundry\plugin_blueprint\epistemic-foundry\hooks\v4_h05\observability-schema.test.mjs"/>
	<testcase name="h05_schema: every finding code carries a code and a reason" time="0.000150" classname="test" file="C:\dev\insight\Epistemic-Foundry\plugin_blueprint\epistemic-foundry\hooks\v4_h05\observability-schema.test.mjs"/>
	<testcase name="h05_schema: the declaring sources are exactly the files this module reads" time="0.001850" classname="test" file="C:\dev\insight\Epistemic-Foundry\plugin_blueprint\epistemic-foundry\hooks\v4_h05\observability-schema.test.mjs"/>
	<testcase name="h05_schema: the coverage report names every gateway host and event type" time="0.000404" classname="test" file="C:\dev\insight\Epistemic-Foundry\plugin_blueprint\epistemic-foundry\hooks\v4_h05\observability-schema.test.mjs"/>
	<testcase name="h05_schema: an emitted observation validates against the canonical envelope schema" time="0.386728" classname="test" file="C:\dev\insight\Epistemic-Foundry\plugin_blueprint\epistemic-foundry\hooks\v4_h05\observability-schema.test.mjs"/>
	<!-- tests 93 -->
	<!-- suites 0 -->
	<!-- pass 93 -->
	<!-- fail 0 -->
	<!-- cancelled 0 -->
	<!-- skipped 0 -->
	<!-- todo 0 -->
	<!-- duration_ms 2235.0164 -->
</testsuites>
