<?xml version="1.0" encoding="utf-8"?>
<testsuites>
	<testcase name="h06_refuse: an enabled capability state the probe does not declare is refused" time="0.030138" classname="test" file="C:\dev\insight\Epistemic-Foundry\plugin_blueprint\epistemic-foundry\hooks\v4_h06\degraded-adversarial.test.mjs"/>
	<testcase name="h06_refuse: an enabled-state set covering the whole vocabulary is refused as vacuous" time="0.031073" classname="test" file="C:\dev\insight\Epistemic-Foundry\plugin_blueprint\epistemic-foundry\hooks\v4_h06\degraded-adversarial.test.mjs"/>
	<testcase name="h06_refuse: an operating mode the probe does not declare is refused" time="0.025859" classname="test" file="C:\dev\insight\Epistemic-Foundry\plugin_blueprint\epistemic-foundry\hooks\v4_h06\degraded-adversarial.test.mjs"/>
	<testcase name="h06_refuse: full and degraded modes that do not partition the vocabulary are refused" time="0.030899" classname="test" file="C:\dev\insight\Epistemic-Foundry\plugin_blueprint\epistemic-foundry\hooks\v4_h06\degraded-adversarial.test.mjs"/>
	<testcase name="h06_refuse: a host binding that leaves a gateway host unreached is refused" time="0.032324" classname="test" file="C:\dev\insight\Epistemic-Foundry\plugin_blueprint\epistemic-foundry\hooks\v4_h06\degraded-adversarial.test.mjs"/>
	<testcase name="h06_refuse: a missing policy file is refused rather than treated as permissive" time="0.023250" classname="test" file="C:\dev\insight\Epistemic-Foundry\plugin_blueprint\epistemic-foundry\hooks\v4_h06\degraded-adversarial.test.mjs"/>
	<testcase name="h06_refuse: a coverage rank that is not three distinct ranks is refused" time="0.031933" classname="test" file="C:\dev\insight\Epistemic-Foundry\plugin_blueprint\epistemic-foundry\hooks\v4_h06\degraded-adversarial.test.mjs"/>
	<testcase name="h06_refuse: a host report that fails probe revalidation is refused" time="0.003735" classname="test" file="C:\dev\insight\Epistemic-Foundry\plugin_blueprint\epistemic-foundry\hooks\v4_h06\degraded-adversarial.test.mjs"/>
	<testcase name="h06_refuse: a host report bound to no gateway host is refused" time="0.034352" classname="test" file="C:\dev\insight\Epistemic-Foundry\plugin_blueprint\epistemic-foundry\hooks\v4_h06\degraded-adversarial.test.mjs"/>
	<testcase name="h06_refuse: a host state whose tool paths are unsorted is refused" time="0.003422" classname="test" file="C:\dev\insight\Epistemic-Foundry\plugin_blueprint\epistemic-foundry\hooks\v4_h06\degraded-adversarial.test.mjs"/>
	<testcase name="h06_refuse: a hosted tool path outside the bounded tool set is refused" time="0.003166" classname="test" file="C:\dev\insight\Epistemic-Foundry\plugin_blueprint\epistemic-foundry\hooks\v4_h06\degraded-adversarial.test.mjs"/>
	<testcase name="h06_refuse: a host with no observation of the hook capability is refused" time="0.003034" classname="test" file="C:\dev\insight\Epistemic-Foundry\plugin_blueprint\epistemic-foundry\hooks\v4_h06\degraded-adversarial.test.mjs"/>
	<testcase name="h06_refuse: a full operating mode over a non-enabled capability is refused" time="0.003117" classname="test" file="C:\dev\insight\Epistemic-Foundry\plugin_blueprint\epistemic-foundry\hooks\v4_h06\degraded-adversarial.test.mjs"/>
	<testcase name="h06_refuse: a hosted tool declared bypassing yet reported observed is refused" time="0.003337" classname="test" file="C:\dev\insight\Epistemic-Foundry\plugin_blueprint\epistemic-foundry\hooks\v4_h06\degraded-adversarial.test.mjs"/>
	<testcase name="h06_refuse: a disabled hosted tool that names no bypassed path is refused" time="0.002730" classname="test" file="C:\dev\insight\Epistemic-Foundry\plugin_blueprint\epistemic-foundry\hooks\v4_h06\degraded-adversarial.test.mjs"/>
	<testcase name="h06_refuse: two host states binding one gateway host are refused" time="0.003285" classname="test" file="C:\dev\insight\Epistemic-Foundry\plugin_blueprint\epistemic-foundry\hooks\v4_h06\degraded-adversarial.test.mjs"/>
	<testcase name="h06_refuse: an observed gateway host with no declared host state is refused" time="0.002910" classname="test" file="C:\dev\insight\Epistemic-Foundry\plugin_blueprint\epistemic-foundry\hooks\v4_h06\degraded-adversarial.test.mjs"/>
	<testcase name="h06_refuse: host states that are not an array are refused" time="0.002047" classname="test" file="C:\dev\insight\Epistemic-Foundry\plugin_blueprint\epistemic-foundry\hooks\v4_h06\degraded-adversarial.test.mjs"/>
	<testcase name="h06_refuse: presenting the full-coverage report while hooks are off is refused" time="0.000360" classname="test" file="C:\dev\insight\Epistemic-Foundry\plugin_blueprint\epistemic-foundry\hooks\v4_h06\degraded-adversarial.test.mjs"/>
	<testcase name="h06_refuse: a claim that understates observation the enabled set has is refused" time="0.000156" classname="test" file="C:\dev\insight\Epistemic-Foundry\plugin_blueprint\epistemic-foundry\hooks\v4_h06\degraded-adversarial.test.mjs"/>
	<testcase name="h06_refuse: a claim outside the gateway coverage vocabulary is refused" time="0.000295" classname="test" file="C:\dev\insight\Epistemic-Foundry\plugin_blueprint\epistemic-foundry\hooks\v4_h06\degraded-adversarial.test.mjs"/>
	<testcase name="h06_refuse: a coverage claim that is not the declared object is refused" time="0.000262" classname="test" file="C:\dev\insight\Epistemic-Foundry\plugin_blueprint\epistemic-foundry\hooks\v4_h06\degraded-adversarial.test.mjs"/>
	<testcase name="h06_refuse: a step claiming provenance for a hosted-tool bypass is refused" time="0.000368" classname="test" file="C:\dev\insight\Epistemic-Foundry\plugin_blueprint\epistemic-foundry\hooks\v4_h06\degraded-adversarial.test.mjs"/>
	<testcase name="h06_refuse: a step claiming provenance on a hook-disabled host is refused" time="0.000148" classname="test" file="C:\dev\insight\Epistemic-Foundry\plugin_blueprint\epistemic-foundry\hooks\v4_h06\degraded-adversarial.test.mjs"/>
	<testcase name="h06_refuse: a step naming a host the gateway does not declare is refused" time="0.000118" classname="test" file="C:\dev\insight\Epistemic-Foundry\plugin_blueprint\epistemic-foundry\hooks\v4_h06\degraded-adversarial.test.mjs"/>
	<testcase name="h06_refuse: a step naming an event type the gateway does not declare is refused" time="0.000114" classname="test" file="C:\dev\insight\Epistemic-Foundry\plugin_blueprint\epistemic-foundry\hooks\v4_h06\degraded-adversarial.test.mjs"/>
	<testcase name="h06_refuse: a step claiming coverage outside the gateway vocabulary is refused" time="0.000103" classname="test" file="C:\dev\insight\Epistemic-Foundry\plugin_blueprint\epistemic-foundry\hooks\v4_h06\degraded-adversarial.test.mjs"/>
	<testcase name="h06_refuse: a step naming a tool path its host does not declare is refused" time="0.000102" classname="test" file="C:\dev\insight\Epistemic-Foundry\plugin_blueprint\epistemic-foundry\hooks\v4_h06\degraded-adversarial.test.mjs"/>
	<testcase name="h06_refuse: a workflow step that is not the declared object is refused" time="0.000137" classname="test" file="C:\dev\insight\Epistemic-Foundry\plugin_blueprint\epistemic-foundry\hooks\v4_h06\degraded-adversarial.test.mjs"/>
	<testcase name="h06_refuse: a receipt that does not re-derive its own hash is refused" time="0.007930" classname="test" file="C:\dev\insight\Epistemic-Foundry\plugin_blueprint\epistemic-foundry\hooks\v4_h06\degraded-adversarial.test.mjs"/>
	<testcase name="h06_refuse: a prior receipt issued under a different policy is refused" time="0.011815" classname="test" file="C:\dev\insight\Epistemic-Foundry\plugin_blueprint\epistemic-foundry\hooks\v4_h06\degraded-adversarial.test.mjs"/>
	<testcase name="h06_refuse: re-enabling a host without re-registration evidence is refused" time="0.014290" classname="test" file="C:\dev\insight\Epistemic-Foundry\plugin_blueprint\epistemic-foundry\hooks\v4_h06\degraded-adversarial.test.mjs"/>
	<testcase name="h06_refuse: a recovery for a host the prior receipt never disabled is refused" time="0.009774" classname="test" file="C:\dev\insight\Epistemic-Foundry\plugin_blueprint\epistemic-foundry\hooks\v4_h06\degraded-adversarial.test.mjs"/>
	<testcase name="h06_refuse: a recovery whose host still reports hooks disabled is refused" time="0.007436" classname="test" file="C:\dev\insight\Epistemic-Foundry\plugin_blueprint\epistemic-foundry\hooks\v4_h06\degraded-adversarial.test.mjs"/>
	<testcase name="h06_refuse: a recovery re-presenting the disabled host report is refused" time="0.006919" classname="test" file="C:\dev\insight\Epistemic-Foundry\plugin_blueprint\epistemic-foundry\hooks\v4_h06\degraded-adversarial.test.mjs"/>
	<testcase name="h06_refuse: re-registration evidence outside the approved trust set is refused" time="0.008748" classname="test" file="C:\dev\insight\Epistemic-Foundry\plugin_blueprint\epistemic-foundry\hooks\v4_h06\degraded-adversarial.test.mjs"/>
	<testcase name="h06_refuse: re-registration evidence binding a different hook bundle is refused" time="0.008374" classname="test" file="C:\dev\insight\Epistemic-Foundry\plugin_blueprint\epistemic-foundry\hooks\v4_h06\degraded-adversarial.test.mjs"/>
	<testcase name="h06_refuse: the coverage order is derived, and a two-rank observability is refused" time="0.044495" classname="test" file="C:\dev\insight\Epistemic-Foundry\plugin_blueprint\epistemic-foundry\hooks\v4_h06\degraded-adversarial.test.mjs"/>
	<testcase name="h06_contract: a fully enabled host set reproduces the H05 coverage exactly" time="0.001779" classname="test" file="C:\dev\insight\Epistemic-Foundry\plugin_blueprint\epistemic-foundry\hooks\v4_h06\degraded-contract.test.mjs"/>
	<testcase name="h06_contract: a hook-disabled host withdraws exactly the pairs it observed" time="0.000273" classname="test" file="C:\dev\insight\Epistemic-Foundry\plugin_blueprint\epistemic-foundry\hooks\v4_h06\degraded-contract.test.mjs"/>
	<testcase name="h06_contract: every withdrawn pair is named in not_observed, never implied" time="0.000218" classname="test" file="C:\dev\insight\Epistemic-Foundry\plugin_blueprint\epistemic-foundry\hooks\v4_h06\degraded-contract.test.mjs"/>
	<testcase name="h06_contract: the degraded report never ranks above the H05 report" time="0.000337" classname="test" file="C:\dev\insight\Epistemic-Foundry\plugin_blueprint\epistemic-foundry\hooks\v4_h06\degraded-contract.test.mjs"/>
	<testcase name="h06_contract: disabling every observing host empties the observed set" time="0.004617" classname="test" file="C:\dev\insight\Epistemic-Foundry\plugin_blueprint\epistemic-foundry\hooks\v4_h06\degraded-contract.test.mjs"/>
	<testcase name="h06_contract: an honest degraded claim is accepted" time="0.001092" classname="test" file="C:\dev\insight\Epistemic-Foundry\plugin_blueprint\epistemic-foundry\hooks\v4_h06\degraded-contract.test.mjs"/>
	<testcase name="h06_contract: a hook-disabled host marks every declared tool path unverified" time="0.000269" classname="test" file="C:\dev\insight\Epistemic-Foundry\plugin_blueprint\epistemic-foundry\hooks\v4_h06\degraded-contract.test.mjs"/>
	<testcase name="h06_contract: hosted-tool bypass names the bypassed action and only it" time="0.000155" classname="test" file="C:\dev\insight\Epistemic-Foundry\plugin_blueprint\epistemic-foundry\hooks\v4_h06\degraded-contract.test.mjs"/>
	<testcase name="h06_contract: hosted-tool bypass withdraws no observability claim" time="0.000669" classname="test" file="C:\dev\insight\Epistemic-Foundry\plugin_blueprint\epistemic-foundry\hooks\v4_h06\degraded-contract.test.mjs"/>
	<testcase name="h06_contract: a step on an enabled local path is hook-verified" time="0.000800" classname="test" file="C:\dev\insight\Epistemic-Foundry\plugin_blueprint\epistemic-foundry\hooks\v4_h06\degraded-contract.test.mjs"/>
	<testcase name="h06_contract: a step that claims nothing is accepted and carries its reasons" time="0.000458" classname="test" file="C:\dev\insight\Epistemic-Foundry\plugin_blueprint\epistemic-foundry\hooks\v4_h06\degraded-contract.test.mjs"/>
	<testcase name="h06_contract: a step on a hook-disabled host is never hook-verified" time="0.000616" classname="test" file="C:\dev\insight\Epistemic-Foundry\plugin_blueprint\epistemic-foundry\hooks\v4_h06\degraded-contract.test.mjs"/>
	<testcase name="h06_contract: a step with no tool path is judged on coverage alone" time="0.000212" classname="test" file="C:\dev\insight\Epistemic-Foundry\plugin_blueprint\epistemic-foundry\hooks\v4_h06\degraded-contract.test.mjs"/>
	<testcase name="h06_contract: recovery restores the withdrawn pairs and records its evidence" time="0.011450" classname="test" file="C:\dev\insight\Epistemic-Foundry\plugin_blueprint\epistemic-foundry\hooks\v4_h06\degraded-contract.test.mjs"/>
	<testcase name="h06_contract: the recovery record binds the re-registered bundle to the new report" time="0.008954" classname="test" file="C:\dev\insight\Epistemic-Foundry\plugin_blueprint\epistemic-foundry\hooks\v4_h06\degraded-contract.test.mjs"/>
	<testcase name="h06_contract: a gate opened without a prior receipt claims no recovery" time="0.000134" classname="test" file="C:\dev\insight\Epistemic-Foundry\plugin_blueprint\epistemic-foundry\hooks\v4_h06\degraded-contract.test.mjs"/>
	<testcase name="h06_contract: the gate and its reports are frozen and hold no writable state" time="0.000161" classname="test" file="C:\dev\insight\Epistemic-Foundry\plugin_blueprint\epistemic-foundry\hooks\v4_h06\degraded-contract.test.mjs"/>
	<testcase name="h06_contract: judging a step does not change the gate or its report" time="0.012917" classname="test" file="C:\dev\insight\Epistemic-Foundry\plugin_blueprint\epistemic-foundry\hooks\v4_h06\degraded-contract.test.mjs"/>
	<testcase name="h06_contract: the H05 surface it degrades is read, never rewritten" time="0.000141" classname="test" file="C:\dev\insight\Epistemic-Foundry\plugin_blueprint\epistemic-foundry\hooks\v4_h06\degraded-contract.test.mjs"/>
	<testcase name="h06_receipt: the receipt re-derives its own hash from the fields it publishes" time="0.001263" classname="test" file="C:\dev\insight\Epistemic-Foundry\plugin_blueprint\epistemic-foundry\hooks\v4_h06\degraded-receipts.test.mjs"/>
	<testcase name="h06_receipt: the receipt identifier is derived from the hash" time="0.000228" classname="test" file="C:\dev\insight\Epistemic-Foundry\plugin_blueprint\epistemic-foundry\hooks\v4_h06\degraded-receipts.test.mjs"/>
	<testcase name="h06_receipt: the same host states over the same repository yield the same receipt" time="0.011711" classname="test" file="C:\dev\insight\Epistemic-Foundry\plugin_blueprint\epistemic-foundry\hooks\v4_h06\degraded-receipts.test.mjs"/>
	<testcase name="h06_receipt: every declaring source is bound by its actual digest" time="0.002229" classname="test" file="C:\dev\insight\Epistemic-Foundry\plugin_blueprint\epistemic-foundry\hooks\v4_h06\degraded-receipts.test.mjs"/>
	<testcase name="h06_receipt: the H05 observability receipt it degrades is bound by hash, not restated" time="0.004613" classname="test" file="C:\dev\insight\Epistemic-Foundry\plugin_blueprint\epistemic-foundry\hooks\v4_h06\degraded-receipts.test.mjs"/>
	<testcase name="h06_receipt: what was withdrawn is recorded rather than implied" time="0.000233" classname="test" file="C:\dev\insight\Epistemic-Foundry\plugin_blueprint\epistemic-foundry\hooks\v4_h06\degraded-receipts.test.mjs"/>
	<testcase name="h06_receipt: the unverified actions are named with their host, path and reasons" time="0.000166" classname="test" file="C:\dev\insight\Epistemic-Foundry\plugin_blueprint\epistemic-foundry\hooks\v4_h06\degraded-receipts.test.mjs"/>
	<testcase name="h06_receipt: the host states record the exact report they were derived from" time="0.000149" classname="test" file="C:\dev\insight\Epistemic-Foundry\plugin_blueprint\epistemic-foundry\hooks\v4_h06\degraded-receipts.test.mjs"/>
	<testcase name="h06_receipt: the capability and gateway vocabularies are republished, not restated" time="0.000148" classname="test" file="C:\dev\insight\Epistemic-Foundry\plugin_blueprint\epistemic-foundry\hooks\v4_h06\degraded-receipts.test.mjs"/>
	<testcase name="h06_receipt: the degraded coverage never ranks above the full coverage it publishes" time="0.000242" classname="test" file="C:\dev\insight\Epistemic-Foundry\plugin_blueprint\epistemic-foundry\hooks\v4_h06\degraded-receipts.test.mjs"/>
	<testcase name="h06_receipt: a changed policy version changes the receipt" time="0.052158" classname="test" file="C:\dev\insight\Epistemic-Foundry\plugin_blueprint\epistemic-foundry\hooks\v4_h06\degraded-receipts.test.mjs"/>
	<testcase name="h06_receipt: a changed observability surface changes the receipt" time="0.039374" classname="test" file="C:\dev\insight\Epistemic-Foundry\plugin_blueprint\epistemic-foundry\hooks\v4_h06\degraded-receipts.test.mjs"/>
	<testcase name="h06_receipt: a different host report changes the receipt" time="0.008383" classname="test" file="C:\dev\insight\Epistemic-Foundry\plugin_blueprint\epistemic-foundry\hooks\v4_h06\degraded-receipts.test.mjs"/>
	<testcase name="h06_receipt: an enabled host set reproduces the full coverage and withdraws nothing" time="0.004908" classname="test" file="C:\dev\insight\Epistemic-Foundry\plugin_blueprint\epistemic-foundry\hooks\v4_h06\degraded-receipts.test.mjs"/>
	<testcase name="h06_receipt: hosted-tool bypass records the unverified action without withdrawing coverage" time="0.003962" classname="test" file="C:\dev\insight\Epistemic-Foundry\plugin_blueprint\epistemic-foundry\hooks\v4_h06\degraded-receipts.test.mjs"/>
	<testcase name="h06_receipt: a recovery receipt records the evidence that re-enabled the host" time="0.011922" classname="test" file="C:\dev\insight\Epistemic-Foundry\plugin_blueprint\epistemic-foundry\hooks\v4_h06\degraded-receipts.test.mjs"/>
	<testcase name="h06_receipt: a prior receipt re-validates and re-derives its own hash" time="0.000634" classname="test" file="C:\dev\insight\Epistemic-Foundry\plugin_blueprint\epistemic-foundry\hooks\v4_h06\degraded-receipts.test.mjs"/>
	<testcase name="h06_receipt: the degraded report and receipt agree on what is observed and withdrawn" time="0.000177" classname="test" file="C:\dev\insight\Epistemic-Foundry\plugin_blueprint\epistemic-foundry\hooks\v4_h06\degraded-receipts.test.mjs"/>
	<testcase name="h06_receipt: the gate module holds no clock and no randomness" time="0.000355" classname="test" file="C:\dev\insight\Epistemic-Foundry\plugin_blueprint\epistemic-foundry\hooks\v4_h06\degraded-receipts.test.mjs"/>
	<testcase name="h06_receipt: the receipt is canonical JSON and deeply frozen" time="0.000582" classname="test" file="C:\dev\insight\Epistemic-Foundry\plugin_blueprint\epistemic-foundry\hooks\v4_h06\degraded-receipts.test.mjs"/>
	<testcase name="h06_schema: every enabled capability state is one the sealed probe declares" time="0.000843" classname="test" file="C:\dev\insight\Epistemic-Foundry\plugin_blueprint\epistemic-foundry\hooks\v4_h06\degraded-schema.test.mjs"/>
	<testcase name="h06_schema: the full and degraded modes partition the sealed probe vocabulary" time="0.000569" classname="test" file="C:\dev\insight\Epistemic-Foundry\plugin_blueprint\epistemic-foundry\hooks\v4_h06\degraded-schema.test.mjs"/>
	<testcase name="h06_schema: every host binding targets a host the sealed gateway declares" time="0.000104" classname="test" file="C:\dev\insight\Epistemic-Foundry\plugin_blueprint\epistemic-foundry\hooks\v4_h06\degraded-schema.test.mjs"/>
	<testcase name="h06_schema: the coverage order is derived from the H05 rank, not restated" time="0.000470" classname="test" file="C:\dev\insight\Epistemic-Foundry\plugin_blueprint\epistemic-foundry\hooks\v4_h06\degraded-schema.test.mjs"/>
	<testcase name="h06_schema: the policy declares exactly the fields the loader requires" time="0.000171" classname="test" file="C:\dev\insight\Epistemic-Foundry\plugin_blueprint\epistemic-foundry\hooks\v4_h06\degraded-schema.test.mjs"/>
	<testcase name="h06_schema: the capability names the policy binds are the ones host reports carry" time="0.000127" classname="test" file="C:\dev\insight\Epistemic-Foundry\plugin_blueprint\epistemic-foundry\hooks\v4_h06\degraded-schema.test.mjs"/>
	<testcase name="h06_schema: every finding code carries a code and a reason" time="0.000145" classname="test" file="C:\dev\insight\Epistemic-Foundry\plugin_blueprint\epistemic-foundry\hooks\v4_h06\degraded-schema.test.mjs"/>
	<testcase name="h06_schema: every unverified reason carries a code and a reason" time="0.000133" classname="test" file="C:\dev\insight\Epistemic-Foundry\plugin_blueprint\epistemic-foundry\hooks\v4_h06\degraded-schema.test.mjs"/>
	<testcase name="h06_schema: the declaring sources are H05's plus this package's policy" time="0.002197" classname="test" file="C:\dev\insight\Epistemic-Foundry\plugin_blueprint\epistemic-foundry\hooks\v4_h06\degraded-schema.test.mjs"/>
	<testcase name="h06_schema: the degraded report names every gateway host and event type" time="0.000589" classname="test" file="C:\dev\insight\Epistemic-Foundry\plugin_blueprint\epistemic-foundry\hooks\v4_h06\degraded-schema.test.mjs"/>
	<testcase name="h06_schema: every gateway host the registrations observe declares a host state" time="0.000121" classname="test" file="C:\dev\insight\Epistemic-Foundry\plugin_blueprint\epistemic-foundry\hooks\v4_h06\degraded-schema.test.mjs"/>
	<testcase name="h06_schema: an unverified action names its host, path and reasons" time="0.004331" classname="test" file="C:\dev\insight\Epistemic-Foundry\plugin_blueprint\epistemic-foundry\hooks\v4_h06\degraded-schema.test.mjs"/>
	<testcase name="h06_schema: a judged workflow step declares exactly the fields the gate publishes" time="0.000540" classname="test" file="C:\dev\insight\Epistemic-Foundry\plugin_blueprint\epistemic-foundry\hooks\v4_h06\degraded-schema.test.mjs"/>
	<testcase name="h06_schema: the degraded report reports only gateway coverage dispositions" time="0.000764" classname="test" file="C:\dev\insight\Epistemic-Foundry\plugin_blueprint\epistemic-foundry\hooks\v4_h06\degraded-schema.test.mjs"/>
	<!-- tests 91 -->
	<!-- suites 0 -->
	<!-- pass 91 -->
	<!-- fail 0 -->
	<!-- cancelled 0 -->
	<!-- skipped 0 -->
	<!-- todo 0 -->
	<!-- duration_ms 1256.7721 -->
</testsuites>
