<?xml version="1.0" encoding="utf-8"?>
<testsuites>
	<testcase name="semantic_replay_report: distinct run and event identities are semantic, never strict exact" time="0.001969" classname="test" file="C:\dev\insight\Epistemic-Foundry\tests\replay\effects\semantic-replay.test.mjs"/>
	<testcase name="semantic_replay_report: model pin drift remains visible across equivalent outcomes" time="0.288512" classname="test" file="C:\dev\insight\Epistemic-Foundry\tests\replay\effects\semantic-replay.test.mjs"/>
	<testcase name="semantic_replay_report: multiple changed pins are classified without erasure" time="0.000521" classname="test" file="C:\dev\insight\Epistemic-Foundry\tests\replay\effects\semantic-replay.test.mjs"/>
	<testcase name="semantic_replay_report: gate and verdict changes are explicit semantic DRIFT" time="0.401911" classname="test" file="C:\dev\insight\Epistemic-Foundry\tests\replay\effects\semantic-replay.test.mjs"/>
	<testcase name="semantic_replay_report: changed semantic state is DRIFT even when gates and verdicts match" time="0.000650" classname="test" file="C:\dev\insight\Epistemic-Foundry\tests\replay\effects\semantic-replay.test.mjs"/>
	<testcase name="semantic_replay_report: missing required pins make the runs NOT_COMPARABLE" time="0.000385" classname="test" file="C:\dev\insight\Epistemic-Foundry\tests\replay\effects\semantic-replay.test.mjs"/>
	<testcase name="semantic_replay_report: report hash excludes itself and rejects mutation or placeholders" time="0.001007" classname="test" file="C:\dev\insight\Epistemic-Foundry\tests\replay\effects\semantic-replay.test.mjs"/>
	<testcase name="semantic_replay_report: floating or malformed pins are rejected before comparison" time="0.000270" classname="test" file="C:\dev\insight\Epistemic-Foundry\tests\replay\effects\semantic-replay.test.mjs"/>
	<testcase name="semantic_replay_report: strict identity cannot be empty or detached from replay state" time="0.000610" classname="test" file="C:\dev\insight\Epistemic-Foundry\tests\replay\effects\semantic-replay.test.mjs"/>
	<testcase name="semantic_replay_report: canonical hashing rejects accessors and invalid Unicode without execution" time="0.000399" classname="test" file="C:\dev\insight\Epistemic-Foundry\tests\replay\effects\semantic-replay.test.mjs"/>
	<!-- tests 10 -->
	<!-- suites 0 -->
	<!-- pass 10 -->
	<!-- fail 0 -->
	<!-- cancelled 0 -->
	<!-- skipped 0 -->
	<!-- todo 0 -->
	<!-- duration_ms 823.9911 -->
</testsuites>
