<?xml version="1.0" encoding="utf-8"?>
<testsuites>
	<testcase name="checkpoint_resume_test: sealing proves replay rather than asserting it" time="0.010778" classname="test" file="C:\dev\insight\Epistemic-Foundry\packages\foundry-kernel\src\workflows\runtime\checkpoint-resume.test.mjs"/>
	<testcase name="checkpoint_resume_test: sealing is deterministic and hash-bound" time="0.006079" classname="test" file="C:\dev\insight\Epistemic-Foundry\packages\foundry-kernel\src\workflows\runtime\checkpoint-resume.test.mjs"/>
	<testcase name="checkpoint_resume_test: run and plan identity are enforced when sealing" time="0.002225" classname="test" file="C:\dev\insight\Epistemic-Foundry\packages\foundry-kernel\src\workflows\runtime\checkpoint-resume.test.mjs"/>
	<testcase name="checkpoint_resume_test: resume rebuilds the exact sealed state" time="0.006078" classname="test" file="C:\dev\insight\Epistemic-Foundry\packages\foundry-kernel\src\workflows\runtime\checkpoint-resume.test.mjs"/>
	<testcase name="checkpoint_resume_test: the resumed scheduler continues the run" time="0.006000" classname="test" file="C:\dev\insight\Epistemic-Foundry\packages\foundry-kernel\src\workflows\runtime\checkpoint-resume.test.mjs"/>
	<testcase name="checkpoint_resume_test: resume requires an approved independent review" time="0.003102" classname="test" file="C:\dev\insight\Epistemic-Foundry\packages\foundry-kernel\src\workflows\runtime\checkpoint-resume.test.mjs"/>
	<testcase name="checkpoint_resume_test: a divergent or truncated command log cannot resume" time="0.003325" classname="test" file="C:\dev\insight\Epistemic-Foundry\packages\foundry-kernel\src\workflows\runtime\checkpoint-resume.test.mjs"/>
	<testcase name="checkpoint_resume_test: an unverified checkpoint cannot resume" time="0.003085" classname="test" file="C:\dev\insight\Epistemic-Foundry\packages\foundry-kernel\src\workflows\runtime\checkpoint-resume.test.mjs"/>
	<testcase name="checkpoint_resume_test: pause preserves in-flight work without admitting more" time="0.002394" classname="test" file="C:\dev\insight\Epistemic-Foundry\packages\foundry-kernel\src\workflows\runtime\checkpoint-resume.test.mjs"/>
	<testcase name="cancellation_test: a run with no pending effect cancels cleanly" time="0.002402" classname="test" file="C:\dev\insight\Epistemic-Foundry\packages\foundry-kernel\src\workflows\runtime\cancellation.test.mjs"/>
	<testcase name="cancellation_test: an in-flight effect without a receipt is not a clean stop" time="0.004699" classname="test" file="C:\dev\insight\Epistemic-Foundry\packages\foundry-kernel\src\workflows\runtime\cancellation.test.mjs"/>
	<testcase name="cancellation_test: terminal receipts reconcile the pending effects" time="0.002414" classname="test" file="C:\dev\insight\Epistemic-Foundry\packages\foundry-kernel\src\workflows\runtime\cancellation.test.mjs"/>
	<testcase name="cancellation_test: an UNKNOWN receipt stays unresolved" time="0.002517" classname="test" file="C:\dev\insight\Epistemic-Foundry\packages\foundry-kernel\src\workflows\runtime\cancellation.test.mjs"/>
	<testcase name="cancellation_test: partial reconciliation stays partial" time="0.008650" classname="test" file="C:\dev\insight\Epistemic-Foundry\packages\foundry-kernel\src\workflows\runtime\cancellation.test.mjs"/>
	<testcase name="cancellation_test: foreign, duplicate, and malformed receipts fail closed" time="0.004857" classname="test" file="C:\dev\insight\Epistemic-Foundry\packages\foundry-kernel\src\workflows\runtime\cancellation.test.mjs"/>
	<testcase name="cancellation_test: cancellation seals a replay-verified checkpoint" time="0.004123" classname="test" file="C:\dev\insight\Epistemic-Foundry\packages\foundry-kernel\src\workflows\runtime\cancellation.test.mjs"/>
	<testcase name="cancellation_test: cancellation does not mutate the scheduler" time="0.002937" classname="test" file="C:\dev\insight\Epistemic-Foundry\packages\foundry-kernel\src\workflows\runtime\cancellation.test.mjs"/>
	<testcase name="cancellation_test: cancellation is deterministic" time="0.004586" classname="test" file="C:\dev\insight\Epistemic-Foundry\packages\foundry-kernel\src\workflows\runtime\cancellation.test.mjs"/>
	<testcase name="checkpoint_resume_test: sealing proves replay rather than asserting it" time="0.011539" classname="test" file="C:\dev\insight\Epistemic-Foundry\packages\foundry-kernel\src\workflows\runtime\checkpoint-resume.test.mjs"/>
	<testcase name="checkpoint_resume_test: sealing is deterministic and hash-bound" time="0.006673" classname="test" file="C:\dev\insight\Epistemic-Foundry\packages\foundry-kernel\src\workflows\runtime\checkpoint-resume.test.mjs"/>
	<testcase name="checkpoint_resume_test: run and plan identity are enforced when sealing" time="0.002252" classname="test" file="C:\dev\insight\Epistemic-Foundry\packages\foundry-kernel\src\workflows\runtime\checkpoint-resume.test.mjs"/>
	<testcase name="checkpoint_resume_test: resume rebuilds the exact sealed state" time="0.005148" classname="test" file="C:\dev\insight\Epistemic-Foundry\packages\foundry-kernel\src\workflows\runtime\checkpoint-resume.test.mjs"/>
	<testcase name="checkpoint_resume_test: the resumed scheduler continues the run" time="0.007579" classname="test" file="C:\dev\insight\Epistemic-Foundry\packages\foundry-kernel\src\workflows\runtime\checkpoint-resume.test.mjs"/>
	<testcase name="checkpoint_resume_test: resume requires an approved independent review" time="0.003669" classname="test" file="C:\dev\insight\Epistemic-Foundry\packages\foundry-kernel\src\workflows\runtime\checkpoint-resume.test.mjs"/>
	<testcase name="checkpoint_resume_test: a divergent or truncated command log cannot resume" time="0.003271" classname="test" file="C:\dev\insight\Epistemic-Foundry\packages\foundry-kernel\src\workflows\runtime\checkpoint-resume.test.mjs"/>
	<testcase name="checkpoint_resume_test: an unverified checkpoint cannot resume" time="0.002372" classname="test" file="C:\dev\insight\Epistemic-Foundry\packages\foundry-kernel\src\workflows\runtime\checkpoint-resume.test.mjs"/>
	<testcase name="checkpoint_resume_test: pause preserves in-flight work without admitting more" time="0.002418" classname="test" file="C:\dev\insight\Epistemic-Foundry\packages\foundry-kernel\src\workflows\runtime\checkpoint-resume.test.mjs"/>
	<!-- tests 27 -->
	<!-- suites 0 -->
	<!-- pass 27 -->
	<!-- fail 0 -->
	<!-- cancelled 0 -->
	<!-- skipped 0 -->
	<!-- todo 0 -->
	<!-- duration_ms 318.3386 -->
</testsuites>
