<?xml version="1.0" encoding="utf-8"?>
<testsuites>
	<testcase name="fencing_test: newer overlapping lease makes the old fencing token stale" time="0.183704" classname="test" file="C:\dev\insight\Epistemic-Foundry\packages\foundry-kernel\src\capabilities\fencing.test.mjs"/>
	<testcase name="fencing_test: replacing one scope invalidates the whole multi-scope lease" time="0.109148" classname="test" file="C:\dev\insight\Epistemic-Foundry\packages\foundry-kernel\src\capabilities\fencing.test.mjs"/>
	<testcase name="fencing_test: failed callback rolls back result, lease-use, and event outbox" time="0.108905" classname="test" file="C:\dev\insight\Epistemic-Foundry\packages\foundry-kernel\src\capabilities\fencing.test.mjs"/>
	<testcase name="fencing_test: operation retry is idempotent and does not rerun callback" time="0.103229" classname="test" file="C:\dev\insight\Epistemic-Foundry\packages\foundry-kernel\src\capabilities\fencing.test.mjs"/>
	<testcase name="fencing_test: approval role is server-derived and client assertion is rejected" time="0.315263" classname="test" file="C:\dev\insight\Epistemic-Foundry\packages\foundry-kernel\src\capabilities\fencing.test.mjs"/>
	<testcase name="fencing_test: exact approval retry returns its immutable result after expiry" time="0.061688" classname="test" file="C:\dev\insight\Epistemic-Foundry\packages\foundry-kernel\src\capabilities\fencing.test.mjs"/>
	<testcase name="fencing_test: self-approval is a non-waivable denial" time="0.021813" classname="test" file="C:\dev\insight\Epistemic-Foundry\packages\foundry-kernel\src\capabilities\fencing.test.mjs"/>
	<testcase name="fencing_test: promotion commit lease fails without approval and passes with exact approval" time="0.178527" classname="test" file="C:\dev\insight\Epistemic-Foundry\packages\foundry-kernel\src\capabilities\fencing.test.mjs"/>
	<testcase name="fencing_test: candidate/model/backend policy cannot grant privileged authority" time="0.000450" classname="test" file="C:\dev\insight\Epistemic-Foundry\packages\foundry-kernel\src\capabilities\fencing.test.mjs"/>
	<testcase name="fencing_test: forged lease fields or hash cannot reach the mutation callback" time="0.059959" classname="test" file="C:\dev\insight\Epistemic-Foundry\packages\foundry-kernel\src\capabilities\fencing.test.mjs"/>
	<testcase name="fencing_test: callback cannot access authority-private scope-head state" time="0.122588" classname="test" file="C:\dev\insight\Epistemic-Foundry\packages\foundry-kernel\src\capabilities\fencing.test.mjs"/>
	<testcase name="fencing_test: async callback is denied and its pre-await mutation rolls back" time="0.073355" classname="test" file="C:\dev\insight\Epistemic-Foundry\packages\foundry-kernel\src\capabilities\fencing.test.mjs"/>
	<testcase name="fencing_test: lease use and revocation are bound to the sealed run" time="0.066240" classname="test" file="C:\dev\insight\Epistemic-Foundry\packages\foundry-kernel\src\capabilities\fencing.test.mjs"/>
	<testcase name="fencing_test: approval authority role without approval:issue capability is denied" time="0.022717" classname="test" file="C:\dev\insight\Epistemic-Foundry\packages\foundry-kernel\src\capabilities\fencing.test.mjs"/>
	<testcase name="fencing_test: later REVOKE head invalidates an earlier APPROVE-bound lease" time="0.242896" classname="test" file="C:\dev\insight\Epistemic-Foundry\packages\foundry-kernel\src\capabilities\fencing.test.mjs"/>
	<testcase name="fencing_test: approval head rejects clock regression and rolls back the proposed record" time="0.065979" classname="test" file="C:\dev\insight\Epistemic-Foundry\packages\foundry-kernel\src\capabilities\fencing.test.mjs"/>
	<testcase name="fencing_test: approval head rejects distinct decisions at the same instant" time="0.068053" classname="test" file="C:\dev\insight\Epistemic-Foundry\packages\foundry-kernel\src\capabilities\fencing.test.mjs"/>
	<testcase name="fencing_test: committed state survives E01 outage and reconciles exactly once" time="0.089033" classname="test" file="C:\dev\insight\Epistemic-Foundry\packages\foundry-kernel\src\capabilities\fencing.test.mjs"/>
	<testcase name="fencing_test: same PolicyBundle hash with a different capability projection is rejected" time="0.073886" classname="test" file="C:\dev\insight\Epistemic-Foundry\packages\foundry-kernel\src\capabilities\fencing.test.mjs"/>
	<testcase name="lease_expiry_test: issued leases are canonical, scoped, expiring, and schema-valid" time="0.585468" classname="test" file="C:\dev\insight\Epistemic-Foundry\packages\foundry-kernel\src\capabilities\lease-expiry.test.mjs"/>
	<testcase name="lease_expiry_test: active lease checks and result persistence share one transaction" time="0.130241" classname="test" file="C:\dev\insight\Epistemic-Foundry\packages\foundry-kernel\src\capabilities\lease-expiry.test.mjs"/>
	<testcase name="lease_expiry_test: expiry boundary rejects commit without invoking or persisting callback" time="0.130761" classname="test" file="C:\dev\insight\Epistemic-Foundry\packages\foundry-kernel\src\capabilities\lease-expiry.test.mjs"/>
	<testcase name="lease_expiry_test: a clock before issued_at rejects a not-yet-valid lease" time="0.084645" classname="test" file="C:\dev\insight\Epistemic-Foundry\packages\foundry-kernel\src\capabilities\lease-expiry.test.mjs"/>
	<testcase name="lease_expiry_test: issue rejects zero or negative lifetime before state mutation" time="0.026780" classname="test" file="C:\dev\insight\Epistemic-Foundry\packages\foundry-kernel\src\capabilities\lease-expiry.test.mjs"/>
	<testcase name="lease_expiry_test: policy changes invalidate an otherwise unexpired lease" time="0.077381" classname="test" file="C:\dev\insight\Epistemic-Foundry\packages\foundry-kernel\src\capabilities\lease-expiry.test.mjs"/>
	<testcase name="lease_expiry_test: revocation is explicit and prevents later commits" time="0.143029" classname="test" file="C:\dev\insight\Epistemic-Foundry\packages\foundry-kernel\src\capabilities\lease-expiry.test.mjs"/>
	<testcase name="lease_expiry_test: exact lease issuance retry returns the first logical lease" time="0.084936" classname="test" file="C:\dev\insight\Epistemic-Foundry\packages\foundry-kernel\src\capabilities\lease-expiry.test.mjs"/>
	<testcase name="lease_expiry_test: expiry after callback rolls back the protected mutation" time="0.073687" classname="test" file="C:\dev\insight\Epistemic-Foundry\packages\foundry-kernel\src\capabilities\lease-expiry.test.mjs"/>
	<testcase name="lease_expiry_test: authority clock regression during commit fails closed" time="0.068626" classname="test" file="C:\dev\insight\Epistemic-Foundry\packages\foundry-kernel\src\capabilities\lease-expiry.test.mjs"/>
	<testcase name="lease_expiry_test: lease issuance is bound to declared subject run and scope" time="0.023735" classname="test" file="C:\dev\insight\Epistemic-Foundry\packages\foundry-kernel\src\capabilities\lease-expiry.test.mjs"/>
	<!-- tests 30 -->
	<!-- suites 0 -->
	<!-- pass 30 -->
	<!-- fail 0 -->
	<!-- cancelled 0 -->
	<!-- skipped 0 -->
	<!-- todo 0 -->
	<!-- duration_ms 3625.3617 -->
</testsuites>
